<html>
<body>
<pre>
<h1>µVision Build Log</h1>
<h2>Tool Versions:</h2>
IDE-Version: µVision V5.25.2.0
Copyright (C) 2018 ARM Ltd and ARM Germany GmbH. All rights reserved.
License Information: Peter Foy, Arrow, LIC=KIVHL-J69MA-PLSH6-WJ1TT-EABNQ-K6D07
 
Tool Versions:
Toolchain:       MDK-ARM Professional  Version: 5.25.2.0
Toolchain Path:  C:\Keil_v5\ARM\ARMCC\Bin
C Compiler:      Armcc.exe V5.06 update 6 (build 750)
Assembler:       Armasm.exe V5.06 update 6 (build 750)
Linker/Locator:  ArmLink.exe V5.06 update 6 (build 750)
Library Manager: ArmAr.exe V5.06 update 6 (build 750)
Hex Converter:   FromElf.exe V5.06 update 6 (build 750)
CPU DLL:         
Dialog DLL:      DCM.DLL V1.17.1.0
Target DLL:      Segger\JL2CM3.dll V2.99.29.0
Dialog DLL:      TCM.DLL V1.35.1.0
 
<h2>Project:</h2>
C:\mbed-cli\workspace\giant_gecko\mbed-os-gg11-Si7201\mbed-os-gg11-Si7201.uvprojx
Project File Date:  02/01/2019

<h2>Output:</h2>
*** Using Compiler 'V5.06 update 6 (build 750)', folder: 'C:\Keil_v5\ARM\ARMCC\Bin'
Build target 'mbed-os-gg11-Si7201'
compiling ac_stream.c...
compiling ac_buffer_builder.c...
compiling ac_buffer.c...
compiling ac_buffer_reader.c...
compiling 6lowpan_iphc.c...
compiling aes.c...
compiling adaptation_interface.c...
mbed-os\features\nanostack\sal-stack-nanostack\source\6LoWPAN\adaptation_interface.c(640): warning:  #236-D: controlling expression is constant
mbed-os\features\nanostack\sal-stack-nanostack\source\6LoWPAN\adaptation_interface.c(652): warning:  #236-D: controlling expression is constant
mbed-os\features\nanostack\sal-stack-nanostack\source\6LoWPAN\adaptation_interface.c(1174): warning:  #236-D: controlling expression is constant
mbed-os\features\nanostack\sal-stack-nanostack\source\6LoWPAN\adaptation_interface.c: 3 warnings, 0 errors
compiling aes_aes.c...
compiling aes_mbedtls_adapter.c...
compiling aesni.c...
compiling address.c...
compiling AnalogIn.cpp...
compiling analogout_api.c...
mbed-os\targets\TARGET_Silicon_Labs\TARGET_EFM32\TARGET_EFM32GG11\TARGET_EFM32GG11_STK3701\PinNames.h(33): warning:  #66-D: enumeration value is out of "int" range
mbed-os\targets\TARGET_Silicon_Labs\TARGET_EFM32\analogout_api.c: 1 warning, 0 errors
compiling aria.c...
compiling analogin_api.c...
mbed-os\targets\TARGET_Silicon_Labs\TARGET_EFM32\TARGET_EFM32GG11\TARGET_EFM32GG11_STK3701\PinNames.h(33): warning:  #66-D: enumeration value is out of "int" range
mbed-os\targets\TARGET_Silicon_Labs\TARGET_EFM32\analogin_api.c: 1 warning, 0 errors
compiling arc4.c...
compiling arm_hal_interrupt.c...
compiling arm_hal_random.c...
compiling arm_hal_fhss_timer.cpp...
compiling asn1parse.c...
compiling asn1write.c...
compiling arm_hal_timer.cpp...
compiling at24mac.cpp...
compiling AT_CellularBase.cpp...
compiling AT_CellularPower.cpp...
compiling AT_CellularInformation.cpp...
compiling AT_CellularContext.cpp...
compiling AT_CellularDevice.cpp...
compiling AT_CellularNetwork.cpp...
compiling AT_CellularSIM.cpp...
compiling AT_CellularStack.cpp...
compiling AT_CellularSMS.cpp...
compiling beacon_handler.c...
compiling blacklist.c...
compiling ATCmdParser.cpp...
compiling base64.c...
compiling buffer_dyn.c...
compiling BufferedBlockDevice.cpp...
compiling blowfish.c...
compiling bignum.c...
compiling ATHandler.cpp...
compiling burtc.c...
mbed-os\targets\TARGET_Silicon_Labs\TARGET_EFM32\TARGET_EFM32GG11\TARGET_EFM32GG11_STK3701\PinNames.h(33): warning:  #66-D: enumeration value is out of "int" range
mbed-os\targets\TARGET_Silicon_Labs\TARGET_EFM32\burtc.c(106): warning:  #1-D: last line of file ends without a newline
mbed-os\targets\TARGET_Silicon_Labs\TARGET_EFM32\burtc.c: 2 warnings, 0 errors
compiling BusOut.cpp...
compiling BusIn.cpp...
compiling border_router.c...
compiling CallChain.cpp...
compiling BusInOut.cpp...
compiling camellia.c...
compiling CellularLog.cpp...
compiling ccm_security.c...
compiling CallbackHandler.cpp...
mbed-os\features\nanostack\nanostack-interface\Nanostack.h(278): warning:  #1300-D: call_in inherits implicit virtual
mbed-os\features\nanostack\mbed-mesh-api\source\CallbackHandler.cpp: 1 warning, 0 errors
compiling CellularUtil.cpp...
compiling CAN.cpp...
compiling ccm.c...
compiling ChainingBlockDevice.cpp...
compiling certs.c...
compiling channel_list.c...
compiling CellularContext.cpp...
compiling chachapoly.c...
compiling CellularDevice.cpp...
compiling cmsis_os1.c...
compiling chacha20.c...
compiling CellularStateMachine.cpp...
compiling cipv6_fragmenter.c...
compiling coap_message_handler.c...
compiling cipher.c...
compiling cipher_wrap.c...
compiling common_functions.c...
compiling cmac.c...
compiling coap_service_api.c...
compiling coap_connection_handler.c...
compiling coap_security_handler.c...
compiling crc_api.c...
mbed-os\targets\TARGET_Silicon_Labs\TARGET_EFM32\TARGET_EFM32GG11\TARGET_EFM32GG11_STK3701\PinNames.h(33): warning:  #66-D: enumeration value is out of "int" range
mbed-os\hal\crc_api.h(37): warning:  #66-D: enumeration value is out of "int" range
mbed-os\targets\TARGET_Silicon_Labs\TARGET_EFM32\crc_api.c: 2 warnings, 0 errors
compiling crypto_ecp.c...
mbed-os\features\mbedtls\targets\TARGET_Silicon_Labs\crypto_management.h(128): warning:  #1-D: last line of file ends without a newline
mbed-os\features\mbedtls\targets\TARGET_Silicon_Labs\crypto_ecp.c(1478): warning:  #223-D: function "mbedtls_internal_ecp_normalize_jac" declared implicitly
mbed-os\features\mbedtls\targets\TARGET_Silicon_Labs\crypto_ecp.c: 2 warnings, 0 errors
compiling crypto_aes.c...
mbed-os\features\mbedtls\targets\TARGET_Silicon_Labs\crypto_management.h(128): warning:  #1-D: last line of file ends without a newline
mbed-os\features\mbedtls\targets\TARGET_Silicon_Labs\crypto_aes.c(58): warning:  #191-D: type qualifier is meaningless on cast type
mbed-os\features\mbedtls\targets\TARGET_Silicon_Labs\crypto_aes.c(75): warning:  #191-D: type qualifier is meaningless on cast type
mbed-os\features\mbedtls\targets\TARGET_Silicon_Labs\crypto_aes.c: 3 warnings, 0 errors
compiling ConditionVariable.cpp...
compiling cs_nvm.c...
compiling crypto_management.c...
mbed-os\features\mbedtls\targets\TARGET_Silicon_Labs\crypto_management.h(128): warning:  #1-D: last line of file ends without a newline
mbed-os\features\mbedtls\targets\TARGET_Silicon_Labs\crypto_management.c: 1 warning, 0 errors
compiling DeviceKey.cpp...
compiling dhcpv6_client_service.c...
compiling dhcp_service_api.c...
compiling crypto_sha.c...
mbed-os\features\mbedtls\targets\TARGET_Silicon_Labs\crypto_management.h(128): warning:  #1-D: last line of file ends without a newline
mbed-os\features\mbedtls\targets\TARGET_Silicon_Labs\crypto_sha.c: 1 warning, 0 errors
compiling des.c...
compiling debug.c...
compiling ctr_drbg.c...
compiling DHCPv6_Server_service.c...
compiling CThunkBase.cpp...
compiling dhm.c...
compiling dma_api.c...
compiling ecdh.c...
compiling Dir.cpp...
compiling DirectAccessDevicekey.cpp...
compiling eap_protocol.c...
compiling DTLSSocketWrapper.cpp...
compiling ecdsa.c...
compiling ecjpake.c...
compiling DTLSSocket.cpp...
compiling em_assert.c...
compiling ecp.c...
mbed-os\features\mbedtls\src\ecp.c(994): warning:  #223-D: function "mbedtls_internal_ecp_normalize_jac" declared implicitly
mbed-os\features\mbedtls\src\ecp.c(1047): warning:  #223-D: function "mbedtls_internal_ecp_normalize_jac_many" declared implicitly
mbed-os\features\mbedtls\src\ecp.c(1171): warning:  #223-D: function "mbedtls_internal_ecp_double_jac" declared implicitly
mbed-os\features\mbedtls\src\ecp.c(1267): warning:  #223-D: function "mbedtls_internal_ecp_add_mixed" declared implicitly
mbed-os\features\mbedtls\src\ecp.c(1352): warning:  #223-D: function "mbedtls_internal_ecp_randomize_jac" declared implicitly
mbed-os\features\mbedtls\src\ecp.c(2239): warning:  #1293-D: assignment in condition
mbed-os\features\mbedtls\src\ecp.c(2425): warning:  #1293-D: assignment in condition
mbed-os\features\mbedtls\src\ecp.c: 7 warnings, 0 errors
compiling ecp_curves.c...
compiling em_aes.c...
compiling em_acmp.c...
compiling em_adc.c...
compiling em_burtc.c...
compiling em_can.c...
mbed-os\targets\TARGET_Silicon_Labs\TARGET_EFM32\emlib\src\em_can.c(432): warning:  #61-D: integer operation result is out of range
mbed-os\targets\TARGET_Silicon_Labs\TARGET_EFM32\emlib\src\em_can.c(446): warning:  #61-D: integer operation result is out of range
mbed-os\targets\TARGET_Silicon_Labs\TARGET_EFM32\emlib\src\em_can.c(452): warning:  #61-D: integer operation result is out of range
mbed-os\targets\TARGET_Silicon_Labs\TARGET_EFM32\emlib\src\em_can.c(603): warning:  #61-D: integer operation result is out of range
mbed-os\targets\TARGET_Silicon_Labs\TARGET_EFM32\emlib\src\em_can.c(629): warning:  #61-D: integer operation result is out of range
mbed-os\targets\TARGET_Silicon_Labs\TARGET_EFM32\emlib\src\em_can.c(634): warning:  #61-D: integer operation result is out of range
mbed-os\targets\TARGET_Silicon_Labs\TARGET_EFM32\emlib\src\em_can.c: 6 warnings, 0 errors
compiling em_cmu.c...
compiling em_core.c...
compiling em_dac.c...
compiling em_cryotimer.c...
compiling em_dbg.c...
compiling em_csen.c...
compiling em_crypto.c...
compiling em_dma.c...
compiling em_gpcrc.c...
compiling em_ebi.c...
compiling em_gpio.c...
compiling em_lcd.c...
compiling em_idac.c...
compiling em_i2c.c...
compiling em_emu.c...
compiling em_ldma.c...
compiling em_mpu.c...
compiling em_letimer.c...
compiling em_leuart.c...
compiling em_opamp.c...
compiling em_lesense.c...
compiling em_msc.c...
compiling em_pcnt.c...
compiling em_prs.c...
compiling em_rmu.c...
compiling em_rtcc.c...
compiling em_rtc.c...
compiling em_qspi.c...
compiling em_usart.c...
compiling em_timer.c...
compiling em_system.c...
compiling em_vcmp.c...
compiling em_vdac.c...
compiling entropy_poll.c...
compiling em_wdog.c...
compiling entropy.c...
compiling equeue.c...
compiling EMACMemoryManager.cpp...
compiling EMACInterface.cpp...
compiling equeue_posix.c...
compiling equeue_mbed.cpp...
compiling ethernet_mac_api.c...
compiling ethernet_tasklet.c...
compiling error.c...
compiling event.c...
compiling Ethernet.cpp...
compiling etx.c...
assembling except.S...
compiling ESP8266.cpp...
compiling ExhaustibleBlockDevice.cpp...
compiling ffunicode.cpp...
compiling ESP8266Interface.cpp...
compiling EventFlags.cpp...
compiling fhss_channel.c...
compiling EventQueue.cpp...
compiling fhss.c...
compiling ff.cpp...
mbed-os\features\storage\filesystem\fat\ChaN\ff.cpp(1660): warning:  #1293-D: assignment in condition
mbed-os\features\storage\filesystem\fat\ChaN\ff.cpp(5586): warning:  #1293-D: assignment in condition
mbed-os\features\storage\filesystem\fat\ChaN\ff.cpp: 2 warnings, 0 errors
compiling EthernetInterface.cpp...
compiling fhss_common.c...
compiling fhss_configuration_interface.c...
compiling fhss_statistics.c...
compiling fhss_ws_empty_functions.c...
compiling FATFileSystem.cpp...
compiling FilePath.cpp...
compiling FileBase.cpp...
compiling FileHandle.cpp...
compiling FileSystemHandle.cpp...
compiling FlashSimBlockDevice.cpp...
compiling fnet_poll.c...
compiling File.cpp...
compiling FileSystem.cpp...
compiling fnv_hash.c...
compiling FileSystemStore.cpp...
compiling fnet_stdlib.c...
compiling fnet_mdns.c...
mbed-os\features\nanostack\sal-stack-nanostack\source\Service_Libs\mdns\fnet\fnet_stack\services\mdns\fnet_mdns.c(987): warning:  #1293-D: assignment in condition
mbed-os\features\nanostack\sal-stack-nanostack\source\Service_Libs\mdns\fnet\fnet_stack\services\mdns\fnet_mdns.c(988): warning:  #1293-D: assignment in condition
mbed-os\features\nanostack\sal-stack-nanostack\source\Service_Libs\mdns\fnet\fnet_stack\services\mdns\fnet_mdns.c: 2 warnings, 0 errors
compiling flash_api.c...
mbed-os\targets\TARGET_Silicon_Labs\TARGET_EFM32\TARGET_EFM32GG11\TARGET_EFM32GG11_STK3701\PinNames.h(33): warning:  #66-D: enumeration value is out of "int" range
mbed-os\targets\TARGET_Silicon_Labs\TARGET_EFM32\flash_api.c: 1 warning, 0 errors
compiling FlashIAP.cpp...
compiling gcm.c...
compiling GEMALTO_CINTERION.cpp...
compiling GEMALTO_CINTERION_CellularNetwork.cpp...
compiling gpio_api.c...
mbed-os\targets\TARGET_Silicon_Labs\TARGET_EFM32\TARGET_EFM32GG11\TARGET_EFM32GG11_STK3701\PinNames.h(33): warning:  #66-D: enumeration value is out of "int" range
mbed-os\targets\TARGET_Silicon_Labs\TARGET_EFM32\gpio_api.c: 1 warning, 0 errors
compiling GEMALTO_CINTERION_CellularContext.cpp...
compiling gpio_irq_api.c...
mbed-os\targets\TARGET_Silicon_Labs\TARGET_EFM32\TARGET_EFM32GG11\TARGET_EFM32GG11_STK3701\PinNames.h(33): warning:  #66-D: enumeration value is out of "int" range
mbed-os\targets\TARGET_Silicon_Labs\TARGET_EFM32\gpio_irq_api.c(80): warning:  #188-D: enumerated type mixed with another type
mbed-os\targets\TARGET_Silicon_Labs\TARGET_EFM32\gpio_irq_api.c: 2 warnings, 0 errors
compiling GEMALTO_CINTERION_CellularStack.cpp...
compiling HeapBlockDevice.cpp...
compiling greentea_metrics.cpp...
compiling greentea_serial.cpp...
compiling hkdf.c...
compiling havege.c...
compiling hash_wrappers.c...
compiling icmpv6_prefix.c...
compiling greentea_test_env.cpp...
compiling hmac_drbg.c...
compiling icmpv6_radv.c...
compiling I2C.cpp...
compiling i2c_api.c...
mbed-os\targets\TARGET_Silicon_Labs\TARGET_EFM32\TARGET_EFM32GG11\TARGET_EFM32GG11_STK3701\PinNames.h(33): warning:  #66-D: enumeration value is out of "int" range
mbed-os\targets\TARGET_Silicon_Labs\TARGET_EFM32\i2c_api.c: 1 warning, 0 errors
compiling ip6tos.c...
compiling ip4tos.c...
compiling icmpv6.c...
mbed-os\features\nanostack\sal-stack-nanostack\source\Common_Protocols\icmpv6.c(1007): warning:  #236-D: controlling expression is constant
mbed-os\features\nanostack\sal-stack-nanostack\source\Common_Protocols\icmpv6.c: 1 warning, 0 errors
compiling ip_fsc.c...
compiling I2CSlave.cpp...
compiling ipv6_flow.c...
compiling InterruptManager.cpp...
compiling iphc_decompress.c...
compiling iphc_compress.c...
compiling InternetSocket.cpp...
compiling ipv6.c...
compiling ipv6_fragmentation.c...
compiling InterruptIn.cpp...
compiling ipv6_resolution.c...
assembling irq_cm4f.S...
compiling itm_api.c...
compiling isqrt.c...
compiling Kernel.cpp...
compiling ipv6_routing_table.c...
compiling iso7816_app.c...
compiling isodep_target.c...
compiling iso7816.c...
mbed-os\features\nfc\stack\tech\iso7816\iso7816.c(250): warning:  #111-D: statement is unreachable
mbed-os\features\nfc\stack\tech\iso7816\iso7816.c(258): warning:  #111-D: statement is unreachable
mbed-os\features\nfc\stack\tech\iso7816\iso7816.c: 2 warnings, 0 errors
compiling lfs_util.c...
mbed-os\features\storage\filesystem\littlefs\littlefs\lfs_util.c(28): warning:  #1-D: last line of file ends without a newline
mbed-os\features\storage\filesystem\littlefs\littlefs\lfs_util.c: 1 warning, 0 errors
compiling libDHCPv6.c...
compiling libDHCPv6_server.c...
compiling lfs.c...
mbed-os\features\storage\filesystem\littlefs\littlefs\lfs.c(2112): warning:  #546-D: transfer of control bypasses initialization of:
            variable "superblock"  (declared at line 2131)
            variable "valid"  (declared at line 2148)
mbed-os\features\storage\filesystem\littlefs\littlefs\lfs.c(2119): warning:  #546-D: transfer of control bypasses initialization of:
            variable "superblock"  (declared at line 2131)
            variable "valid"  (declared at line 2148)
mbed-os\features\storage\filesystem\littlefs\littlefs\lfs.c(2124): warning:  #546-D: transfer of control bypasses initialization of:
            variable "superblock"  (declared at line 2131)
            variable "valid"  (declared at line 2148)
mbed-os\features\storage\filesystem\littlefs\littlefs\lfs.c(2196): warning:  #546-D: transfer of control bypasses initialization of:
            variable "major_version"  (declared at line 2217)
            variable "minor_version"  (declared at line 2218)
mbed-os\features\storage\filesystem\littlefs\littlefs\lfs.c(2204): warning:  #546-D: transfer of control bypasses initialization of:
            variable "major_version"  (declared at line 2217)
            variable "minor_version"  (declared at line 2218)
mbed-os\features\storage\filesystem\littlefs\littlefs\lfs.c(2214): warning:  #546-D: transfer of control bypasses initialization of:
            variable "major_version"  (declared at line 2217)
            variable "minor_version"  (declared at line 2218)
mbed-os\features\storage\filesystem\littlefs\littlefs\lfs.c: 6 warnings, 0 errors
compiling load_balance.c...
compiling KVMap.cpp...
compiling kvstore_global_api.cpp...
compiling LocalFileSystem.cpp...
compiling kv_config.cpp...
mbed-os\features\storage\kvstore\conf\kv_config.cpp(701): warning:  #185-D: dynamic initialization in unreachable code
mbed-os\features\storage\kvstore\conf\kv_config.cpp(786): warning:  #185-D: dynamic initialization in unreachable code
mbed-os\features\storage\kvstore\conf\kv_config.cpp(884): warning:  #185-D: dynamic initialization in unreachable code
mbed-os\features\storage\kvstore\conf\kv_config.cpp(1075): warning:  #111-D: statement is unreachable
mbed-os\features\storage\kvstore\conf\kv_config.cpp: 4 warnings, 0 errors
compiling LoRaMacChannelPlan.cpp...
compiling LittleFileSystem.cpp...
mbed-os\drivers\MbedCRC.h(513): warning:  #111-D: statement is unreachable
          detected during:
            instantiation of "void mbed::MbedCRC<polynomial, width>::mbed_crc_ctor() [with polynomial=3988292384U, width=(std::uint8_t)' ']"  at line 132
            instantiation of "mbed::MbedCRC<polynomial, width>::MbedCRC(std::uint32_t, std::uint32_t, bool, bool) [with polynomial=3988292384U, width=(std::uint8_t)' ']"  at line 28 of "mbed-os\features\storage\filesystem\littlefs\LittleFileSystem.cpp"
mbed-os\features\storage\filesystem\littlefs\LittleFileSystem.cpp: 1 warning, 0 errors
compiling LoRaMac.cpp...
compiling LoRaMacCommand.cpp...
compiling LoRaMacCrypto.cpp...
compiling LoRaPHYAS923.cpp...
compiling LoRaPHY.cpp...
compiling LoRaPHYAU915.cpp...
compiling LoRaPHYCN470.cpp...
compiling LoRaPHYCN779.cpp...
compiling LoRaPHYEU433.cpp...
compiling LoRaPHYEU868.cpp...
compiling LoRaPHYIN865.cpp...
compiling lowpan_context.c...
compiling LoRaPHYUS915.cpp...
compiling LoRaPHYKR920.cpp...
compiling LoRaWANTimer.cpp...
compiling LoRaWANInterface.cpp...
compiling LoRaWANStack.cpp...
mbed-os\features\lorawan\LoRaWANStack.cpp(816): warning:  #111-D: statement is unreachable
mbed-os\features\lorawan\LoRaWANStack.cpp: 1 warning, 0 errors
compiling lp_ticker.c...
mbed-os\targets\TARGET_Silicon_Labs\TARGET_EFM32\TARGET_EFM32GG11\TARGET_EFM32GG11_STK3701\PinNames.h(33): warning:  #66-D: enumeration value is out of "int" range
mbed-os\targets\TARGET_Silicon_Labs\TARGET_EFM32\lp_ticker.c: 1 warning, 0 errors
compiling lwip_arc4.c...
compiling LowPowerTickerWrapper.cpp...
compiling lwip_auth.c...
compiling LoWPANNDInterface.cpp...
mbed-os\features\nanostack\nanostack-interface\Nanostack.h(278): warning:  #1300-D: call_in inherits implicit virtual
mbed-os\features\nanostack\mbed-mesh-api\source\LoWPANNDInterface.cpp: 1 warning, 0 errors
compiling lwip_checksum.c...
compiling lwip_api_msg.c...
compiling lwip_api_lib.c...
compiling lwip_autoip.c...
compiling lwip_chap-md5.c...
compiling lwip_ccp.c...
compiling lwip_chap-new.c...
compiling lwip_chap_ms.c...
compiling lwip_def.c...
compiling lwip_des.c...
compiling lwip_demand.c...
compiling lwip_eap.c...
compiling lwip_ecp.c...
compiling lwip_dhcp.c...
compiling lwip_dhcp6.c...
compiling lwip_dns.c...
compiling lwip_err.c...
compiling lwip_ethernetif.c...
compiling lwip_etharp.c...
compiling lwip_ethernet.c...
compiling lwip_ethip6.c...
compiling lwip_fsm.c...
compiling lwip_eui64.c...
compiling lwip_icmp6.c...
compiling lwip_icmp.c...
compiling lwip_inet_chksum.c...
compiling lwip_inet6.c...
compiling lwip_igmp.c...
compiling lwip_ip.c...
compiling lwip_init.c...
compiling lwip_ip4_addr.c...
compiling lwip_ip4.c...
compiling lwip_ip6.c...
compiling lwip_ip4_frag.c...
compiling lwip_ip6_frag.c...
compiling lwip_ip6_addr.c...
compiling lwip_ipcp.c...
compiling lwip_lcp.c...
compiling lwip_memcpy.c...
compiling lwip_ipv6cp.c...
compiling lwip_lowpan6.c...
compiling lwip_magic.c...
compiling lwip_md4.c...
compiling lwip_md5.c...
compiling lwip_mem.c...
compiling lwip_multilink.c...
compiling lwip_mld6.c...
compiling lwip_mppe.c...
compiling lwip_memp.c...
compiling lwip_nd6.c...
compiling lwip_netdb.c...
compiling lwip_netbuf.c...
compiling lwip_pppapi.c...
compiling lwip_netifapi.c...
compiling lwip_netif.c...
compiling lwip_ppp.c...
compiling lwip_pppcrypt.c...
compiling lwip_pbuf.c...
compiling lwip_pppol2tp.c...
compiling lwip_random.c...
compiling lwip_pppoe.c...
compiling lwip_sha1.c...
compiling lwip_pppos.c...
compiling lwip_raw.c...
compiling lwip_stats.c...
compiling lwip_sockets.c...
compiling lwip_sys.c...
compiling lwip_tcp.c...
compiling lwip_sys_arch.c...
mbed-os\targets\TARGET_Silicon_Labs\TARGET_EFM32\TARGET_EFM32GG11\TARGET_EFM32GG11_STK3701\PinNames.h(33): warning:  #66-D: enumeration value is out of "int" range
mbed-os\features\lwipstack\lwip-sys\arch\lwip_sys_arch.c: 1 warning, 0 errors
compiling lwip_tcp_in.c...
compiling lwip_tcp_out.c...
compiling lwip_tcp_isn.c...
compiling lwip_tcpip.c...
compiling lwip_timeouts.c...
compiling lwip_upap.c...
compiling lwip_vj.c...
compiling lwip_udp.c...
compiling lwip_utils.c...
compiling mac_filter.c...
compiling mac_fhss_callbacks.c...
compiling mac_data_poll.c...
compiling lwip_tools.cpp...
compiling mac_ie_lib.c...
compiling mac_header_helper_functions.c...
compiling LWIPInterface.cpp...
compiling mac_indirect_data.c...
compiling mac_helper.c...
compiling mac_neighbor_table.c...
compiling LWIPMemoryManager.cpp...
compiling mac_mlme.c...
compiling mac_pairwise_key.c...
compiling mac_mcps_sap.c...
compiling LWIPInterfaceEMAC.cpp...
compiling mac_pd_sap.c...
compiling mac_timer.c...
compiling mac_security_mib.c...
compiling mbed_assert.c...
compiling mac_response_handler.c...
compiling LWIPStack.cpp...
compiling mbed_alloc_wrappers.cpp...
compiling mbed_critical_section_api.c...
compiling mbed_application.c...
mbed-os\targets\TARGET_Silicon_Labs\TARGET_EFM32\TARGET_EFM32GG11\TARGET_EFM32GG11_STK3701\PinNames.h(33): warning:  #66-D: enumeration value is out of "int" range
mbed-os\platform\mbed_application.c: 1 warning, 0 errors
compiling mbed_boot_arm_std.c...
compiling mbed-utest-shim.cpp...
compiling mbed_critical.c...
compiling mbed_board.c...
mbed-os\targets\TARGET_Silicon_Labs\TARGET_EFM32\TARGET_EFM32GG11\TARGET_EFM32GG11_STK3701\PinNames.h(33): warning:  #66-D: enumeration value is out of "int" range
mbed-os\platform\mbed_board.c(67): warning:  #223-D: function "memcpy" declared implicitly
mbed-os\platform\mbed_board.c(88): warning:  #223-D: function "strlen" declared implicitly
mbed-os\platform\mbed_board.c: 3 warnings, 0 errors
compiling mbed_boot.c...
mbed-os\targets\TARGET_Silicon_Labs\TARGET_EFM32\TARGET_EFM32GG11\TARGET_EFM32GG11_STK3701\PinNames.h(33): warning:  #66-D: enumeration value is out of "int" range
mbed-os\rtos\TARGET_CORTEX\mbed_boot.c: 1 warning, 0 errors
compiling mbed_itm_api.c...
compiling mbed_flash_api.c...
mbed-os\targets\TARGET_Silicon_Labs\TARGET_EFM32\TARGET_EFM32GG11\TARGET_EFM32GG11_STK3701\PinNames.h(33): warning:  #66-D: enumeration value is out of "int" range
mbed-os\hal\mbed_flash_api.c: 1 warning, 0 errors
compiling mbed_error.c...
mbed-os\targets\TARGET_Silicon_Labs\TARGET_EFM32\TARGET_EFM32GG11\TARGET_EFM32GG11_STK3701\PinNames.h(33): warning:  #66-D: enumeration value is out of "int" range
mbed-os\platform\mbed_error.c(70): warning:  #177-D: function "compute_crc32"  was declared but never referenced
mbed-os\platform\mbed_error.c: 2 warnings, 0 errors
compiling mbed_error_hist.c...
mbed-os\targets\TARGET_Silicon_Labs\TARGET_EFM32\TARGET_EFM32GG11\TARGET_EFM32GG11_STK3701\PinNames.h(33): warning:  #66-D: enumeration value is out of "int" range
mbed-os\platform\mbed_error_hist.c: 1 warning, 0 errors
compiling mbed_fault_handler.c...
mbed-os\targets\TARGET_Silicon_Labs\TARGET_EFM32\TARGET_EFM32GG11\TARGET_EFM32GG11_STK3701\PinNames.h(33): warning:  #66-D: enumeration value is out of "int" range
mbed-os\cmsis\TARGET_CORTEX_M\mbed_fault_handler.c: 1 warning, 0 errors
compiling mbed_gpio.c...
mbed-os\targets\TARGET_Silicon_Labs\TARGET_EFM32\TARGET_EFM32GG11\TARGET_EFM32GG11_STK3701\PinNames.h(33): warning:  #66-D: enumeration value is out of "int" range
mbed-os\hal\mbed_gpio.c: 1 warning, 0 errors
compiling mbed_mktime.c...
compiling mbed_interface.c...
mbed-os\targets\TARGET_Silicon_Labs\TARGET_EFM32\TARGET_EFM32GG11\TARGET_EFM32GG11_STK3701\PinNames.h(33): warning:  #66-D: enumeration value is out of "int" range
mbed-os\platform\mbed_interface.c: 1 warning, 0 errors
compiling mbed_lp_ticker_api.c...
mbed-os\targets\TARGET_Silicon_Labs\TARGET_EFM32\TARGET_EFM32GG11\TARGET_EFM32GG11_STK3701\PinNames.h(33): warning:  #66-D: enumeration value is out of "int" range
mbed-os\hal\mbed_lp_ticker_api.c: 1 warning, 0 errors
compiling mbed_lp_ticker_wrapper.cpp...
compiling mbed_pinmap_common.c...
mbed-os\targets\TARGET_Silicon_Labs\TARGET_EFM32\TARGET_EFM32GG11\TARGET_EFM32GG11_STK3701\PinNames.h(33): warning:  #66-D: enumeration value is out of "int" range
mbed-os\hal\mbed_pinmap_common.c: 1 warning, 0 errors
compiling mbed_mpu_v7m.c...
mbed-os\targets\TARGET_Silicon_Labs\TARGET_EFM32\TARGET_EFM32GG11\TARGET_EFM32GG11_STK3701\PinNames.h(33): warning:  #66-D: enumeration value is out of "int" range
mbed-os\hal\mpu\mbed_mpu_v7m.c: 1 warning, 0 errors
compiling mbed_mpu_mgmt.c...
mbed-os\targets\TARGET_Silicon_Labs\TARGET_EFM32\TARGET_EFM32GG11\TARGET_EFM32GG11_STK3701\PinNames.h(33): warning:  #66-D: enumeration value is out of "int" range
mbed-os\platform\mbed_mpu_mgmt.c: 1 warning, 0 errors
compiling mbed_mem_trace.cpp...
compiling mbed_mpu_v8m.c...
mbed-os\targets\TARGET_Silicon_Labs\TARGET_EFM32\TARGET_EFM32GG11\TARGET_EFM32GG11_STK3701\PinNames.h(33): warning:  #66-D: enumeration value is out of "int" range
mbed-os\hal\mpu\mbed_mpu_v8m.c: 1 warning, 0 errors
compiling mbed_overrides.c...
mbed-os\targets\TARGET_Silicon_Labs\TARGET_EFM32\TARGET_EFM32GG11\TARGET_EFM32GG11_STK3701\PinNames.h(33): warning:  #66-D: enumeration value is out of "int" range
mbed-os\targets\TARGET_Silicon_Labs\TARGET_EFM32\common\mbed_overrides.c: 1 warning, 0 errors
compiling mbed_poll.cpp...
compiling mbed_sdk_boot.c...
compiling mbed_rtos_rtx.c...
compiling mbed_retarget.cpp...
"no source": Warning:  #541-D: allowing all exceptions is incompatible with previous function "operator new(std::size_t)"  (declared at line 78 of "C:\Keil_v5\ARM\ARMCC\Bin\..\include\new")
"no source": Warning:  #541-D: allowing all exceptions is incompatible with previous function "operator new[](std::size_t)"  (declared at line 97 of "C:\Keil_v5\ARM\ARMCC\Bin\..\include\new")
"no source": Warning:  #541-D: allowing all exceptions is incompatible with previous function "operator new(std::size_t, const std::nothrow_t &)"  (declared at line 84 of "C:\Keil_v5\ARM\ARMCC\Bin\..\include\new")
"no source": Warning:  #541-D: allowing all exceptions is incompatible with previous function "operator new[](std::size_t, const std::nothrow_t &)"  (declared at line 109 of "C:\Keil_v5\ARM\ARMCC\Bin\..\include\new")
"no source": Warning:  #541-D: allowing all exceptions is incompatible with previous function "operator delete(void *)"  (declared at line 81 of "C:\Keil_v5\ARM\ARMCC\Bin\..\include\new")
"no source": Warning:  #541-D: allowing all exceptions is incompatible with previous function "operator delete[](void *)"  (declared at line 100 of "C:\Keil_v5\ARM\ARMCC\Bin\..\include\new")
mbed-os\platform\mbed_retarget.cpp: 6 warnings, 0 errors
compiling mbed_rtc_time.cpp...
compiling mbed_rtx_handlers.c...
mbed-os\targets\TARGET_Silicon_Labs\TARGET_EFM32\TARGET_EFM32GG11\TARGET_EFM32GG11_STK3701\PinNames.h(33): warning:  #66-D: enumeration value is out of "int" range
mbed-os\rtos\TARGET_CORTEX\mbed_rtx_handlers.c: 1 warning, 0 errors
compiling mbed_trace.c...
compiling mbed_semihost_api.c...
mbed-os\targets\TARGET_Silicon_Labs\TARGET_EFM32\TARGET_EFM32GG11\TARGET_EFM32GG11_STK3701\PinNames.h(33): warning:  #66-D: enumeration value is out of "int" range
mbed-os\platform\mbed_semihost_api.c: 1 warning, 0 errors
compiling mbed_rtx_idle.cpp...
compiling mbed_wait_api_no_rtos.c...
compiling mbed_tz_context.c...
compiling mbed_shared_queues.cpp...
compiling mbed_sleep_manager.c...
mbed-os\targets\TARGET_Silicon_Labs\TARGET_EFM32\TARGET_EFM32GG11\TARGET_EFM32GG11_STK3701\PinNames.h(33): warning:  #66-D: enumeration value is out of "int" range
mbed-os\hal\mbed_sleep_manager.c: 1 warning, 0 errors
compiling mbed_stats.c...
mbed-os\targets\TARGET_Silicon_Labs\TARGET_EFM32\TARGET_EFM32GG11\TARGET_EFM32GG11_STK3701\PinNames.h(33): warning:  #66-D: enumeration value is out of "int" range
mbed-os\platform\mbed_stats.c: 1 warning, 0 errors
compiling MCR20Drv.c...
compiling MBRBlockDevice.cpp...
compiling mbed_ticker_api.c...
mbed-os\targets\TARGET_Silicon_Labs\TARGET_EFM32\TARGET_EFM32GG11\TARGET_EFM32GG11_STK3701\PinNames.h(33): warning:  #66-D: enumeration value is out of "int" range
mbed-os\hal\mbed_ticker_api.c: 1 warning, 0 errors
compiling mbed_trng.c...
mbed-os\targets\TARGET_Silicon_Labs\TARGET_EFM32\TARGET_EFM32GG11\TARGET_EFM32GG11_STK3701\PinNames.h(33): warning:  #66-D: enumeration value is out of "int" range
mbed-os\features\mbedtls\platform\src\mbed_trng.c: 1 warning, 0 errors
compiling mbed_us_ticker_api.c...
mbed-os\targets\TARGET_Silicon_Labs\TARGET_EFM32\TARGET_EFM32GG11\TARGET_EFM32GG11_STK3701\PinNames.h(33): warning:  #66-D: enumeration value is out of "int" range
mbed-os\hal\mbed_us_ticker_api.c: 1 warning, 0 errors
compiling md2.c...
compiling MbedCRC.cpp...
mbed-os\drivers/MbedCRC.h(513): warning:  #111-D: statement is unreachable
          detected during instantiation of "void mbed::MbedCRC<polynomial, width>::mbed_crc_ctor() [with polynomial=3988292384U, width=(std::uint8_t)' ']"  at line 43 of "mbed-os\drivers\MbedCRC.cpp"
mbed-os\drivers\MbedCRC.cpp: 1 warning, 0 errors
compiling md.c...
compiling md5.c...
compiling mbed_wait_api_rtos.cpp...
compiling md4.c...
compiling mesh_system.c...
compiling md_wrap.c...
compiling MessageParser.cpp...
mbed-os\features\nfc\source\nfc\ndef\MessageParser.cpp(63): warning:  #177-D: function "<unnamed>::buffer_iterator_t::read_le"  was declared but never referenced
mbed-os\features\nfc\source\nfc\ndef\MessageParser.cpp: 1 warning, 0 errors
compiling mesh.c...
compiling memory_buffer_alloc.c...
compiling minar_hal_timer.cpp...
compiling MessageBuilder.cpp...
compiling Mime.cpp...
compiling mle_service_buffer.c...
compiling mle_service_interface.c...
compiling mld.c...
compiling mle_service_frame_counter_table.c...
compiling mle_service_security.c...
compiling mle.c...
compiling mle_tlv.c...
compiling mle_service.c...
compiling multicast_api.c...
compiling mpl.c...
compiling Mutex.cpp...
compiling MeshInterfaceNanostack.cpp...
mbed-os\features\nanostack\nanostack-interface\Nanostack.h(278): warning:  #1300-D: call_in inherits implicit virtual
mbed-os\features\nanostack\mbed-mesh-api\source\MeshInterfaceNanostack.cpp: 1 warning, 0 errors
compiling nd_proxy.c...
compiling NanostackEMACInterface.cpp...
mbed-os\features\nanostack\nanostack-interface\Nanostack.h(278): warning:  #1300-D: call_in inherits implicit virtual
mbed-os\features\nanostack\mbed-mesh-api\source\NanostackEMACInterface.cpp: 1 warning, 0 errors
compiling Nanostack.cpp...
mbed-os\features\nanostack\nanostack-interface\Nanostack.h(278): warning:  #1300-D: call_in inherits implicit virtual
mbed-os\features\nanostack\nanostack-interface\Nanostack.cpp: 1 warning, 0 errors
compiling NanostackMemoryManager.cpp...
compiling NanostackEthernetInterface.cpp...
mbed-os\features\nanostack\nanostack-interface\Nanostack.h(278): warning:  #1300-D: call_in inherits implicit virtual
mbed-os\features\nanostack\mbed-mesh-api\source\NanostackEthernetInterface.cpp: 1 warning, 0 errors
compiling NanostackRfPhyAtmel.cpp...
compiling nd_tasklet.c...
compiling ndef.c...
compiling neighbor_cache.c...
compiling nd_router_object.c...
mbed-os\features\nanostack\sal-stack-nanostack\source\6LoWPAN\ND\nd_router_object.c(969): warning:  #236-D: controlling expression is constant
mbed-os\features\nanostack\sal-stack-nanostack\source\6LoWPAN\ND\nd_router_object.c: 1 warning, 0 errors
compiling net_6lowpan_parameter_api.c...
compiling NanostackRfPhyMcr20a.cpp...
compiling net_ipv6.c...
compiling net_mle.c...
compiling net_rpl.c...
compiling NanostackRfPhys2lp.cpp...
compiling net_short_address_extension.c...
compiling net_test.c...
compiling NetworkInterface.cpp...
compiling NetworkInterfaceDefaults.cpp...
compiling net_sockets.c...
compiling nfc_transport.c...
compiling nfc_scheduler.c...
mbed-os\features\nfc\stack\platform\nfc_scheduler.c(128): warning:  #111-D: statement is unreachable
mbed-os\features\nfc\stack\platform\nfc_scheduler.c: 1 warning, 0 errors
compiling net_load_balance.c...
compiling NFCNDEFCapable.cpp...
compiling NetworkStack.cpp...
compiling network_lib.c...
compiling NFCEEPROMDriver.cpp...
compiling NFCRemoteInitiator.cpp...
mbed-os\features\nfc\source\nfc\NFCRemoteInitiator.cpp(55): warning:  #1-D: last line of file ends without a newline
mbed-os\features\nfc\source\nfc\NFCRemoteInitiator.cpp: 1 warning, 0 errors
compiling NFCTarget.cpp...
compiling NFCControllerDriver.cpp...
compiling ns_crc.c...
compiling NFCEEPROM.cpp...
compiling NFCController.cpp...
compiling ns_file_system.c...
compiling ns_cmdline.c...
compiling NFCRemoteEndpoint.cpp...
compiling nist_kw.c...
compiling ns_fnet_events.c...
compiling ns_hal_init.c...
compiling ns_list.c...
compiling ns_fnet_port.c...
compiling ns_nvm_helper.c...
compiling ns_event_loop.c...
compiling ns_mdns_api.c...
compiling ns_event_loop_mutex.c...
compiling ns_event_loop_mbed.cpp...
compiling ns_timeout.c...
mbed-os\features\nanostack\sal-stack-nanostack-eventloop\source\ns_timeout.c(69): warning:  #546-D: transfer of control bypasses initialization of:
            variable "event"  (declared at line 73)
mbed-os\features\nanostack\sal-stack-nanostack-eventloop\source\ns_timeout.c: 1 warning, 0 errors
compiling ns_timer.c...
compiling nsdynmemLIB.c...
compiling ns_socket.c...
compiling ns_sha256.c...
compiling nvm_ram.c...
compiling nwk_nvm.c...
compiling ns_net.c...
compiling nvstore.cpp...
compiling os_tick_ptim.c...
compiling os_systick.c...
compiling ObservingBlockDevice.cpp...
compiling oid.c...
compiling OnboardCellularInterface.cpp...
compiling nsapi_dns.cpp...
compiling pan_blacklist.c...
compiling pana_eap_header.c...
compiling pana_avp.c...
compiling pana_header.c...
compiling pana_relay_table.c...
compiling padlock.c...
compiling pem.c...
compiling pinmap.c...
mbed-os\targets\TARGET_Silicon_Labs\TARGET_EFM32\TARGET_EFM32GG11\TARGET_EFM32GG11_STK3701\PinNames.h(33): warning:  #66-D: enumeration value is out of "int" range
mbed-os\targets\TARGET_Silicon_Labs\TARGET_EFM32\pinmap.c(53): warning:  #188-D: enumerated type mixed with another type
mbed-os\targets\TARGET_Silicon_Labs\TARGET_EFM32\pinmap.c(53): warning:  #188-D: enumerated type mixed with another type
mbed-os\targets\TARGET_Silicon_Labs\TARGET_EFM32\pinmap.c(53): warning:  #188-D: enumerated type mixed with another type
mbed-os\targets\TARGET_Silicon_Labs\TARGET_EFM32\pinmap.c: 4 warnings, 0 errors
compiling PeripheralPins.c...
mbed-os\targets\TARGET_Silicon_Labs\TARGET_EFM32\TARGET_EFM32GG11\TARGET_EFM32GG11_STK3701\PinNames.h(33): warning:  #66-D: enumeration value is out of "int" range
mbed-os\targets\TARGET_Silicon_Labs\TARGET_EFM32\TARGET_EFM32GG11\PeripheralPins.c(68): warning:  #68-D: integer conversion resulted in a change of sign
mbed-os\targets\TARGET_Silicon_Labs\TARGET_EFM32\TARGET_EFM32GG11\PeripheralPins.c(68): warning:  #68-D: integer conversion resulted in a change of sign
mbed-os\targets\TARGET_Silicon_Labs\TARGET_EFM32\TARGET_EFM32GG11\PeripheralPins.c(106): warning:  #68-D: integer conversion resulted in a change of sign
mbed-os\targets\TARGET_Silicon_Labs\TARGET_EFM32\TARGET_EFM32GG11\PeripheralPins.c(106): warning:  #68-D: integer conversion resulted in a change of sign
mbed-os\targets\TARGET_Silicon_Labs\TARGET_EFM32\TARGET_EFM32GG11\PeripheralPins.c(144): warning:  #68-D: integer conversion resulted in a change of sign
mbed-os\targets\TARGET_Silicon_Labs\TARGET_EFM32\TARGET_EFM32GG11\PeripheralPins.c(144): warning:  #68-D: integer conversion resulted in a change of sign
mbed-os\targets\TARGET_Silicon_Labs\TARGET_EFM32\TARGET_EFM32GG11\PeripheralPins.c(187): warning:  #68-D: integer conversion resulted in a change of sign
mbed-os\targets\TARGET_Silicon_Labs\TARGET_EFM32\TARGET_EFM32GG11\PeripheralPins.c(187): warning:  #68-D: integer conversion resulted in a change of sign
mbed-os\targets\TARGET_Silicon_Labs\TARGET_EFM32\TARGET_EFM32GG11\PeripheralPins.c(246): warning:  #68-D: integer conversion resulted in a change of sign
mbed-os\targets\TARGET_Silicon_Labs\TARGET_EFM32\TARGET_EFM32GG11\PeripheralPins.c(246): warning:  #68-D: integer conversion resulted in a change of sign
mbed-os\targets\TARGET_Silicon_Labs\TARGET_EFM32\TARGET_EFM32GG11\PeripheralPins.c(302): warning:  #68-D: integer conversion resulted in a change of sign
mbed-os\targets\TARGET_Silicon_Labs\TARGET_EFM32\TARGET_EFM32GG11\PeripheralPins.c(302): warning:  #68-D: integer conversion resulted in a change of sign
mbed-os\targets\TARGET_Silicon_Labs\TARGET_EFM32\TARGET_EFM32GG11\PeripheralPins.c(359): warning:  #68-D: integer conversion resulted in a change of sign
mbed-os\targets\TARGET_Silicon_Labs\TARGET_EFM32\TARGET_EFM32GG11\PeripheralPins.c(359): warning:  #68-D: integer conversion resulted in a change of sign
mbed-os\targets\TARGET_Silicon_Labs\TARGET_EFM32\TARGET_EFM32GG11\PeripheralPins.c(416): warning:  #68-D: integer conversion resulted in a change of sign
mbed-os\targets\TARGET_Silicon_Labs\TARGET_EFM32\TARGET_EFM32GG11\PeripheralPins.c(416): warning:  #68-D: integer conversion resulted in a change of sign
mbed-os\targets\TARGET_Silicon_Labs\TARGET_EFM32\TARGET_EFM32GG11\PeripheralPins.c(473): warning:  #68-D: integer conversion resulted in a change of sign
mbed-os\targets\TARGET_Silicon_Labs\TARGET_EFM32\TARGET_EFM32GG11\PeripheralPins.c(473): warning:  #68-D: integer conversion resulted in a change of sign
mbed-os\targets\TARGET_Silicon_Labs\TARGET_EFM32\TARGET_EFM32GG11\PeripheralPins.c(531): warning:  #68-D: integer conversion resulted in a change of sign
mbed-os\targets\TARGET_Silicon_Labs\TARGET_EFM32\TARGET_EFM32GG11\PeripheralPins.c(531): warning:  #68-D: integer conversion resulted in a change of sign
mbed-os\targets\TARGET_Silicon_Labs\TARGET_EFM32\TARGET_EFM32GG11\PeripheralPins.c: 21 warnings, 0 errors
compiling pana_client.c...
compiling pana.c...
compiling pinmap_function.c...
mbed-os\targets\TARGET_Silicon_Labs\TARGET_EFM32\TARGET_EFM32GG11\TARGET_EFM32GG11_STK3701\PinNames.h(33): warning:  #66-D: enumeration value is out of "int" range
mbed-os\targets\TARGET_Silicon_Labs\TARGET_EFM32\pinmap_function.c: 1 warning, 0 errors
compiling pana_server.c...
compiling pk.c...
compiling pkcs11.c...
compiling pkcs12.c...
compiling pk_wrap.c...
compiling pkcs5.c...
compiling pkparse.c...
compiling pkwrite.c...
compiling pn512_cmd.c...
compiling pn512.c...
compiling platform.c...
compiling pn512_irq.c...
compiling pn512_hw.c...
compiling platform_alt.c...
compiling platform_util.c...
compiling pn512_poll.c...
compiling pn512_rf.c...
mbed-os\features\nfc\stack\transceiver\pn512\pn512_rf.c(265): warning:  #68-D: integer conversion resulted in a change of sign
mbed-os\features\nfc\stack\transceiver\pn512\pn512_rf.c: 1 warning, 0 errors
compiling pn512_registers.c...
compiling pn512_timer.c...
compiling pn512_transceive.c...
compiling PN512TransportDriver.cpp...
compiling ProfilingBlockDevice.cpp...
compiling port_api.c...
mbed-os\targets\TARGET_Silicon_Labs\TARGET_EFM32\TARGET_EFM32GG11\TARGET_EFM32GG11_STK3701\PinNames.h(33): warning:  #66-D: enumeration value is out of "int" range
mbed-os\targets\TARGET_Silicon_Labs\TARGET_EFM32\port_api.c(77): warning:  #188-D: enumerated type mixed with another type
mbed-os\targets\TARGET_Silicon_Labs\TARGET_EFM32\port_api.c(83): warning:  #188-D: enumerated type mixed with another type
mbed-os\targets\TARGET_Silicon_Labs\TARGET_EFM32\port_api.c(85): warning:  #188-D: enumerated type mixed with another type
mbed-os\targets\TARGET_Silicon_Labs\TARGET_EFM32\port_api.c: 4 warnings, 0 errors
compiling poly1305.c...
compiling PN512Driver.cpp...
compiling PPPCellularInterface.cpp...
compiling PN512SPITransportDriver.cpp...
compiling protocol_stats.c...
compiling protocol_core_sleep.c...
compiling ppp_lwip.cpp...
compiling protocol_6lowpan.c...
compiling protocol_timer.c...
compiling protocol_ipv6.c...
compiling protocol_6lowpan_bootstrap.c...
compiling protocol_6lowpan_interface.c...
compiling pwmout_api.c...
mbed-os\targets\TARGET_Silicon_Labs\TARGET_EFM32\TARGET_EFM32GG11\TARGET_EFM32GG11_STK3701\PinNames.h(33): warning:  #66-D: enumeration value is out of "int" range
mbed-os\targets\TARGET_Silicon_Labs\TARGET_EFM32\pwmout_api.c(52): warning:  #111-D: statement is unreachable
mbed-os\targets\TARGET_Silicon_Labs\TARGET_EFM32\pwmout_api.c(55): warning:  #111-D: statement is unreachable
mbed-os\targets\TARGET_Silicon_Labs\TARGET_EFM32\pwmout_api.c(58): warning:  #111-D: statement is unreachable
mbed-os\targets\TARGET_Silicon_Labs\TARGET_EFM32\pwmout_api.c(61): warning:  #111-D: statement is unreachable
mbed-os\targets\TARGET_Silicon_Labs\TARGET_EFM32\pwmout_api.c: 5 warnings, 0 errors
compiling QSPI.cpp...
compiling qspi_api.c...
mbed-os\targets\TARGET_Silicon_Labs\TARGET_EFM32\TARGET_EFM32GG11\TARGET_EFM32GG11_STK3701\PinNames.h(33): warning:  #66-D: enumeration value is out of "int" range
mbed-os\targets\TARGET_Silicon_Labs\TARGET_EFM32\qspi_api.c: 1 warning, 0 errors
compiling QUECTEL_BC95.cpp...
compiling protocol_core.c...
mbed-os\features\nanostack\sal-stack-nanostack\source\NWK_INTERFACE\protocol_core.c(247): warning:  #236-D: controlling expression is constant
mbed-os\features\nanostack\sal-stack-nanostack\source\NWK_INTERFACE\protocol_core.c(315): warning:  #236-D: controlling expression is constant
mbed-os\features\nanostack\sal-stack-nanostack\source\NWK_INTERFACE\protocol_core.c(1091): warning:  #236-D: controlling expression is constant
mbed-os\features\nanostack\sal-stack-nanostack\source\NWK_INTERFACE\protocol_core.c: 3 warnings, 0 errors
compiling QUECTEL_BC95_CellularNetwork.cpp...
compiling QUECTEL_BC95_CellularContext.cpp...
compiling QUECTEL_BC95_CellularSIM.cpp...
compiling QUECTEL_BC95_CellularPower.cpp...
compiling QUECTEL_BG96.cpp...
compiling QUECTEL_BG96_CellularContext.cpp...
compiling QUECTEL_BC95_CellularStack.cpp...
compiling QUECTEL_BG96_CellularSIM.cpp...
compiling QUECTEL_BG96_CellularPower.cpp...
compiling QUECTEL_BG96_CellularNetwork.cpp...
compiling randLIB.c...
compiling RecordParser.cpp...
compiling rf_configuration.c...
compiling QUECTEL_UG96.cpp...
compiling QUECTEL_BG96_CellularStack.cpp...
compiling QUECTEL_UG96_CellularContext.cpp...
compiling ReadOnlyBlockDevice.cpp...
compiling QUECTEL_UG96_CellularNetwork.cpp...
compiling QUECTEL_UG96_CellularPower.cpp...
compiling RawSerial.cpp...
compiling rf_driver_storage.c...
compiling rpl_objective.c...
compiling rpl_policy.c...
compiling rpl_data.c...
compiling rpl_mrhof.c...
compiling ripemd160.c...
compiling rpl_of0.c...
compiling rpl_downward.c...
compiling rpl_control.c...
compiling RTX_Config.c...
compiling rpl_upward.c...
compiling rsa_internal.c...
compiling RtosTimer.cpp...
compiling rsa.c...
compiling rtx_delay.c...
compiling rtcc.c...
mbed-os\targets\TARGET_Silicon_Labs\TARGET_EFM32\TARGET_EFM32GG11\TARGET_EFM32GG11_STK3701\PinNames.h(33): warning:  #66-D: enumeration value is out of "int" range
mbed-os\targets\TARGET_Silicon_Labs\TARGET_EFM32\rtcc.c(79): warning:  #223-D: function "core_util_critical_section_enter" declared implicitly
mbed-os\targets\TARGET_Silicon_Labs\TARGET_EFM32\rtcc.c(88): warning:  #223-D: function "core_util_critical_section_exit" declared implicitly
mbed-os\targets\TARGET_Silicon_Labs\TARGET_EFM32\rtcc.c(114): warning:  #223-D: function "core_util_critical_section_enter" declared implicitly
mbed-os\targets\TARGET_Silicon_Labs\TARGET_EFM32\rtcc.c(116): warning:  #223-D: function "core_util_critical_section_exit" declared implicitly
mbed-os\targets\TARGET_Silicon_Labs\TARGET_EFM32\rtcc.c(166): warning:  #223-D: function "core_util_critical_section_enter" declared implicitly
mbed-os\targets\TARGET_Silicon_Labs\TARGET_EFM32\rtcc.c(168): warning:  #223-D: function "core_util_critical_section_exit" declared implicitly
mbed-os\targets\TARGET_Silicon_Labs\TARGET_EFM32\rtcc.c(173): warning:  #1-D: last line of file ends without a newline
mbed-os\targets\TARGET_Silicon_Labs\TARGET_EFM32\rtcc.c: 8 warnings, 0 errors
compiling rtx_evflags.c...
compiling rtx_evr.c...
compiling rtx_kernel.c...
compiling rtx_lib.c...
compiling rtx_memory.c...
compiling rtx_mempool.c...
compiling rtx_msgqueue.c...
compiling rtx_mutex.c...
compiling rtx_semaphore.c...
compiling rtx_system.c...
compiling rtx_thread.c...
compiling rtx_timer.c...
compiling SARA4_PPP.cpp...
compiling SARA4_PPP_CellularContext.cpp...
compiling SecureStore.cpp...
compiling SARA4_PPP_CellularNetwork.cpp...
compiling SARA4_PPP_CellularPower.cpp...
compiling Semaphore.cpp...
compiling serial_mac_api.c...
compiling security_lib.c...
compiling sha1.c...
compiling Serial.cpp...
compiling SimpleMessageParser.cpp...
compiling sha256.c...
compiling serial_api.c...
mbed-os\targets\TARGET_Silicon_Labs\TARGET_EFM32\TARGET_EFM32GG11\TARGET_EFM32GG11_STK3701\PinNames.h(33): warning:  #66-D: enumeration value is out of "int" range
mbed-os\targets\TARGET_Silicon_Labs\TARGET_EFM32\serial_api.c(1188): warning:  #188-D: enumerated type mixed with another type
mbed-os\targets\TARGET_Silicon_Labs\TARGET_EFM32\serial_api.c(1533): warning:  #111-D: statement is unreachable
mbed-os\targets\TARGET_Silicon_Labs\TARGET_EFM32\serial_api.c(1604): warning:  #111-D: statement is unreachable
mbed-os\targets\TARGET_Silicon_Labs\TARGET_EFM32\serial_api.c: 4 warnings, 0 errors
compiling shalib.c...
compiling SerialBase.cpp...
compiling sha512.c...
compiling SlicingBlockDevice.cpp...
compiling sn_coap_header_check.c...
compiling sn_coap_parser.c...
compiling sn_coap_builder.c...
compiling sl_trng.c...
mbed-os\targets\TARGET_Silicon_Labs\TARGET_EFM32\trng\sl_trng.c(31): warning:  #177-D: variable "test_vector_conditioning_key"  was declared but never referenced
mbed-os\targets\TARGET_Silicon_Labs\TARGET_EFM32\trng\sl_trng.c(36): warning:  #177-D: variable "test_vector_conditioning_input"  was declared but never referenced
mbed-os\targets\TARGET_Silicon_Labs\TARGET_EFM32\trng\sl_trng.c(44): warning:  #177-D: variable "test_vector_conditioning_output"  was declared but never referenced
mbed-os\targets\TARGET_Silicon_Labs\TARGET_EFM32\trng\sl_trng.c: 3 warnings, 0 errors
compiling sockbuf.c...
compiling sl_eth_hw.c...
mbed-os\targets\TARGET_Silicon_Labs\TARGET_EFM32\TARGET_EFM32GG11\TARGET_EFM32GG11_STK3701\PinNames.h(33): warning:  #66-D: enumeration value is out of "int" range
mbed-os\features\netsocket\emac-drivers\TARGET_Silicon_Labs\sl_eth_hw.c(39): warning:  #188-D: enumerated type mixed with another type
mbed-os\features\netsocket\emac-drivers\TARGET_Silicon_Labs\sl_eth_hw.c(49): warning:  #188-D: enumerated type mixed with another type
mbed-os\features\netsocket\emac-drivers\TARGET_Silicon_Labs\sl_eth_hw.c(52): warning:  #188-D: enumerated type mixed with another type
mbed-os\features\netsocket\emac-drivers\TARGET_Silicon_Labs\sl_eth_hw.c(55): warning:  #188-D: enumerated type mixed with another type
mbed-os\features\netsocket\emac-drivers\TARGET_Silicon_Labs\sl_eth_hw.c(58): warning:  #188-D: enumerated type mixed with another type
mbed-os\features\netsocket\emac-drivers\TARGET_Silicon_Labs\sl_eth_hw.c(61): warning:  #188-D: enumerated type mixed with another type
mbed-os\features\netsocket\emac-drivers\TARGET_Silicon_Labs\sl_eth_hw.c(64): warning:  #188-D: enumerated type mixed with another type
mbed-os\features\netsocket\emac-drivers\TARGET_Silicon_Labs\sl_eth_hw.c(67): warning:  #188-D: enumerated type mixed with another type
mbed-os\features\netsocket\emac-drivers\TARGET_Silicon_Labs\sl_eth_hw.c(78): warning:  #188-D: enumerated type mixed with another type
mbed-os\features\netsocket\emac-drivers\TARGET_Silicon_Labs\sl_eth_hw.c(81): warning:  #188-D: enumerated type mixed with another type
mbed-os\features\netsocket\emac-drivers\TARGET_Silicon_Labs\sl_eth_hw.c(125): warning:  #188-D: enumerated type mixed with another type
mbed-os\features\netsocket\emac-drivers\TARGET_Silicon_Labs\sl_eth_hw.c(128): warning:  #188-D: enumerated type mixed with another type
mbed-os\features\netsocket\emac-drivers\TARGET_Silicon_Labs\sl_eth_hw.c(131): warning:  #188-D: enumerated type mixed with another type
mbed-os\features\netsocket\emac-drivers\TARGET_Silicon_Labs\sl_eth_hw.c(134): warning:  #188-D: enumerated type mixed with another type
mbed-os\features\netsocket\emac-drivers\TARGET_Silicon_Labs\sl_eth_hw.c(137): warning:  #188-D: enumerated type mixed with another type
mbed-os\features\netsocket\emac-drivers\TARGET_Silicon_Labs\sl_eth_hw.c(140): warning:  #188-D: enumerated type mixed with another type
mbed-os\features\netsocket\emac-drivers\TARGET_Silicon_Labs\sl_eth_hw.c(143): warning:  #188-D: enumerated type mixed with another type
mbed-os\features\netsocket\emac-drivers\TARGET_Silicon_Labs\sl_eth_hw.c(146): warning:  #188-D: enumerated type mixed with another type
mbed-os\features\netsocket\emac-drivers\TARGET_Silicon_Labs\sl_eth_hw.c(149): warning:  #188-D: enumerated type mixed with another type
mbed-os\features\netsocket\emac-drivers\TARGET_Silicon_Labs\sl_eth_hw.c(152): warning:  #188-D: enumerated type mixed with another type
mbed-os\features\netsocket\emac-drivers\TARGET_Silicon_Labs\sl_eth_hw.c: 21 warnings, 0 errors
compiling sn_coap_protocol.c...
compiling SocketAddress.cpp...
compiling sleep.c...
mbed-os\targets\TARGET_Silicon_Labs\TARGET_EFM32\TARGET_EFM32GG11\TARGET_EFM32GG11_STK3701\PinNames.h(33): warning:  #66-D: enumeration value is out of "int" range
mbed-os\targets\TARGET_Silicon_Labs\TARGET_EFM32\sleep.c: 1 warning, 0 errors
compiling socket_api.c...
compiling sl_emac.cpp...
compiling ssl_ciphersuites.c...
compiling SocketStats.cpp...
compiling SPISlave.cpp...
compiling ssl_cache.c...
compiling SPI.cpp...
compiling spi_api.c...
mbed-os\targets\TARGET_Silicon_Labs\TARGET_EFM32\TARGET_EFM32GG11\TARGET_EFM32GG11_STK3701\PinNames.h(33): warning:  #66-D: enumeration value is out of "int" range
mbed-os\targets\TARGET_Silicon_Labs\TARGET_EFM32\spi_api.c(893): warning:  #111-D: statement is unreachable
mbed-os\targets\TARGET_Silicon_Labs\TARGET_EFM32\spi_api.c(944): warning:  #111-D: statement is unreachable
mbed-os\targets\TARGET_Silicon_Labs\TARGET_EFM32\spi_api.c: 3 warnings, 0 errors
compiling ssl_cli.c...
assembling startup_efm32gg11.S...
compiling stoip4.c...
compiling ssl_cookie.c...
compiling stoip6.c...
compiling system_timer.c...
mbed-os\features\nanostack\sal-stack-nanostack-eventloop\source\system_timer.c(313): warning:  #546-D: transfer of control bypasses initialization of:
            variable "event"  (declared at line 318)
mbed-os\features\nanostack\sal-stack-nanostack-eventloop\source\system_timer.c: 1 warning, 0 errors
compiling sw_mac.c...
compiling ssl_ticket.c...
compiling TableCRC.cpp...
compiling system_efm32gg11b.c...
compiling ssl_srv.c...
compiling Stream.cpp...
compiling SysTimer.cpp...
compiling SystemStorage.cpp...
mbed-os\features\storage\system_storage\SystemStorage.cpp(76): warning:  #177-D: function "align_up"  was declared but never referenced
mbed-os\features\storage\system_storage\SystemStorage.cpp: 1 warning, 0 errors
compiling ssl_tls.c...
compiling TCPSocket.cpp...
compiling tcp.c...
compiling TCPServer.cpp...
compiling TDBStore.cpp...
compiling Text.cpp...
compiling TELIT_HE910.cpp...
compiling thread_beacon.c...
compiling TELIT_HE910_CellularNetwork.cpp...
compiling TELIT_HE910_CellularContext.cpp...
compiling ThisThread.cpp...
compiling TELIT_HE910_CellularPower.cpp...
compiling Thread.cpp...
compiling thread_commissioning_if.c...
compiling thread_bbr_api.c...
compiling thread_border_router_api.c...
compiling thread_dhcpv6_server.c...
compiling thread_diagnostic.c...
compiling thread_discovery.c...
compiling thread_commissioning_api.c...
compiling thread_common.c...
compiling thread_lowpower_private_api.c...
compiling thread_host_bootstrap.c...
mbed-os\features\nanostack\sal-stack-nanostack\source\6LoWPAN\Thread\thread_host_bootstrap.c(478): warning:  #111-D: statement is unreachable
mbed-os\features\nanostack\sal-stack-nanostack\source\6LoWPAN\Thread\thread_host_bootstrap.c: 1 warning, 0 errors
compiling thread_bootstrap.c...
mbed-os\features\nanostack\sal-stack-nanostack\source\6LoWPAN\Thread\thread_bootstrap.c(2717): warning:  #174-D: expression has no effect
mbed-os\features\nanostack\sal-stack-nanostack\source\6LoWPAN\Thread\thread_bootstrap.c: 1 warning, 0 errors
compiling thread_leader_service.c...
compiling thread_meshcop_lib.c...
compiling thread_management_api.c...
compiling thread_management_client.c...
compiling thread_joiner_application.c...
compiling thread_net_config_api.c...
compiling thread_management_server.c...
compiling thread_neighbor_class.c...
compiling thread_nd.c...
compiling thread_management_if.c...
mbed-os\features\nanostack\sal-stack-nanostack\source\6LoWPAN\Thread\thread_management_if.c(1383): warning:  #111-D: statement is unreachable
mbed-os\features\nanostack\sal-stack-nanostack\source\6LoWPAN\Thread\thread_management_if.c: 1 warning, 0 errors
compiling thread_network_data_lib.c...
compiling thread_mle_message_handler.c...
mbed-os\features\nanostack\sal-stack-nanostack\source\6LoWPAN\Thread\thread_mle_message_handler.c(762): warning:  #188-D: enumerated type mixed with another type
mbed-os\features\nanostack\sal-stack-nanostack\source\6LoWPAN\Thread\thread_mle_message_handler.c(834): warning:  #188-D: enumerated type mixed with another type
mbed-os\features\nanostack\sal-stack-nanostack\source\6LoWPAN\Thread\thread_mle_message_handler.c: 2 warnings, 0 errors
compiling thread_mdns.c...
compiling thread_resolution_server.c...
compiling thread_resolution_client.c...
compiling thread_network_synch.c...
compiling thread_nvm_store.c...
compiling thread_tasklet.c...
compiling thread_routing.c...
compiling thread_network_data_storage.c...
compiling thread_test_api.c...
compiling threading.c...
compiling thread_router_bootstrap.c...
mbed-os\features\nanostack\sal-stack-nanostack\source\6LoWPAN\Thread\thread_router_bootstrap.c(1945): warning:  #188-D: enumerated type mixed with another type
mbed-os\features\nanostack\sal-stack-nanostack\source\6LoWPAN\Thread\thread_router_bootstrap.c(1946): warning:  #188-D: enumerated type mixed with another type
mbed-os\features\nanostack\sal-stack-nanostack\source\6LoWPAN\Thread\thread_router_bootstrap.c(1947): warning:  #188-D: enumerated type mixed with another type
mbed-os\features\nanostack\sal-stack-nanostack\source\6LoWPAN\Thread\thread_router_bootstrap.c: 3 warnings, 0 errors
compiling tls_ccm_crypt.c...
compiling Ticker.cpp...
compiling TimerEvent.cpp...
compiling Timer.cpp...
compiling Timeout.cpp...
compiling timing.c...
compiling trickle.c...
compiling ThreadInterface.cpp...
mbed-os\features\nanostack\nanostack-interface\Nanostack.h(278): warning:  #1300-D: call_in inherits implicit virtual
mbed-os\features\nanostack\mbed-mesh-api\source\ThreadInterface.cpp: 1 warning, 0 errors
compiling transceiver.c...
compiling type4_target.c...
mbed-os\features\nfc\stack\tech\type4\type4_target.c(157): warning:  #546-D: transfer of control bypasses initialization of:
            variable "file"  (declared at line 165)
mbed-os\features\nfc\stack\tech\type4\type4_target.c: 1 warning, 0 errors
compiling TLSSocket.cpp...
compiling trng_api.c...
mbed-os\targets\TARGET_Silicon_Labs\TARGET_EFM32\TARGET_EFM32GG11\TARGET_EFM32GG11_STK3701\PinNames.h(33): warning:  #66-D: enumeration value is out of "int" range
mbed-os\targets\TARGET_Silicon_Labs\TARGET_EFM32\trng\trng_api.c: 1 warning, 0 errors
compiling tls_lib.c...
mbed-os\features\nanostack\sal-stack-nanostack\source\Security\TLS\tls_lib.c(1318): warning:  #111-D: statement is unreachable
mbed-os\features\nanostack\sal-stack-nanostack\source\Security\TLS\tls_lib.c(1633): warning:  #111-D: statement is unreachable
mbed-os\features\nanostack\sal-stack-nanostack\source\Security\TLS\tls_lib.c: 2 warnings, 0 errors
compiling TLSSocketWrapper.cpp...
compiling UARTCellularInterface.cpp...
compiling UARTSerial.cpp...
compiling UBLOX_AT.cpp...
compiling Type4RemoteInitiator.cpp...
compiling UBLOX_AT_CellularPower.cpp...
compiling UBLOX_AT_CellularNetwork.cpp...
mbed-os\features\cellular\framework\targets\UBLOX\AT\UBLOX_AT_CellularNetwork.cpp(70): warning:  #111-D: statement is unreachable
mbed-os\features\cellular\framework\targets\UBLOX\AT\UBLOX_AT_CellularNetwork.cpp: 1 warning, 0 errors
compiling UBLOX_AT_CellularContext.cpp...
compiling UBLOX_PPP.cpp...
compiling udp.c...
compiling UBLOX_AT_CellularStack.cpp...
compiling UBLOX_PPP_CellularNetwork.cpp...
compiling unity.c...
compiling UBLOX_PPP_CellularContext.cpp...
compiling UBLOX_PPP_CellularPower.cpp...
compiling URI.cpp...
compiling UDPSocket.cpp...
compiling utest_stack_trace.cpp...
compiling utest_default_handlers.cpp...
compiling us_ticker.c...
mbed-os\targets\TARGET_Silicon_Labs\TARGET_EFM32\TARGET_EFM32GG11\TARGET_EFM32GG11_STK3701\PinNames.h(33): warning:  #66-D: enumeration value is out of "int" range
mbed-os\targets\TARGET_Silicon_Labs\TARGET_EFM32\us_ticker.c: 1 warning, 0 errors
compiling utest_case.cpp...
compiling unity_handler.cpp...
compiling utest_harness.cpp...
compiling util.cpp...
compiling utest_greentea_handlers.cpp...
compiling utest_shim.cpp...
compiling virtual_rf_client.c...
compiling virtual_rf_driver.c...
compiling WiFiAccessPoint.cpp...
compiling whiteboard.c...
compiling version.c...
compiling wisun_tasklet.c...
compiling version_features.c...
compiling ws_empty_functions.c...
compiling utest_types.cpp...
compiling x509.c...
compiling x509_create.c...
compiling x509_csr.c...
compiling x509write_csr.c...
compiling x509write_crt.c...
compiling x509_crl.c...
compiling x509_crt.c...
mbed-os\features\mbedtls\src\x509_crt.c(376): warning:  #68-D: integer conversion resulted in a change of sign
mbed-os\features\mbedtls\src\x509_crt.c: 1 warning, 0 errors
compiling WisunInterface.cpp...
mbed-os\features\nanostack\nanostack-interface\Nanostack.h(278): warning:  #1300-D: call_in inherits implicit virtual
mbed-os\features\nanostack\mbed-mesh-api\source\WisunInterface.cpp: 1 warning, 0 errors
compiling xtea.c...
compiling main.cpp...
compiling SILABS_RHT.cpp...
SILABS_RHT.cpp(82): warning:  #1361-D: function "mbed::Callback<R (A0)>::attach(U *, R (T::*)(A0)) [with R=void, A0=int, T=silabs::SILABS_RHT, U=silabs::SILABS_RHT]"  (declared at line 947 of "mbed-os\platform/Callback.h") was declared "deprecated"
SILABS_RHT.cpp(280): warning:  #1-D: last line of file ends without a newline
SILABS_RHT.cpp: 2 warnings, 0 errors
linking...
Program Size: Code=58420 RO-data=7684 RW-data=2616 ZI-data=89368  
".\BUILD\mbed-os-gg11-Si7201.axf" - 0 Error(s), 200 Warning(s).

<h2>Software Packages used:</h2>

Package Vendor: SiliconLabs
                https://www.silabs.com/documents/public/cmsis-packs/SiliconLabs.EFM32GG11B_DFP.5.7.0.pack
                SiliconLabs.EFM32GG11B_DFP.5.7.0
                Silicon Labs EFM32GG11B Giant Gecko Series Device Support.

<h2>Collection of Component include folders:</h2>
  .\RTE\_mbed-os-gg11-Si7201
  C:\Keil_v5\ARM\PACK\SiliconLabs\EFM32GG11B_DFP\5.7.0\Device\SiliconLabs\EFM32GG11B\Include

<h2>Collection of Component Files used:</h2>
Build Time Elapsed:  00:01:41
</pre>
</body>
</html>
