<!doctype html public "-//w3c//dtd html 4.0 transitional//en">
<html><head>
<title>Static Call Graph - [.\BUILD\mbed-os-gg11-Si7201.axf]</title></head>
<body><HR>
<H1>Static Call Graph for image .\BUILD\mbed-os-gg11-Si7201.axf</H1><HR>
<BR><P>#&#060CALLGRAPH&#062# ARM Linker, 5060750: Last Updated: Fri Feb 01 15:27:29 2019
<BR><P>
<H3>Maximum Stack Usage =        848 bytes + Unknown(Cycles, Untraceable Function Pointers)</H3><H3>
Call chain for Maximum Stack Depth:</H3>
__sti___8_main_cpp_pc &rArr; mbed::Serial::Serial(PinName, PinName, const char*, int) &rArr; mbed::Stream::Stream__sub_object(const char*) &rArr; mbed::fdopen(mbed::FileHandle*, const char*) &rArr; fdopen &rArr; fopen &rArr; _freopen_locked &rArr; _sys_open &rArr; open &rArr; mbed::FilePath::FilePath(const char*) &rArr; mbed::FileBase::lookup(const char*, unsigned) &rArr; rtos::Mutex::unlock() &rArr; mbed_error &rArr; print_error_report &rArr; mbed_error_puts &rArr; write &rArr; get_fhc(int) &rArr; get_console(int) &rArr; default_console() &rArr; DirectSerial::DirectSerial(PinName, PinName, int) &rArr; serial_init &rArr; serial_preinit &rArr; pin_location &rArr; error &rArr;  print_error_report (Cycle)
<P>
<H3>
Mutually Recursive functions
</H3> <LI><a href="#[212]">core_util_critical_section_enter</a>&nbsp;&nbsp;&nbsp;&rArr;&nbsp;&nbsp;&nbsp;<a href="#[228]">mbed_assert_internal</a><BR>
 <LI><a href="#[228]">mbed_assert_internal</a>&nbsp;&nbsp;&nbsp;&rArr;&nbsp;&nbsp;&nbsp;<a href="#[1c1]">mbed_error</a><BR>
 <LI><a href="#[1c3]">EvrRtxMutexError</a>&nbsp;&nbsp;&nbsp;&rArr;&nbsp;&nbsp;&nbsp;<a href="#[1c1]">mbed_error</a><BR>
 <LI><a href="#[19e]">CMU_OscillatorEnable</a>&nbsp;&nbsp;&nbsp;&rArr;&nbsp;&nbsp;&nbsp;<a href="#[19e]">CMU_OscillatorEnable</a><BR>
 <LI><a href="#[2ab]">pinmap_peripheral</a>&nbsp;&nbsp;&nbsp;&rArr;&nbsp;&nbsp;&nbsp;<a href="#[1c1]">mbed_error</a><BR>
 <LI><a href="#[29a]">mbed_error_vprintf</a>&nbsp;&nbsp;&nbsp;&rArr;&nbsp;&nbsp;&nbsp;<a href="#[2d0]">mbed_error_puts</a><BR>
 <LI><a href="#[296]">error</a>&nbsp;&nbsp;&nbsp;&rArr;&nbsp;&nbsp;&nbsp;<a href="#[299]">print_error_report</a><BR>
 <LI><a href="#[2ce]">wait_ms</a>&nbsp;&nbsp;&nbsp;&rArr;&nbsp;&nbsp;&nbsp;<a href="#[1c1]">mbed_error</a><BR>
 <LI><a href="#[1c5]">EvrRtxThreadError</a>&nbsp;&nbsp;&nbsp;&rArr;&nbsp;&nbsp;&nbsp;<a href="#[1c1]">mbed_error</a><BR>
 <LI><a href="#[29d]">fsync</a>&nbsp;&nbsp;&nbsp;&rArr;&nbsp;&nbsp;&nbsp;<a href="#[21e]">get_fhc(int)</a><BR>
 <LI><a href="#[283]">osRtxErrorNotify</a>&nbsp;&nbsp;&nbsp;&rArr;&nbsp;&nbsp;&nbsp;<a href="#[1c1]">mbed_error</a><BR>
 <LI><a href="#[289]">isatty</a>&nbsp;&nbsp;&nbsp;&rArr;&nbsp;&nbsp;&nbsp;<a href="#[21e]">get_fhc(int)</a><BR>
 <LI><a href="#[145]">_sys_flen</a>&nbsp;&nbsp;&nbsp;&rArr;&nbsp;&nbsp;&nbsp;<a href="#[21e]">get_fhc(int)</a><BR>
 <LI><a href="#[16f]">_sys_write</a>&nbsp;&nbsp;&nbsp;&rArr;&nbsp;&nbsp;&nbsp;<a href="#[1c1]">mbed_error</a><BR>
 <LI><a href="#[28c]">lseek</a>&nbsp;&nbsp;&nbsp;&rArr;&nbsp;&nbsp;&nbsp;<a href="#[21e]">get_fhc(int)</a><BR>
 <LI><a href="#[2ac]">pinmap_merge</a>&nbsp;&nbsp;&nbsp;&rArr;&nbsp;&nbsp;&nbsp;<a href="#[1c1]">mbed_error</a><BR>
 <LI><a href="#[11]">NMI_Handler</a>&nbsp;&nbsp;&nbsp;&rArr;&nbsp;&nbsp;&nbsp;<a href="#[11]">NMI_Handler</a><BR>
 <LI><a href="#[17]">DebugMon_Handler</a>&nbsp;&nbsp;&nbsp;&rArr;&nbsp;&nbsp;&nbsp;<a href="#[17]">DebugMon_Handler</a><BR>
 <LI><a href="#[22]">ACMP0_IRQHandler</a>&nbsp;&nbsp;&nbsp;&rArr;&nbsp;&nbsp;&nbsp;<a href="#[22]">ACMP0_IRQHandler</a><BR>
 <LI><a href="#[11f]">__asm___13_rtx_mempool_c_7914b4c7__atomic_link_put</a>&nbsp;&nbsp;&nbsp;&rArr;&nbsp;&nbsp;&nbsp;<a href="#[11f]">__asm___13_rtx_mempool_c_7914b4c7__atomic_link_put</a><BR>
</UL>
<P>
<H3>
Function Pointers
</H3><UL>
 <LI><a href="#[67]">&lang;Func4&rang;</a> from .\build\serialbase.o(i.<Func4>) referenced from .\build\serialbase.o(i._ZN4mbed10SerialBaseC1E7PinNameS1_i)
 <LI><a href="#[6f]">&lang;Func7&rang;</a> from .\build\arm_hal_fhss_timer.o(i.<Func7>) referenced from .\build\arm_hal_fhss_timer.o(i.__sti___22_arm_hal_fhss_timer_cpp_12d6f2f7)
 <LI><a href="#[22]">ACMP0_IRQHandler</a> from .\build\startup_efm32gg11.o(.text) referenced from .\build\startup_efm32gg11.o(RESET)
 <LI><a href="#[51]">ACMP2_IRQHandler</a> from .\build\startup_efm32gg11.o(.text) referenced from .\build\startup_efm32gg11.o(RESET)
 <LI><a href="#[23]">ADC0_IRQHandler</a> from .\build\startup_efm32gg11.o(.text) referenced from .\build\startup_efm32gg11.o(RESET)
 <LI><a href="#[52]">ADC1_IRQHandler</a> from .\build\startup_efm32gg11.o(.text) referenced from .\build\startup_efm32gg11.o(RESET)
 <LI><a href="#[14]">BusFault_Handler</a> from .\build\except.o(.text) referenced from .\build\startup_efm32gg11.o(RESET)
 <LI><a href="#[56]">CAN0_IRQHandler</a> from .\build\startup_efm32gg11.o(.text) referenced from .\build\startup_efm32gg11.o(RESET)
 <LI><a href="#[57]">CAN1_IRQHandler</a> from .\build\startup_efm32gg11.o(.text) referenced from .\build\startup_efm32gg11.o(RESET)
 <LI><a href="#[3a]">CMU_IRQHandler</a> from .\build\startup_efm32gg11.o(.text) referenced from .\build\startup_efm32gg11.o(RESET)
 <LI><a href="#[3d]">CRYOTIMER_IRQHandler</a> from .\build\startup_efm32gg11.o(.text) referenced from .\build\startup_efm32gg11.o(RESET)
 <LI><a href="#[3c]">CRYPTO0_IRQHandler</a> from .\build\startup_efm32gg11.o(.text) referenced from .\build\startup_efm32gg11.o(RESET)
 <LI><a href="#[4e]">CSEN_IRQHandler</a> from .\build\startup_efm32gg11.o(.text) referenced from .\build\startup_efm32gg11.o(RESET)
 <LI><a href="#[17]">DebugMon_Handler</a> from .\build\startup_efm32gg11.o(.text) referenced from .\build\startup_efm32gg11.o(RESET)
 <LI><a href="#[50]">EBI_IRQHandler</a> from .\build\startup_efm32gg11.o(.text) referenced from .\build\startup_efm32gg11.o(RESET)
 <LI><a href="#[1a]">EMU_IRQHandler</a> from .\build\startup_efm32gg11.o(.text) referenced from .\build\startup_efm32gg11.o(RESET)
 <LI><a href="#[55]">ETH_IRQHandler</a> from .\build\sl_emac.o(i.ETH_IRQHandler) referenced from .\build\startup_efm32gg11.o(RESET)
 <LI><a href="#[3e]">FPUEH_IRQHandler</a> from .\build\startup_efm32gg11.o(.text) referenced from .\build\startup_efm32gg11.o(RESET)
 <LI><a href="#[1d]">GPIO_EVEN_IRQHandler</a> from .\build\gpio_irq_api.o(i.GPIO_EVEN_IRQHandler) referenced from .\build\startup_efm32gg11.o(RESET)
 <LI><a href="#[27]">GPIO_ODD_IRQHandler</a> from .\build\gpio_irq_api.o(i.GPIO_ODD_IRQHandler) referenced from .\build\startup_efm32gg11.o(RESET)
 <LI><a href="#[12]">HardFault_Handler</a> from .\build\except.o(.text) referenced from .\build\startup_efm32gg11.o(RESET)
 <LI><a href="#[25]">I2C0_IRQHandler</a> from .\build\startup_efm32gg11.o(.text) referenced from .\build\startup_efm32gg11.o(RESET)
 <LI><a href="#[26]">I2C1_IRQHandler</a> from .\build\startup_efm32gg11.o(.text) referenced from .\build\startup_efm32gg11.o(RESET)
 <LI><a href="#[47]">I2C2_IRQHandler</a> from .\build\startup_efm32gg11.o(.text) referenced from .\build\startup_efm32gg11.o(RESET)
 <LI><a href="#[24]">IDAC0_IRQHandler</a> from .\build\startup_efm32gg11.o(.text) referenced from .\build\startup_efm32gg11.o(RESET)
 <LI><a href="#[53]">LCD_IRQHandler</a> from .\build\startup_efm32gg11.o(.text) referenced from .\build\startup_efm32gg11.o(RESET)
 <LI><a href="#[1c]">LDMA_IRQHandler</a> from .\build\dma_api.o(i.LDMA_IRQHandler) referenced from .\build\startup_efm32gg11.o(RESET)
 <LI><a href="#[4f]">LESENSE_IRQHandler</a> from .\build\startup_efm32gg11.o(.text) referenced from .\build\startup_efm32gg11.o(RESET)
 <LI><a href="#[35]">LETIMER0_IRQHandler</a> from .\build\startup_efm32gg11.o(.text) referenced from .\build\startup_efm32gg11.o(RESET)
 <LI><a href="#[5b]">LETIMER1_IRQHandler</a> from .\build\startup_efm32gg11.o(.text) referenced from .\build\startup_efm32gg11.o(RESET)
 <LI><a href="#[33]">LEUART0_IRQHandler</a> from .\build\startup_efm32gg11.o(.text) referenced from .\build\startup_efm32gg11.o(RESET)
 <LI><a href="#[34]">LEUART1_IRQHandler</a> from .\build\startup_efm32gg11.o(.text) referenced from .\build\startup_efm32gg11.o(RESET)
 <LI><a href="#[3b]">MSC_IRQHandler</a> from .\build\startup_efm32gg11.o(.text) referenced from .\build\startup_efm32gg11.o(RESET)
 <LI><a href="#[13]">MemManage_Handler</a> from .\build\except.o(.text) referenced from .\build\startup_efm32gg11.o(RESET)
 <LI><a href="#[11]">NMI_Handler</a> from .\build\startup_efm32gg11.o(.text) referenced from .\build\startup_efm32gg11.o(RESET)
 <LI><a href="#[36]">PCNT0_IRQHandler</a> from .\build\startup_efm32gg11.o(.text) referenced from .\build\startup_efm32gg11.o(RESET)
 <LI><a href="#[37]">PCNT1_IRQHandler</a> from .\build\startup_efm32gg11.o(.text) referenced from .\build\startup_efm32gg11.o(RESET)
 <LI><a href="#[38]">PCNT2_IRQHandler</a> from .\build\startup_efm32gg11.o(.text) referenced from .\build\startup_efm32gg11.o(RESET)
 <LI><a href="#[18]">PendSV_Handler</a> from .\build\irq_cm4f.o(.text) referenced from .\build\startup_efm32gg11.o(RESET)
 <LI><a href="#[5d]">QSPI0_IRQHandler</a> from .\build\startup_efm32gg11.o(.text) referenced from .\build\startup_efm32gg11.o(RESET)
 <LI><a href="#[39]">RTCC_IRQHandler</a> from .\build\rtcc.o(i.RTCC_IRQHandler) referenced from .\build\startup_efm32gg11.o(RESET)
 <LI><a href="#[59]">RTC_IRQHandler</a> from .\build\startup_efm32gg11.o(.text) referenced from .\build\startup_efm32gg11.o(RESET)
 <LI><a href="#[10]">Reset_Handler</a> from .\build\startup_efm32gg11.o(.text) referenced from .\build\startup_efm32gg11.o(RESET)
 <LI><a href="#[54]">SDIO_IRQHandler</a> from .\build\startup_efm32gg11.o(.text) referenced from .\build\startup_efm32gg11.o(RESET)
 <LI><a href="#[1e]">SMU_IRQHandler</a> from .\build\startup_efm32gg11.o(.text) referenced from .\build\startup_efm32gg11.o(RESET)
 <LI><a href="#[16]">SVC_Handler</a> from .\build\irq_cm4f.o(.text) referenced from .\build\startup_efm32gg11.o(RESET)
 <LI><a href="#[19]">SysTick_Handler</a> from .\build\irq_cm4f.o(.text) referenced from .\build\startup_efm32gg11.o(RESET)
 <LI><a href="#[19]">SysTick_Handler</a> from .\build\irq_cm4f.o(.text) referenced from .\build\systimer.o(i._ZN4rtos8internal8SysTimer9setup_irqEv)
 <LI><a href="#[19]">SysTick_Handler</a> from .\build\irq_cm4f.o(.text) referenced from .\build\rtx_kernel.o(i.svcRtxKernelStart)
 <LI><a href="#[5e]">SystemInit</a> from .\build\system_efm32gg11b.o(i.SystemInit) referenced from .\build\startup_efm32gg11.o(.text)
 <LI><a href="#[1f]">TIMER0_IRQHandler</a> from .\build\startup_efm32gg11.o(.text) referenced from .\build\startup_efm32gg11.o(RESET)
 <LI><a href="#[28]">TIMER1_IRQHandler</a> from .\build\startup_efm32gg11.o(.text) referenced from .\build\startup_efm32gg11.o(RESET)
 <LI><a href="#[29]">TIMER2_IRQHandler</a> from .\build\startup_efm32gg11.o(.text) referenced from .\build\startup_efm32gg11.o(RESET)
 <LI><a href="#[2a]">TIMER3_IRQHandler</a> from .\build\startup_efm32gg11.o(.text) referenced from .\build\startup_efm32gg11.o(RESET)
 <LI><a href="#[49]">TIMER4_IRQHandler</a> from .\build\startup_efm32gg11.o(.text) referenced from .\build\startup_efm32gg11.o(RESET)
 <LI><a href="#[4a]">TIMER5_IRQHandler</a> from .\build\startup_efm32gg11.o(.text) referenced from .\build\startup_efm32gg11.o(RESET)
 <LI><a href="#[4b]">TIMER6_IRQHandler</a> from .\build\startup_efm32gg11.o(.text) referenced from .\build\startup_efm32gg11.o(RESET)
 <LI><a href="#[5c]">TRNG0_IRQHandler</a> from .\build\startup_efm32gg11.o(.text) referenced from .\build\startup_efm32gg11.o(RESET)
 <LI><a href="#[2f]">UART0_RX_IRQHandler</a> from .\build\startup_efm32gg11.o(.text) referenced from .\build\startup_efm32gg11.o(RESET)
 <LI><a href="#[30]">UART0_TX_IRQHandler</a> from .\build\startup_efm32gg11.o(.text) referenced from .\build\startup_efm32gg11.o(RESET)
 <LI><a href="#[31]">UART1_RX_IRQHandler</a> from .\build\startup_efm32gg11.o(.text) referenced from .\build\startup_efm32gg11.o(RESET)
 <LI><a href="#[32]">UART1_TX_IRQHandler</a> from .\build\startup_efm32gg11.o(.text) referenced from .\build\startup_efm32gg11.o(RESET)
 <LI><a href="#[20]">USART0_RX_IRQHandler</a> from .\build\startup_efm32gg11.o(.text) referenced from .\build\startup_efm32gg11.o(RESET)
 <LI><a href="#[21]">USART0_TX_IRQHandler</a> from .\build\startup_efm32gg11.o(.text) referenced from .\build\startup_efm32gg11.o(RESET)
 <LI><a href="#[2b]">USART1_RX_IRQHandler</a> from .\build\startup_efm32gg11.o(.text) referenced from .\build\startup_efm32gg11.o(RESET)
 <LI><a href="#[2c]">USART1_TX_IRQHandler</a> from .\build\startup_efm32gg11.o(.text) referenced from .\build\startup_efm32gg11.o(RESET)
 <LI><a href="#[2d]">USART2_RX_IRQHandler</a> from .\build\startup_efm32gg11.o(.text) referenced from .\build\startup_efm32gg11.o(RESET)
 <LI><a href="#[2e]">USART2_TX_IRQHandler</a> from .\build\startup_efm32gg11.o(.text) referenced from .\build\startup_efm32gg11.o(RESET)
 <LI><a href="#[3f]">USART3_RX_IRQHandler</a> from .\build\startup_efm32gg11.o(.text) referenced from .\build\startup_efm32gg11.o(RESET)
 <LI><a href="#[40]">USART3_TX_IRQHandler</a> from .\build\startup_efm32gg11.o(.text) referenced from .\build\startup_efm32gg11.o(RESET)
 <LI><a href="#[41]">USART4_RX_IRQHandler</a> from .\build\startup_efm32gg11.o(.text) referenced from .\build\startup_efm32gg11.o(RESET)
 <LI><a href="#[42]">USART4_TX_IRQHandler</a> from .\build\startup_efm32gg11.o(.text) referenced from .\build\startup_efm32gg11.o(RESET)
 <LI><a href="#[4c]">USART5_RX_IRQHandler</a> from .\build\startup_efm32gg11.o(.text) referenced from .\build\startup_efm32gg11.o(RESET)
 <LI><a href="#[4d]">USART5_TX_IRQHandler</a> from .\build\startup_efm32gg11.o(.text) referenced from .\build\startup_efm32gg11.o(RESET)
 <LI><a href="#[58]">USB_IRQHandler</a> from .\build\startup_efm32gg11.o(.text) referenced from .\build\startup_efm32gg11.o(RESET)
 <LI><a href="#[15]">UsageFault_Handler</a> from .\build\except.o(.text) referenced from .\build\startup_efm32gg11.o(RESET)
 <LI><a href="#[48]">VDAC0_IRQHandler</a> from .\build\startup_efm32gg11.o(.text) referenced from .\build\startup_efm32gg11.o(RESET)
 <LI><a href="#[1b]">WDOG0_IRQHandler</a> from .\build\startup_efm32gg11.o(.text) referenced from .\build\startup_efm32gg11.o(RESET)
 <LI><a href="#[5a]">WDOG1_IRQHandler</a> from .\build\startup_efm32gg11.o(.text) referenced from .\build\startup_efm32gg11.o(RESET)
 <LI><a href="#[43]">WTIMER0_IRQHandler</a> from .\build\startup_efm32gg11.o(.text) referenced from .\build\startup_efm32gg11.o(RESET)
 <LI><a href="#[44]">WTIMER1_IRQHandler</a> from .\build\startup_efm32gg11.o(.text) referenced from .\build\startup_efm32gg11.o(RESET)
 <LI><a href="#[45]">WTIMER2_IRQHandler</a> from .\build\startup_efm32gg11.o(.text) referenced from .\build\startup_efm32gg11.o(RESET)
 <LI><a href="#[46]">WTIMER3_IRQHandler</a> from .\build\startup_efm32gg11.o(.text) referenced from .\build\startup_efm32gg11.o(RESET)
 <LI><a href="#[f]">default_idle_hook()</a> from .\build\mbed_rtx_idle.o(i._Z17default_idle_hookv) referenced 2 times from .\build\mbed_rtx_idle.o(.data)
 <LI><a href="#[b6]">DirectSerial::seek(long, int)</a> from .\build\mbed_retarget.o(i._ZN12DirectSerial4seekEli) referenced from .\build\mbed_retarget.o(.constdata__ZTV12DirectSerial)
 <LI><a href="#[ba]">DirectSerial::size()</a> from .\build\mbed_retarget.o(i._ZN12DirectSerial4sizeEv) referenced from .\build\mbed_retarget.o(.constdata__ZTV12DirectSerial)
 <LI><a href="#[b7]">DirectSerial::close()</a> from .\build\mbed_retarget.o(i._ZN12DirectSerial5closeEv) referenced from .\build\mbed_retarget.o(.constdata__ZTV12DirectSerial)
 <LI><a href="#[b5]">DirectSerial::write(const void*, unsigned)</a> from .\build\mbed_retarget.o(i._ZN12DirectSerial5writeEPKvj) referenced from .\build\mbed_retarget.o(.constdata__ZTV12DirectSerial)
 <LI><a href="#[b9]">DirectSerial::isatty()</a> from .\build\mbed_retarget.o(i._ZN12DirectSerial6isattyEv) referenced from .\build\mbed_retarget.o(.constdata__ZTV12DirectSerial)
 <LI><a href="#[65]">DirectSerial::~DirectSerial()</a> from .\build\mbed_retarget.o(i._ZN12DirectSerialD1Ev) referenced from .\build\mbed_retarget.o(.constdata__ZTV12DirectSerial)
 <LI><a href="#[65]">DirectSerial::~DirectSerial()</a> from .\build\mbed_retarget.o(i._ZN12DirectSerialD1Ev) referenced from .\build\mbed_retarget.o(i._Z15default_consolev)
 <LI><a href="#[6e]">fhss_timeout_s::fhss_timeout_s()</a> from .\build\arm_hal_fhss_timer.o(i._ZN14fhss_timeout_sC1Ev) referenced from .\build\arm_hal_fhss_timer.o(i.__sti___22_arm_hal_fhss_timer_cpp_12d6f2f7)
 <LI><a href="#[64]">fhss_timeout_s::~fhss_timeout_s()</a> from .\build\arm_hal_fhss_timer.o(i._ZN14fhss_timeout_sD1Ev) referenced from .\build\arm_hal_fhss_timer.o(i.<Func7>)
 <LI><a href="#[be]">mbed::FileHandle::size()</a> from .\build\filehandle.o(i._ZN4mbed10FileHandle4sizeEv) referenced from .\build\filehandle.o(.constdata__ZTVN4mbed10FileHandleE)
 <LI><a href="#[be]">mbed::FileHandle::size()</a> from .\build\filehandle.o(i._ZN4mbed10FileHandle4sizeEv) referenced from .\build\stream.o(.constdata__ZTVN4mbed8FileLikeE)
 <LI><a href="#[b8]">mbed::FileHandle::sync()</a> from .\build\filehandle.o(i._ZN4mbed10FileHandle4syncEv) referenced from .\build\mbed_retarget.o(.constdata__ZTV12DirectSerial)
 <LI><a href="#[b8]">mbed::FileHandle::sync()</a> from .\build\filehandle.o(i._ZN4mbed10FileHandle4syncEv) referenced from .\build\filehandle.o(.constdata__ZTVN4mbed10FileHandleE)
 <LI><a href="#[b8]">mbed::FileHandle::sync()</a> from .\build\filehandle.o(i._ZN4mbed10FileHandle4syncEv) referenced from .\build\stream.o(.constdata__ZTVN4mbed8FileLikeE)
 <LI><a href="#[bd]">mbed::FileHandle::isatty()</a> from .\build\filehandle.o(i._ZN4mbed10FileHandle6isattyEv) referenced from .\build\filehandle.o(.constdata__ZTVN4mbed10FileHandleE)
 <LI><a href="#[bd]">mbed::FileHandle::isatty()</a> from .\build\filehandle.o(i._ZN4mbed10FileHandle6isattyEv) referenced from .\build\stream.o(.constdata__ZTVN4mbed8FileLikeE)
 <LI><a href="#[bc]">mbed::FileHandle::~FileHandle__sub_object()</a> from .\build\filehandle.o(i._ZN4mbed10FileHandleD2Ev) referenced from .\build\filehandle.o(.constdata__ZTVN4mbed10FileHandleE)
 <LI><a href="#[68]">mbed::SerialBase::_irq_handler(unsigned, SerialIrq)</a> from .\build\serialbase.o(i._ZN4mbed10SerialBase12_irq_handlerEj9SerialIrq) referenced from .\build\serialbase.o(i._ZN4mbed10SerialBaseC1E7PinNameS1_i)
 <LI><a href="#[b4]">mbed::SerialBase::interrupt_handler_asynch()</a> from .\build\serialbase.o(i._ZN4mbed10SerialBase24interrupt_handler_asynchEv) referenced from .\build\serialbase.o(.constdata)
 <LI><a href="#[bf]">mbed::SerialBase::lock()</a> from .\build\serialbase.o(i._ZN4mbed10SerialBase4lockEv) referenced from .\build\serialbase.o(.constdata__ZTVN4mbed10SerialBaseE)
 <LI><a href="#[c0]">mbed::SerialBase::unlock()</a> from .\build\serialbase.o(i._ZN4mbed10SerialBase6unlockEv) referenced from .\build\serialbase.o(.constdata__ZTVN4mbed10SerialBaseE)
 <LI><a href="#[c1]">mbed::SerialBase::~SerialBase()</a> from .\build\serialbase.o(i._ZN4mbed10SerialBaseD1Ev) referenced from .\build\serialbase.o(.constdata__ZTVN4mbed10SerialBaseE)
 <LI><a href="#[6a]">mbed::TimerEvent::irq(unsigned)</a> from .\build\timerevent.o(i._ZN4mbed10TimerEvent3irqEj) referenced from .\build\timerevent.o(i._ZN4mbed10TimerEventC2EPK13ticker_data_t)
 <LI><a href="#[6a]">mbed::TimerEvent::irq(unsigned)</a> from .\build\timerevent.o(i._ZN4mbed10TimerEvent3irqEj) referenced from .\build\timerevent.o(i._ZN4mbed10TimerEventC2Ev)
 <LI><a href="#[c2]">mbed::TimerEvent::~TimerEvent__sub_object()</a> from .\build\timerevent.o(i._ZN4mbed10TimerEventD2Ev) referenced from .\build\timerevent.o(.constdata__ZTVN4mbed10TimerEventE)
 <LI><a href="#[70]">mbed::Transaction&lang;mbed::SPI&rang;::Transaction()</a> from .\build\spi.o(t._ZN4mbed11TransactionINS_3SPIEEC1Ev) referenced from .\build\spi.o(i.__sti___7_SPI_cpp_ab1f1164)
 <LI><a href="#[a2]">mbed::Transaction&lang;mbed::SPI&rang;::~Transaction()</a> from .\build\spi.o(t._ZN4mbed11TransactionINS_3SPIEED1Ev) referenced from .\build\spi.o(t._ZN4mbed14CircularBufferINS_11TransactionINS_3SPIEEELj4EjED1Ev)
 <LI><a href="#[71]">mbed::CircularBuffer&lang;mbed::Transaction&lang;mbed::SPI&rang;, (unsigned)4, unsigned&rang;::~CircularBuffer()</a> from .\build\spi.o(t._ZN4mbed14CircularBufferINS_11TransactionINS_3SPIEEELj4EjED1Ev) referenced from .\build\spi.o(i.__sti___7_SPI_cpp_ab1f1164)
 <LI><a href="#[a3]">mbed::I2C::irq_handler_asynch()</a> from .\build\i2c.o(i._ZN4mbed3I2C18irq_handler_asynchEv) referenced from .\build\i2c.o(.constdata)
 <LI><a href="#[c3]">mbed::I2C::lock()</a> from .\build\i2c.o(i._ZN4mbed3I2C4lockEv) referenced from .\build\i2c.o(.constdata__ZTVN4mbed3I2CE)
 <LI><a href="#[c4]">mbed::I2C::unlock()</a> from .\build\i2c.o(i._ZN4mbed3I2C6unlockEv) referenced from .\build\i2c.o(.constdata__ZTVN4mbed3I2CE)
 <LI><a href="#[73]">mbed::I2C::~I2C()</a> from .\build\i2c.o(i._ZN4mbed3I2CD1Ev) referenced from .\build\i2c.o(.constdata__ZTVN4mbed3I2CE)
 <LI><a href="#[73]">mbed::I2C::~I2C()</a> from .\build\i2c.o(i._ZN4mbed3I2CD1Ev) referenced from .\build\main.o(i.__sti___8_main_cpp_pc)
 <LI><a href="#[6d]">mbed::Timer::~Timer()</a> from .\build\timer.o(i._ZN4mbed5TimerD1Ev) referenced from .\build\arm_hal_fhss_timer.o(i.__sti___22_arm_hal_fhss_timer_cpp_12d6f2f7)
 <LI><a href="#[c5]">mbed::Serial::lock()</a> from .\build\serial.o(i._ZN4mbed6Serial4lockEv) referenced from .\build\serial.o(.constdata__ZTVN4mbed6SerialE)
 <LI><a href="#[c7]">mbed::Serial::_putc(int)</a> from .\build\serial.o(i._ZN4mbed6Serial5_putcEi) referenced from .\build\serial.o(.constdata__ZTVN4mbed6SerialE)
 <LI><a href="#[c6]">mbed::Serial::unlock()</a> from .\build\serial.o(i._ZN4mbed6Serial6unlockEv) referenced from .\build\serial.o(.constdata__ZTVN4mbed6SerialE)
 <LI><a href="#[72]">mbed::Serial::~Serial()</a> from .\build\serial.o(i._ZN4mbed6SerialD1Ev) referenced from .\build\serial.o(.constdata__ZTVN4mbed6SerialE)
 <LI><a href="#[72]">mbed::Serial::~Serial()</a> from .\build\serial.o(i._ZN4mbed6SerialD1Ev) referenced from .\build\main.o(i.__sti___8_main_cpp_pc)
 <LI><a href="#[d2]">mbed::Stream::lock()</a> from .\build\stream.o(i._ZN4mbed6Stream4lockEv) referenced from .\build\stream.o(.constdata__ZTVN4mbed6StreamE)
 <LI><a href="#[c9]">mbed::Stream::seek(long, int)</a> from .\build\stream.o(i._ZN4mbed6Stream4seekEli) referenced from .\build\serial.o(.constdata__ZTVN4mbed6SerialE)
 <LI><a href="#[c9]">mbed::Stream::seek(long, int)</a> from .\build\stream.o(i._ZN4mbed6Stream4seekEli) referenced from .\build\stream.o(.constdata__ZTVN4mbed6StreamE)
 <LI><a href="#[cd]">mbed::Stream::size()</a> from .\build\stream.o(i._ZN4mbed6Stream4sizeEv) referenced from .\build\serial.o(.constdata__ZTVN4mbed6SerialE)
 <LI><a href="#[cd]">mbed::Stream::size()</a> from .\build\stream.o(i._ZN4mbed6Stream4sizeEv) referenced from .\build\stream.o(.constdata__ZTVN4mbed6StreamE)
 <LI><a href="#[cb]">mbed::Stream::sync()</a> from .\build\stream.o(i._ZN4mbed6Stream4syncEv) referenced from .\build\serial.o(.constdata__ZTVN4mbed6SerialE)
 <LI><a href="#[cb]">mbed::Stream::sync()</a> from .\build\stream.o(i._ZN4mbed6Stream4syncEv) referenced from .\build\stream.o(.constdata__ZTVN4mbed6StreamE)
 <LI><a href="#[ca]">mbed::Stream::close()</a> from .\build\stream.o(i._ZN4mbed6Stream5closeEv) referenced from .\build\serial.o(.constdata__ZTVN4mbed6SerialE)
 <LI><a href="#[ca]">mbed::Stream::close()</a> from .\build\stream.o(i._ZN4mbed6Stream5closeEv) referenced from .\build\stream.o(.constdata__ZTVN4mbed6StreamE)
 <LI><a href="#[c8]">mbed::Stream::write(const void*, unsigned)</a> from .\build\stream.o(i._ZN4mbed6Stream5writeEPKvj) referenced from .\build\serial.o(.constdata__ZTVN4mbed6SerialE)
 <LI><a href="#[c8]">mbed::Stream::write(const void*, unsigned)</a> from .\build\stream.o(i._ZN4mbed6Stream5writeEPKvj) referenced from .\build\stream.o(.constdata__ZTVN4mbed6StreamE)
 <LI><a href="#[cc]">mbed::Stream::isatty()</a> from .\build\stream.o(i._ZN4mbed6Stream6isattyEv) referenced from .\build\serial.o(.constdata__ZTVN4mbed6SerialE)
 <LI><a href="#[cc]">mbed::Stream::isatty()</a> from .\build\stream.o(i._ZN4mbed6Stream6isattyEv) referenced from .\build\stream.o(.constdata__ZTVN4mbed6StreamE)
 <LI><a href="#[d3]">mbed::Stream::unlock()</a> from .\build\stream.o(i._ZN4mbed6Stream6unlockEv) referenced from .\build\stream.o(.constdata__ZTVN4mbed6StreamE)
 <LI><a href="#[d1]">mbed::Stream::~Stream__sub_object()</a> from .\build\stream.o(i._ZN4mbed6StreamD2Ev) referenced from .\build\stream.o(.constdata__ZTVN4mbed6StreamE)
 <LI><a href="#[d4]">mbed::Ticker::handler()</a> from .\build\ticker.o(i._ZN4mbed6Ticker7handlerEv) referenced from .\build\ticker.o(.constdata__ZTVN4mbed6TickerE)
 <LI><a href="#[d5]">mbed::Timeout::handler()</a> from .\build\timeout.o(i._ZN4mbed7Timeout7handlerEv) referenced from .\build\timeout.o(.constdata__ZTVN4mbed7TimeoutE)
 <LI><a href="#[d9]">void mbed::Callback&lang;void(void*)&rang;::function_call&lang;void(*)(void*)&rang;(const void*, void*)</a> from .\build\sl_emac.o(t._ZN4mbed8CallbackIFvPvEE13function_callIPS2_EEvPKvS1_) referenced from .\build\sl_emac.o(.constdata__ZZN4mbed8CallbackIFvPvEE8generateIPS2_EEvRKT_E3ops)
 <LI><a href="#[db]">void mbed::Callback&lang;void(void*)&rang;::function_dtor&lang;void(*)(void*)&rang;(void*)</a> from .\build\sl_emac.o(t._ZN4mbed8CallbackIFvPvEE13function_dtorIPS2_EEvS1_) referenced from .\build\sl_emac.o(.constdata__ZZN4mbed8CallbackIFvPvEE8generateIPS2_EEvRKT_E3ops)
 <LI><a href="#[da]">void mbed::Callback&lang;void(void*)&rang;::function_move&lang;void(*)(void*)&rang;(void*, const void*)</a> from .\build\sl_emac.o(t._ZN4mbed8CallbackIFvPvEE13function_moveIPS2_EEvS1_PKv) referenced from .\build\sl_emac.o(.constdata__ZZN4mbed8CallbackIFvPvEE8generateIPS2_EEvRKT_E3ops)
 <LI><a href="#[dc]">void mbed::Callback&lang;void(bool)&rang;::function_call&lang;void(*)(bool)&rang;(const void*, bool)</a> from .\build\lorawanstack.o(t._ZN4mbed8CallbackIFvbEE13function_callIPS1_EEvPKvb) referenced from .\build\lorawanstack.o(.constdata__ZZN4mbed8CallbackIFvbEE8generateIPS1_EEvRKT_E3ops)
 <LI><a href="#[de]">void mbed::Callback&lang;void(bool)&rang;::function_dtor&lang;void(*)(bool)&rang;(void*)</a> from .\build\lorawanstack.o(t._ZN4mbed8CallbackIFvbEE13function_dtorIPS1_EEvPv) referenced from .\build\lorawanstack.o(.constdata__ZZN4mbed8CallbackIFvbEE8generateIPS1_EEvRKT_E3ops)
 <LI><a href="#[dd]">void mbed::Callback&lang;void(bool)&rang;::function_move&lang;void(*)(bool)&rang;(void*, const void*)</a> from .\build\lorawanstack.o(t._ZN4mbed8CallbackIFvbEE13function_moveIPS1_EEvPvPKv) referenced from .\build\lorawanstack.o(.constdata__ZZN4mbed8CallbackIFvbEE8generateIPS1_EEvRKT_E3ops)
 <LI><a href="#[df]">void mbed::Callback&lang;void(int)&rang;::function_call&lang;void(*)(int)&rang;(const void*, int)</a> from .\build\eventqueue.o(t._ZN4mbed8CallbackIFviEE13function_callIPS1_EEvPKvi) referenced from .\build\eventqueue.o(.constdata__ZZN4mbed8CallbackIFviEE8generateIPS1_EEvRKT_E3ops)
 <LI><a href="#[e1]">void mbed::Callback&lang;void(int)&rang;::function_dtor&lang;void(*)(int)&rang;(void*)</a> from .\build\eventqueue.o(t._ZN4mbed8CallbackIFviEE13function_dtorIPS1_EEvPv) referenced from .\build\eventqueue.o(.constdata__ZZN4mbed8CallbackIFviEE8generateIPS1_EEvRKT_E3ops)
 <LI><a href="#[e0]">void mbed::Callback&lang;void(int)&rang;::function_move&lang;void(*)(int)&rang;(void*, const void*)</a> from .\build\eventqueue.o(t._ZN4mbed8CallbackIFviEE13function_moveIPS1_EEvPvPKv) referenced from .\build\eventqueue.o(.constdata__ZZN4mbed8CallbackIFviEE8generateIPS1_EEvRKT_E3ops)
 <LI><a href="#[e2]">void mbed::Callback&lang;void()&rang;::function_call&lang;void(*)()&rang;(const void*)</a> from .\build\arm_hal_fhss_timer.o(t._ZN4mbed8CallbackIFvvEE13function_callIPS1_EEvPKv) referenced from .\build\arm_hal_fhss_timer.o(.constdata__ZZN4mbed8CallbackIFvvEE8generateIPS1_EEvRKT_E3ops)
 <LI><a href="#[e4]">void mbed::Callback&lang;void()&rang;::function_dtor&lang;void(*)()&rang;(void*)</a> from .\build\arm_hal_fhss_timer.o(t._ZN4mbed8CallbackIFvvEE13function_dtorIPS1_EEvPv) referenced from .\build\arm_hal_fhss_timer.o(.constdata__ZZN4mbed8CallbackIFvvEE8generateIPS1_EEvRKT_E3ops)
 <LI><a href="#[e3]">void mbed::Callback&lang;void()&rang;::function_move&lang;void(*)()&rang;(void*, const void*)</a> from .\build\arm_hal_fhss_timer.o(t._ZN4mbed8CallbackIFvvEE13function_moveIPS1_EEvPvPKv) referenced from .\build\arm_hal_fhss_timer.o(.constdata__ZZN4mbed8CallbackIFvvEE8generateIPS1_EEvRKT_E3ops)
 <LI><a href="#[69]">mbed::Callback&lang;void()&rang;::~Callback()</a> from .\build\arm_hal_fhss_timer.o(t._ZN4mbed8CallbackIFvvEED1Ev) referenced from .\build\serialbase.o(i._ZN4mbed10SerialBaseD1Ev)
 <LI><a href="#[d6]">mbed::FileBase::~FileBase()</a> from .\build\filebase.o(i._ZN4mbed8FileBaseD1Ev) referenced from .\build\filebase.o(.constdata__ZTVN4mbed8FileBaseE)
 <LI><a href="#[d7]">mbed::FileLike::~FileLike__sub_object()</a> from .\build\stream.o(i._ZN4mbed8FileLikeD2Ev) referenced from .\build\stream.o(.constdata__ZTVN4mbed8FileLikeE)
 <LI><a href="#[d8]">rtos::internal::SysTimer::handler()</a> from .\build\systimer.o(i._ZN4rtos8internal8SysTimer7handlerEv) referenced from .\build\systimer.o(.constdata__ZTVN4rtos8internal8SysTimerE)
 <LI><a href="#[66]">CThunk&lang;mbed::SerialBase&rang;::trampoline(CThunkBase*)</a> from .\build\serialbase.o(t._ZN6CThunkIN4mbed10SerialBaseEE10trampolineEP10CThunkBase) referenced from .\build\serialbase.o(i._ZN4mbed10SerialBaseC1E7PinNameS1_i)
 <LI><a href="#[6b]">CThunk&lang;mbed::I2C&rang;::trampoline(CThunkBase*)</a> from .\build\i2c.o(t._ZN6CThunkIN4mbed3I2CEE10trampolineEP10CThunkBase) referenced from .\build\i2c.o(i._ZN4mbed3I2CC1E7PinNameS1_)
 <LI><a href="#[6c]">SL_EMAC::~SL_EMAC()</a> from .\build\sl_emac.o(i._ZN7SL_EMACD1Ev) referenced from .\build\sl_emac.o(i._ZN7SL_EMAC12get_instanceEv)
 <LI><a href="#[cf]">thunk{-196} to mbed::Serial::lock()</a> from .\build\serial.o(i._ZThn196_N4mbed6Serial4lockEv) referenced from .\build\serial.o(.constdata__ZTVN4mbed6SerialE)
 <LI><a href="#[ce]">thunk{-196} to mbed::Serial::_putc(int)</a> from .\build\serial.o(i._ZThn196_N4mbed6Serial5_putcEi) referenced from .\build\serial.o(.constdata__ZTVN4mbed6SerialE)
 <LI><a href="#[d0]">thunk{-196} to mbed::Serial::unlock()</a> from .\build\serial.o(i._ZThn196_N4mbed6Serial6unlockEv) referenced from .\build\serial.o(.constdata__ZTVN4mbed6SerialE)
 <LI><a href="#[bb]">__cxa_pure_virtual</a> from C:\Keil_v5\ARM\ARMCC\Bin\..\lib\cpplib\cpprt_w.l(pure_virt.o)(i.__cxa_pure_virtual) referenced 15 times from .\build\sl_emac.o(.constdata__ZTV4EMAC)
 <LI><a href="#[bb]">__cxa_pure_virtual</a> from C:\Keil_v5\ARM\ARMCC\Bin\..\lib\cpplib\cpprt_w.l(pure_virt.o)(i.__cxa_pure_virtual) referenced 4 times from .\build\filehandle.o(.constdata__ZTVN4mbed10FileHandleE)
 <LI><a href="#[bb]">__cxa_pure_virtual</a> from C:\Keil_v5\ARM\ARMCC\Bin\..\lib\cpplib\cpprt_w.l(pure_virt.o)(i.__cxa_pure_virtual) referenced from .\build\timerevent.o(.constdata__ZTVN4mbed10TimerEventE)
 <LI><a href="#[bb]">__cxa_pure_virtual</a> from C:\Keil_v5\ARM\ARMCC\Bin\..\lib\cpplib\cpprt_w.l(pure_virt.o)(i.__cxa_pure_virtual) referenced 2 times from .\build\stream.o(.constdata__ZTVN4mbed6StreamE)
 <LI><a href="#[bb]">__cxa_pure_virtual</a> from C:\Keil_v5\ARM\ARMCC\Bin\..\lib\cpplib\cpprt_w.l(pure_virt.o)(i.__cxa_pure_virtual) referenced 4 times from .\build\stream.o(.constdata__ZTVN4mbed8FileLikeE)
 <LI><a href="#[e8]">__main</a> from C:\Keil_v5\ARM\ARMCC\Bin\..\lib\armlib\c_w.l(__main.o)(!!!main) referenced from .\build\startup_efm32gg11.o(.text)
 <LI><a href="#[e5]">__sti___22_arm_hal_fhss_timer_cpp_12d6f2f7</a> from .\build\arm_hal_fhss_timer.o(i.__sti___22_arm_hal_fhss_timer_cpp_12d6f2f7) referenced from .\build\arm_hal_fhss_timer.o(.init_array)
 <LI><a href="#[e6]">__sti___7_SPI_cpp_ab1f1164</a> from .\build\spi.o(i.__sti___7_SPI_cpp_ab1f1164) referenced from .\build\spi.o(.init_array)
 <LI><a href="#[e7]">__sti___8_main_cpp_pc</a> from .\build\main.o(i.__sti___8_main_cpp_pc) referenced from .\build\main.o(.init_array)
 <LI><a href="#[63]">_fputc$unlocked</a> from C:\Keil_v5\ARM\ARMCC\Bin\..\lib\armlib\c_w.l(fputc.o)(i.fputc) referenced from C:\Keil_v5\ARM\ARMCC\Bin\..\lib\armlib\c_w.l(_printf_char_file_locked.o)(.text)
 <LI><a href="#[60]">_get_lc_ctype</a> from C:\Keil_v5\ARM\ARMCC\Bin\..\lib\armlib\c_w.l(lc_ctype_c.o)(locale$$code) referenced from C:\Keil_v5\ARM\ARMCC\Bin\..\lib\armlib\c_w.l(rt_ctype_table.o)(.text)
 <LI><a href="#[62]">_printf_input_char</a> from C:\Keil_v5\ARM\ARMCC\Bin\..\lib\armlib\c_w.l(_printf_char_common.o)(.text) referenced from C:\Keil_v5\ARM\ARMCC\Bin\..\lib\armlib\c_w.l(_printf_char_common.o)(.text)
 <LI><a href="#[61]">_snputc</a> from C:\Keil_v5\ARM\ARMCC\Bin\..\lib\armlib\c_w.l(_snputc.o)(.text) referenced from C:\Keil_v5\ARM\ARMCC\Bin\..\lib\armlib\c_w.l(vsnprintf.o)(.text)
 <LI><a href="#[9b]">leuart0_irq</a> from .\build\serial_api.o(i.leuart0_irq) referenced from .\build\serial_api.o(i.serial_preinit)
 <LI><a href="#[9c]">leuart1_irq</a> from .\build\serial_api.o(i.leuart1_irq) referenced from .\build\serial_api.o(i.serial_preinit)
 <LI><a href="#[a7]">lp_ticker_clear_interrupt</a> from .\build\rtcc.o(i.lp_ticker_clear_interrupt) referenced from .\build\mbed_lp_ticker_api.o(.constdata)
 <LI><a href="#[a6]">lp_ticker_disable_interrupt</a> from .\build\rtcc.o(i.lp_ticker_disable_interrupt) referenced from .\build\mbed_lp_ticker_api.o(.constdata)
 <LI><a href="#[a9]">lp_ticker_fire_interrupt</a> from .\build\rtcc.o(i.lp_ticker_fire_interrupt) referenced from .\build\mbed_lp_ticker_api.o(.constdata)
 <LI><a href="#[aa]">lp_ticker_free</a> from .\build\rtcc.o(i.lp_ticker_free) referenced from .\build\mbed_lp_ticker_api.o(.constdata)
 <LI><a href="#[ab]">lp_ticker_get_info</a> from .\build\rtcc.o(i.lp_ticker_get_info) referenced from .\build\mbed_lp_ticker_api.o(.constdata)
 <LI><a href="#[a4]">lp_ticker_init</a> from .\build\rtcc.o(i.lp_ticker_init) referenced from .\build\mbed_lp_ticker_api.o(.constdata)
 <LI><a href="#[a5]">lp_ticker_read</a> from .\build\rtcc.o(i.lp_ticker_read) referenced from .\build\mbed_lp_ticker_api.o(.constdata)
 <LI><a href="#[a8]">lp_ticker_set_interrupt</a> from .\build\rtcc.o(i.lp_ticker_set_interrupt) referenced from .\build\mbed_lp_ticker_api.o(.constdata)
 <LI><a href="#[74]">mbed_start</a> from .\build\mbed_boot.o(i.mbed_start) referenced from .\build\mbed_rtos_rtx.o(i.mbed_rtos_start)
 <LI><a href="#[82]">osRtxIdleThread</a> from .\build\mbed_rtx_handlers.o(i.osRtxIdleThread) referenced from .\build\rtx_thread.o(i.osRtxThreadStartup)
 <LI><a href="#[9d]">osRtxMessageQueuePostProcess</a> from .\build\rtx_msgqueue.o(i.osRtxMessageQueuePostProcess) referenced from .\build\rtx_msgqueue.o(i.svcRtxMessageQueueNew)
 <LI><a href="#[9e]">osRtxSemaphorePostProcess</a> from .\build\rtx_semaphore.o(i.osRtxSemaphorePostProcess) referenced from .\build\rtx_semaphore.o(i.svcRtxSemaphoreNew)
 <LI><a href="#[a0]">osRtxThreadPostProcess</a> from .\build\rtx_thread.o(i.osRtxThreadPostProcess) referenced from .\build\rtx_thread.o(i.svcRtxThreadNew)
 <LI><a href="#[83]">osRtxTimerThread</a> from .\build\rtx_timer.o(i.osRtxTimerThread) referenced from .\build\rtx_thread.o(i.osRtxThreadStartup)
 <LI><a href="#[84]">osRtxTimerTick</a> from .\build\rtx_timer.o(i.osRtxTimerTick) referenced from .\build\rtx_timer.o(i.osRtxTimerThread)
 <LI><a href="#[9f]">osThreadExit</a> from .\build\rtx_thread.o(i.osThreadExit) referenced from .\build\rtx_thread.o(i.svcRtxThreadNew)
 <LI><a href="#[75]">svcRtxDelay</a> from .\build\rtx_delay.o(i.svcRtxDelay) referenced from .\build\rtx_delay.o(i.osDelay)
 <LI><a href="#[76]">svcRtxKernelGetState</a> from .\build\rtx_kernel.o(i.svcRtxKernelGetState) referenced from .\build\rtx_kernel.o(i.osKernelGetState)
 <LI><a href="#[77]">svcRtxKernelInitialize</a> from .\build\rtx_kernel.o(i.svcRtxKernelInitialize) referenced from .\build\rtx_kernel.o(i.osKernelInitialize)
 <LI><a href="#[78]">svcRtxKernelResume</a> from .\build\rtx_kernel.o(i.svcRtxKernelResume) referenced from .\build\rtx_kernel.o(i.osKernelResume)
 <LI><a href="#[79]">svcRtxKernelStart</a> from .\build\rtx_kernel.o(i.svcRtxKernelStart) referenced from .\build\rtx_kernel.o(i.osKernelStart)
 <LI><a href="#[7a]">svcRtxKernelSuspend</a> from .\build\rtx_kernel.o(i.svcRtxKernelSuspend) referenced from .\build\rtx_kernel.o(i.osKernelSuspend)
 <LI><a href="#[7b]">svcRtxMessageQueueGet</a> from .\build\rtx_msgqueue.o(i.svcRtxMessageQueueGet) referenced from .\build\rtx_msgqueue.o(i.osMessageQueueGet)
 <LI><a href="#[7c]">svcRtxMessageQueueNew</a> from .\build\rtx_msgqueue.o(i.svcRtxMessageQueueNew) referenced from .\build\rtx_msgqueue.o(i.osMessageQueueNew)
 <LI><a href="#[7d]">svcRtxMessageQueuePut</a> from .\build\rtx_msgqueue.o(i.svcRtxMessageQueuePut) referenced from .\build\rtx_msgqueue.o(i.osMessageQueuePut)
 <LI><a href="#[7e]">svcRtxMutexAcquire</a> from .\build\rtx_mutex.o(i.svcRtxMutexAcquire) referenced from .\build\rtx_mutex.o(i.osMutexAcquire)
 <LI><a href="#[7f]">svcRtxMutexDelete</a> from .\build\rtx_mutex.o(i.svcRtxMutexDelete) referenced from .\build\rtx_mutex.o(i.osMutexDelete)
 <LI><a href="#[80]">svcRtxMutexNew</a> from .\build\rtx_mutex.o(i.svcRtxMutexNew) referenced from .\build\rtx_mutex.o(i.osMutexNew)
 <LI><a href="#[81]">svcRtxMutexRelease</a> from .\build\rtx_mutex.o(i.svcRtxMutexRelease) referenced from .\build\rtx_mutex.o(i.osMutexRelease)
 <LI><a href="#[85]">svcRtxSemaphoreDelete</a> from .\build\rtx_semaphore.o(i.svcRtxSemaphoreDelete) referenced from .\build\rtx_semaphore.o(i.osSemaphoreDelete)
 <LI><a href="#[86]">svcRtxSemaphoreNew</a> from .\build\rtx_semaphore.o(i.svcRtxSemaphoreNew) referenced from .\build\rtx_semaphore.o(i.osSemaphoreNew)
 <LI><a href="#[87]">svcRtxThreadExit</a> from .\build\rtx_thread.o(i.svcRtxThreadExit) referenced from .\build\rtx_thread.o(i.osThreadExit)
 <LI><a href="#[88]">svcRtxThreadFlagsSet</a> from .\build\rtx_thread.o(i.svcRtxThreadFlagsSet) referenced from .\build\rtx_thread.o(i.osThreadFlagsSet)
 <LI><a href="#[89]">svcRtxThreadGetId</a> from .\build\rtx_thread.o(i.svcRtxThreadGetId) referenced from .\build\rtx_thread.o(i.osThreadGetId)
 <LI><a href="#[8a]">svcRtxThreadNew</a> from .\build\rtx_thread.o(i.svcRtxThreadNew) referenced from .\build\rtx_thread.o(i.osThreadNew)
 <LI><a href="#[e]">ticker_irq_handler</a> from .\build\mbed_ticker_api.o(i.ticker_irq_handler) referenced 4 times from .\build\mbed_lp_ticker_api.o(.data)
 <LI><a href="#[8b]">uart0_rx_irq</a> from .\build\serial_api.o(i.uart0_rx_irq) referenced from .\build\serial_api.o(i.serial_preinit)
 <LI><a href="#[8c]">uart0_tx_irq</a> from .\build\serial_api.o(i.uart0_tx_irq) referenced from .\build\serial_api.o(i.serial_preinit)
 <LI><a href="#[8d]">uart1_rx_irq</a> from .\build\serial_api.o(i.uart1_rx_irq) referenced from .\build\serial_api.o(i.serial_preinit)
 <LI><a href="#[8e]">uart1_tx_irq</a> from .\build\serial_api.o(i.uart1_tx_irq) referenced from .\build\serial_api.o(i.serial_preinit)
 <LI><a href="#[af]">us_ticker_clear_interrupt</a> from .\build\us_ticker.o(i.us_ticker_clear_interrupt) referenced from .\build\mbed_us_ticker_api.o(.constdata)
 <LI><a href="#[ae]">us_ticker_disable_interrupt</a> from .\build\us_ticker.o(i.us_ticker_disable_interrupt) referenced from .\build\mbed_us_ticker_api.o(.constdata)
 <LI><a href="#[b1]">us_ticker_fire_interrupt</a> from .\build\us_ticker.o(i.us_ticker_fire_interrupt) referenced from .\build\mbed_us_ticker_api.o(.constdata)
 <LI><a href="#[b2]">us_ticker_free</a> from .\build\us_ticker.o(i.us_ticker_free) referenced from .\build\mbed_us_ticker_api.o(.constdata)
 <LI><a href="#[b3]">us_ticker_get_info</a> from .\build\us_ticker.o(i.us_ticker_get_info) referenced from .\build\mbed_us_ticker_api.o(.constdata)
 <LI><a href="#[ac]">us_ticker_init</a> from .\build\us_ticker.o(i.us_ticker_init) referenced from .\build\mbed_us_ticker_api.o(.constdata)
 <LI><a href="#[a1]">us_ticker_irq_handler</a> from .\build\mbed_us_ticker_api.o(i.us_ticker_irq_handler) referenced from .\build\us_ticker.o(i.us_ticker_init)
 <LI><a href="#[ad]">us_ticker_read</a> from .\build\us_ticker.o(i.us_ticker_read) referenced from .\build\mbed_us_ticker_api.o(.constdata)
 <LI><a href="#[b0]">us_ticker_set_interrupt</a> from .\build\us_ticker.o(i.us_ticker_set_interrupt) referenced from .\build\mbed_us_ticker_api.o(.constdata)
 <LI><a href="#[8f]">usart0_rx_irq</a> from .\build\serial_api.o(i.usart0_rx_irq) referenced from .\build\serial_api.o(i.serial_preinit)
 <LI><a href="#[90]">usart0_tx_irq</a> from .\build\serial_api.o(i.usart0_tx_irq) referenced from .\build\serial_api.o(i.serial_preinit)
 <LI><a href="#[91]">usart1_rx_irq</a> from .\build\serial_api.o(i.usart1_rx_irq) referenced from .\build\serial_api.o(i.serial_preinit)
 <LI><a href="#[92]">usart1_tx_irq</a> from .\build\serial_api.o(i.usart1_tx_irq) referenced from .\build\serial_api.o(i.serial_preinit)
 <LI><a href="#[93]">usart2_rx_irq</a> from .\build\serial_api.o(i.usart2_rx_irq) referenced from .\build\serial_api.o(i.serial_preinit)
 <LI><a href="#[94]">usart2_tx_irq</a> from .\build\serial_api.o(i.usart2_tx_irq) referenced from .\build\serial_api.o(i.serial_preinit)
 <LI><a href="#[95]">usart3_rx_irq</a> from .\build\serial_api.o(i.usart3_rx_irq) referenced from .\build\serial_api.o(i.serial_preinit)
 <LI><a href="#[96]">usart3_tx_irq</a> from .\build\serial_api.o(i.usart3_tx_irq) referenced from .\build\serial_api.o(i.serial_preinit)
 <LI><a href="#[97]">usart4_rx_irq</a> from .\build\serial_api.o(i.usart4_rx_irq) referenced from .\build\serial_api.o(i.serial_preinit)
 <LI><a href="#[98]">usart4_tx_irq</a> from .\build\serial_api.o(i.usart4_tx_irq) referenced from .\build\serial_api.o(i.serial_preinit)
 <LI><a href="#[99]">usart5_rx_irq</a> from .\build\serial_api.o(i.usart5_rx_irq) referenced from .\build\serial_api.o(i.serial_preinit)
 <LI><a href="#[9a]">usart5_tx_irq</a> from .\build\serial_api.o(i.usart5_tx_irq) referenced from .\build\serial_api.o(i.serial_preinit)
</UL>
<P>
<H3>
Global Symbols
</H3>
<P><STRONG><a name="[e8]"></a>__main</STRONG> (Thumb, 8 bytes, Stack size 0 bytes, C:\Keil_v5\ARM\ARMCC\Bin\..\lib\armlib\c_w.l(__main.o)(!!!main))
<BR><BR>[Stack]<UL><LI>Max Depth = 584 + Unknown Stack Size
<LI>Call Chain = __main &rArr; __rt_entry &rArr; mbed_init &rArr; mbed_rtos_init &rArr; osKernelInitialize &rArr; EvrRtxKernelError &rArr; mbed_error &rArr; print_error_report &rArr; mbed_error_puts &rArr; write &rArr; get_fhc(int) &rArr; get_console(int) &rArr; default_console() &rArr; DirectSerial::DirectSerial(PinName, PinName, int) &rArr; serial_init &rArr; serial_preinit &rArr; pin_location &rArr; error &rArr;  print_error_report (Cycle)
</UL>
<BR>[Calls]<UL><LI><a href="#[ef]">&gt;&gt;</a>&nbsp;&nbsp;&nbsp;__rt_entry
<LI><a href="#[ee]">&gt;&gt;</a>&nbsp;&nbsp;&nbsp;__scatterload
</UL>

<P><STRONG><a name="[ee]"></a>__scatterload</STRONG> (Thumb, 0 bytes, Stack size unknown bytes, C:\Keil_v5\ARM\ARMCC\Bin\..\lib\armlib\c_w.l(__scatter.o)(!!!scatter))
<BR><BR>[Called By]<UL><LI><a href="#[e8]">&gt;&gt;</a>&nbsp;&nbsp;&nbsp;__main
</UL>

<P><STRONG><a name="[f0]"></a>__scatterload_rt2</STRONG> (Thumb, 44 bytes, Stack size unknown bytes, C:\Keil_v5\ARM\ARMCC\Bin\..\lib\armlib\c_w.l(__scatter.o)(!!!scatter), UNUSED)
<BR><BR>[Calls]<UL><LI><a href="#[ef]">&gt;&gt;</a>&nbsp;&nbsp;&nbsp;__rt_entry
</UL>

<P><STRONG><a name="[34e]"></a>__scatterload_rt2_thumb_only</STRONG> (Thumb, 0 bytes, Stack size unknown bytes, C:\Keil_v5\ARM\ARMCC\Bin\..\lib\armlib\c_w.l(__scatter.o)(!!!scatter), UNUSED)

<P><STRONG><a name="[34f]"></a>__scatterload_null</STRONG> (Thumb, 0 bytes, Stack size unknown bytes, C:\Keil_v5\ARM\ARMCC\Bin\..\lib\armlib\c_w.l(__scatter.o)(!!!scatter), UNUSED)

<P><STRONG><a name="[350]"></a>__decompress</STRONG> (Thumb, 90 bytes, Stack size unknown bytes, C:\Keil_v5\ARM\ARMCC\Bin\..\lib\armlib\c_w.l(__dczerorl2.o)(!!dczerorl2), UNUSED)

<P><STRONG><a name="[351]"></a>__decompress1</STRONG> (Thumb, 0 bytes, Stack size unknown bytes, C:\Keil_v5\ARM\ARMCC\Bin\..\lib\armlib\c_w.l(__dczerorl2.o)(!!dczerorl2), UNUSED)

<P><STRONG><a name="[352]"></a>__scatterload_zeroinit</STRONG> (Thumb, 28 bytes, Stack size unknown bytes, C:\Keil_v5\ARM\ARMCC\Bin\..\lib\armlib\c_w.l(__scatter_zi.o)(!!handler_zi), UNUSED)

<P><STRONG><a name="[f1]"></a>_printf_n</STRONG> (Thumb, 0 bytes, Stack size unknown bytes, C:\Keil_v5\ARM\ARMCC\Bin\..\lib\armlib\c_w.l(_printf_n.o)(.ARM.Collect$$_printf_percent$$00000001))
<BR><BR>[Calls]<UL><LI><a href="#[f2]">&gt;&gt;</a>&nbsp;&nbsp;&nbsp;_printf_charcount
</UL>

<P><STRONG><a name="[141]"></a>_printf_percent</STRONG> (Thumb, 0 bytes, Stack size unknown bytes, C:\Keil_v5\ARM\ARMCC\Bin\..\lib\armlib\c_w.l(_printf_percent.o)(.ARM.Collect$$_printf_percent$$00000000))
<BR><BR>[Called By]<UL><LI><a href="#[13f]">&gt;&gt;</a>&nbsp;&nbsp;&nbsp;__printf
</UL>

<P><STRONG><a name="[f3]"></a>_printf_p</STRONG> (Thumb, 0 bytes, Stack size unknown bytes, C:\Keil_v5\ARM\ARMCC\Bin\..\lib\armlib\c_w.l(_printf_p.o)(.ARM.Collect$$_printf_percent$$00000002))
<BR><BR>[Stack]<UL><LI>Max Depth = 64 + Unknown Stack Size
<LI>Call Chain = _printf_p &rArr; _printf_hex_ptr &rArr; _printf_longlong_hex &rArr; _printf_int_common &rArr; _printf_post_padding
</UL>
<BR>[Calls]<UL><LI><a href="#[f4]">&gt;&gt;</a>&nbsp;&nbsp;&nbsp;_printf_hex_ptr
</UL>

<P><STRONG><a name="[f5]"></a>_printf_f</STRONG> (Thumb, 0 bytes, Stack size unknown bytes, C:\Keil_v5\ARM\ARMCC\Bin\..\lib\armlib\c_w.l(_printf_f.o)(.ARM.Collect$$_printf_percent$$00000003))
<BR><BR>[Stack]<UL><LI>Max Depth = 324 + Unknown Stack Size
<LI>Call Chain = _printf_f &rArr; _printf_fp_dec &rArr; _printf_fp_dec_real &rArr; _fp_digits &rArr; _btod_etento &rArr; _btod_emul &rArr; _e2e
</UL>
<BR>[Calls]<UL><LI><a href="#[f6]">&gt;&gt;</a>&nbsp;&nbsp;&nbsp;_printf_fp_dec
</UL>

<P><STRONG><a name="[f7]"></a>_printf_e</STRONG> (Thumb, 0 bytes, Stack size unknown bytes, C:\Keil_v5\ARM\ARMCC\Bin\..\lib\armlib\c_w.l(_printf_e.o)(.ARM.Collect$$_printf_percent$$00000004))
<BR><BR>[Stack]<UL><LI>Max Depth = 324 + Unknown Stack Size
<LI>Call Chain = _printf_e &rArr; _printf_fp_dec &rArr; _printf_fp_dec_real &rArr; _fp_digits &rArr; _btod_etento &rArr; _btod_emul &rArr; _e2e
</UL>
<BR>[Calls]<UL><LI><a href="#[f6]">&gt;&gt;</a>&nbsp;&nbsp;&nbsp;_printf_fp_dec
</UL>

<P><STRONG><a name="[f8]"></a>_printf_g</STRONG> (Thumb, 0 bytes, Stack size unknown bytes, C:\Keil_v5\ARM\ARMCC\Bin\..\lib\armlib\c_w.l(_printf_g.o)(.ARM.Collect$$_printf_percent$$00000005))
<BR><BR>[Stack]<UL><LI>Max Depth = 324 + Unknown Stack Size
<LI>Call Chain = _printf_g &rArr; _printf_fp_dec &rArr; _printf_fp_dec_real &rArr; _fp_digits &rArr; _btod_etento &rArr; _btod_emul &rArr; _e2e
</UL>
<BR>[Calls]<UL><LI><a href="#[f6]">&gt;&gt;</a>&nbsp;&nbsp;&nbsp;_printf_fp_dec
</UL>

<P><STRONG><a name="[f9]"></a>_printf_a</STRONG> (Thumb, 0 bytes, Stack size unknown bytes, C:\Keil_v5\ARM\ARMCC\Bin\..\lib\armlib\c_w.l(_printf_a.o)(.ARM.Collect$$_printf_percent$$00000006))
<BR><BR>[Stack]<UL><LI>Max Depth = 112 + Unknown Stack Size
<LI>Call Chain = _printf_a &rArr; _printf_fp_hex &rArr; _printf_fp_hex_real &rArr; _printf_fp_infnan &rArr; _printf_post_padding
</UL>
<BR>[Calls]<UL><LI><a href="#[fa]">&gt;&gt;</a>&nbsp;&nbsp;&nbsp;_printf_fp_hex
</UL>

<P><STRONG><a name="[353]"></a>_printf_ll</STRONG> (Thumb, 0 bytes, Stack size unknown bytes, C:\Keil_v5\ARM\ARMCC\Bin\..\lib\armlib\c_w.l(_printf_ll.o)(.ARM.Collect$$_printf_percent$$00000007))

<P><STRONG><a name="[fb]"></a>_printf_i</STRONG> (Thumb, 0 bytes, Stack size unknown bytes, C:\Keil_v5\ARM\ARMCC\Bin\..\lib\armlib\c_w.l(_printf_i.o)(.ARM.Collect$$_printf_percent$$00000008))
<BR><BR>[Stack]<UL><LI>Max Depth = 72 + Unknown Stack Size
<LI>Call Chain = _printf_i &rArr; _printf_int_dec &rArr; _printf_int_common &rArr; _printf_post_padding
</UL>
<BR>[Calls]<UL><LI><a href="#[fc]">&gt;&gt;</a>&nbsp;&nbsp;&nbsp;_printf_int_dec
</UL>

<P><STRONG><a name="[fd]"></a>_printf_d</STRONG> (Thumb, 0 bytes, Stack size unknown bytes, C:\Keil_v5\ARM\ARMCC\Bin\..\lib\armlib\c_w.l(_printf_d.o)(.ARM.Collect$$_printf_percent$$00000009))
<BR><BR>[Stack]<UL><LI>Max Depth = 72 + Unknown Stack Size
<LI>Call Chain = _printf_d &rArr; _printf_int_dec &rArr; _printf_int_common &rArr; _printf_post_padding
</UL>
<BR>[Calls]<UL><LI><a href="#[fc]">&gt;&gt;</a>&nbsp;&nbsp;&nbsp;_printf_int_dec
</UL>

<P><STRONG><a name="[fe]"></a>_printf_u</STRONG> (Thumb, 0 bytes, Stack size unknown bytes, C:\Keil_v5\ARM\ARMCC\Bin\..\lib\armlib\c_w.l(_printf_u.o)(.ARM.Collect$$_printf_percent$$0000000A))
<BR><BR>[Stack]<UL><LI>Max Depth = 72 + Unknown Stack Size
<LI>Call Chain = _printf_u &rArr; _printf_int_dec &rArr; _printf_int_common &rArr; _printf_post_padding
</UL>
<BR>[Calls]<UL><LI><a href="#[fc]">&gt;&gt;</a>&nbsp;&nbsp;&nbsp;_printf_int_dec
</UL>

<P><STRONG><a name="[ff]"></a>_printf_o</STRONG> (Thumb, 0 bytes, Stack size unknown bytes, C:\Keil_v5\ARM\ARMCC\Bin\..\lib\armlib\c_w.l(_printf_o.o)(.ARM.Collect$$_printf_percent$$0000000B))
<BR><BR>[Stack]<UL><LI>Max Depth = 64 + Unknown Stack Size
<LI>Call Chain = _printf_o &rArr; _printf_int_oct &rArr; _printf_longlong_oct &rArr; _printf_int_common &rArr; _printf_post_padding
</UL>
<BR>[Calls]<UL><LI><a href="#[100]">&gt;&gt;</a>&nbsp;&nbsp;&nbsp;_printf_int_oct
</UL>

<P><STRONG><a name="[101]"></a>_printf_x</STRONG> (Thumb, 0 bytes, Stack size unknown bytes, C:\Keil_v5\ARM\ARMCC\Bin\..\lib\armlib\c_w.l(_printf_x.o)(.ARM.Collect$$_printf_percent$$0000000C))
<BR><BR>[Stack]<UL><LI>Max Depth = 80 + Unknown Stack Size
<LI>Call Chain = _printf_x &rArr; _printf_int_hex &rArr; _printf_longlong_hex &rArr; _printf_int_common &rArr; _printf_post_padding
</UL>
<BR>[Calls]<UL><LI><a href="#[102]">&gt;&gt;</a>&nbsp;&nbsp;&nbsp;_printf_int_hex
</UL>

<P><STRONG><a name="[103]"></a>_printf_lli</STRONG> (Thumb, 0 bytes, Stack size unknown bytes, C:\Keil_v5\ARM\ARMCC\Bin\..\lib\armlib\c_w.l(_printf_lli.o)(.ARM.Collect$$_printf_percent$$0000000D))
<BR><BR>[Stack]<UL><LI>Max Depth = 72 + Unknown Stack Size
<LI>Call Chain = _printf_lli &rArr; _printf_longlong_dec &rArr; _printf_int_common &rArr; _printf_post_padding
</UL>
<BR>[Calls]<UL><LI><a href="#[104]">&gt;&gt;</a>&nbsp;&nbsp;&nbsp;_printf_longlong_dec
</UL>

<P><STRONG><a name="[105]"></a>_printf_lld</STRONG> (Thumb, 0 bytes, Stack size unknown bytes, C:\Keil_v5\ARM\ARMCC\Bin\..\lib\armlib\c_w.l(_printf_lld.o)(.ARM.Collect$$_printf_percent$$0000000E))
<BR><BR>[Stack]<UL><LI>Max Depth = 72 + Unknown Stack Size
<LI>Call Chain = _printf_lld &rArr; _printf_longlong_dec &rArr; _printf_int_common &rArr; _printf_post_padding
</UL>
<BR>[Calls]<UL><LI><a href="#[104]">&gt;&gt;</a>&nbsp;&nbsp;&nbsp;_printf_longlong_dec
</UL>

<P><STRONG><a name="[106]"></a>_printf_llu</STRONG> (Thumb, 0 bytes, Stack size unknown bytes, C:\Keil_v5\ARM\ARMCC\Bin\..\lib\armlib\c_w.l(_printf_llu.o)(.ARM.Collect$$_printf_percent$$0000000F))
<BR><BR>[Stack]<UL><LI>Max Depth = 72 + Unknown Stack Size
<LI>Call Chain = _printf_llu &rArr; _printf_longlong_dec &rArr; _printf_int_common &rArr; _printf_post_padding
</UL>
<BR>[Calls]<UL><LI><a href="#[104]">&gt;&gt;</a>&nbsp;&nbsp;&nbsp;_printf_longlong_dec
</UL>

<P><STRONG><a name="[107]"></a>_printf_llo</STRONG> (Thumb, 0 bytes, Stack size unknown bytes, C:\Keil_v5\ARM\ARMCC\Bin\..\lib\armlib\c_w.l(_printf_llo.o)(.ARM.Collect$$_printf_percent$$00000010))
<BR><BR>[Stack]<UL><LI>Max Depth = 56 + Unknown Stack Size
<LI>Call Chain = _printf_llo &rArr; _printf_ll_oct &rArr; _printf_longlong_oct &rArr; _printf_int_common &rArr; _printf_post_padding
</UL>
<BR>[Calls]<UL><LI><a href="#[108]">&gt;&gt;</a>&nbsp;&nbsp;&nbsp;_printf_ll_oct
</UL>

<P><STRONG><a name="[109]"></a>_printf_llx</STRONG> (Thumb, 0 bytes, Stack size unknown bytes, C:\Keil_v5\ARM\ARMCC\Bin\..\lib\armlib\c_w.l(_printf_llx.o)(.ARM.Collect$$_printf_percent$$00000011))
<BR><BR>[Stack]<UL><LI>Max Depth = 64 + Unknown Stack Size
<LI>Call Chain = _printf_llx &rArr; _printf_ll_hex &rArr; _printf_longlong_hex &rArr; _printf_int_common &rArr; _printf_post_padding
</UL>
<BR>[Calls]<UL><LI><a href="#[10a]">&gt;&gt;</a>&nbsp;&nbsp;&nbsp;_printf_ll_hex
</UL>

<P><STRONG><a name="[354]"></a>_printf_l</STRONG> (Thumb, 0 bytes, Stack size unknown bytes, C:\Keil_v5\ARM\ARMCC\Bin\..\lib\armlib\c_w.l(_printf_l.o)(.ARM.Collect$$_printf_percent$$00000012))

<P><STRONG><a name="[10b]"></a>_printf_c</STRONG> (Thumb, 0 bytes, Stack size unknown bytes, C:\Keil_v5\ARM\ARMCC\Bin\..\lib\armlib\c_w.l(_printf_c.o)(.ARM.Collect$$_printf_percent$$00000013))
<BR><BR>[Stack]<UL><LI>Max Depth = 40 + Unknown Stack Size
<LI>Call Chain = _printf_c &rArr; _printf_char &rArr; _printf_cs_common &rArr; _printf_str &rArr; _printf_post_padding
</UL>
<BR>[Calls]<UL><LI><a href="#[10c]">&gt;&gt;</a>&nbsp;&nbsp;&nbsp;_printf_char
</UL>

<P><STRONG><a name="[10d]"></a>_printf_s</STRONG> (Thumb, 0 bytes, Stack size unknown bytes, C:\Keil_v5\ARM\ARMCC\Bin\..\lib\armlib\c_w.l(_printf_s.o)(.ARM.Collect$$_printf_percent$$00000014))
<BR><BR>[Stack]<UL><LI>Max Depth = 40 + Unknown Stack Size
<LI>Call Chain = _printf_s &rArr; _printf_string &rArr; _printf_cs_common &rArr; _printf_str &rArr; _printf_post_padding
</UL>
<BR>[Calls]<UL><LI><a href="#[10e]">&gt;&gt;</a>&nbsp;&nbsp;&nbsp;_printf_string
</UL>

<P><STRONG><a name="[10f]"></a>_printf_lc</STRONG> (Thumb, 0 bytes, Stack size unknown bytes, C:\Keil_v5\ARM\ARMCC\Bin\..\lib\armlib\c_w.l(_printf_lc.o)(.ARM.Collect$$_printf_percent$$00000015))
<BR><BR>[Stack]<UL><LI>Max Depth = 96 + Unknown Stack Size
<LI>Call Chain = _printf_lc &rArr; _printf_wchar &rArr; _printf_lcs_common &rArr; _printf_wctomb &rArr; _wcrtomb &rArr; __rt_ctype_table &rArr; __rt_locale
</UL>
<BR>[Calls]<UL><LI><a href="#[110]">&gt;&gt;</a>&nbsp;&nbsp;&nbsp;_printf_wchar
</UL>

<P><STRONG><a name="[111]"></a>_printf_ls</STRONG> (Thumb, 0 bytes, Stack size unknown bytes, C:\Keil_v5\ARM\ARMCC\Bin\..\lib\armlib\c_w.l(_printf_ls.o)(.ARM.Collect$$_printf_percent$$00000016))
<BR><BR>[Stack]<UL><LI>Max Depth = 96 + Unknown Stack Size
<LI>Call Chain = _printf_ls &rArr; _printf_wstring &rArr; _printf_lcs_common &rArr; _printf_wctomb &rArr; _wcrtomb &rArr; __rt_ctype_table &rArr; __rt_locale
</UL>
<BR>[Calls]<UL><LI><a href="#[112]">&gt;&gt;</a>&nbsp;&nbsp;&nbsp;_printf_wstring
</UL>

<P><STRONG><a name="[355]"></a>_printf_percent_end</STRONG> (Thumb, 0 bytes, Stack size unknown bytes, C:\Keil_v5\ARM\ARMCC\Bin\..\lib\armlib\c_w.l(_printf_percent_end.o)(.ARM.Collect$$_printf_percent$$00000017))

<P><STRONG><a name="[2dc]"></a>__rt_lib_init</STRONG> (Thumb, 0 bytes, Stack size unknown bytes, C:\Keil_v5\ARM\ARMCC\Bin\..\lib\armlib\c_w.l(libinit.o)(.ARM.Collect$$libinit$$00000000))
<BR><BR>[Called By]<UL><LI><a href="#[2d9]">&gt;&gt;</a>&nbsp;&nbsp;&nbsp;mbed_toolchain_init
</UL>

<P><STRONG><a name="[113]"></a>__rt_lib_init_fp_1</STRONG> (Thumb, 0 bytes, Stack size unknown bytes, C:\Keil_v5\ARM\ARMCC\Bin\..\lib\armlib\c_w.l(libinit2.o)(.ARM.Collect$$libinit$$00000001))
<BR><BR>[Calls]<UL><LI><a href="#[114]">&gt;&gt;</a>&nbsp;&nbsp;&nbsp;_fp_init
</UL>

<P><STRONG><a name="[115]"></a>__rt_lib_init_heap_2</STRONG> (Thumb, 0 bytes, Stack size unknown bytes, C:\Keil_v5\ARM\ARMCC\Bin\..\lib\armlib\c_w.l(libinit2.o)(.ARM.Collect$$libinit$$00000005))
<BR><BR>[Stack]<UL><LI>Max Depth = 160 + Unknown Stack Size
<LI>Call Chain = __rt_lib_init_heap_2 &rArr; _init_alloc &rArr; __Heap_Initialize &rArr; _mutex_initialize &rArr; malloc &rArr; _malloc_internal &rArr; __Heap_Full &rArr; __Heap_ProvideMemory &rArr; _free_internal &rArr; _mutex_release &rArr; osMutexRelease &rArr; EvrRtxMutexError &rArr;  mbed_error (Cycle)
</UL>
<BR>[Calls]<UL><LI><a href="#[116]">&gt;&gt;</a>&nbsp;&nbsp;&nbsp;_init_alloc
</UL>

<P><STRONG><a name="[356]"></a>__rt_lib_init_preinit_1</STRONG> (Thumb, 0 bytes, Stack size unknown bytes, C:\Keil_v5\ARM\ARMCC\Bin\..\lib\armlib\c_w.l(libinit2.o)(.ARM.Collect$$libinit$$00000004))

<P><STRONG><a name="[357]"></a>__rt_lib_init_heap_1</STRONG> (Thumb, 0 bytes, Stack size unknown bytes, C:\Keil_v5\ARM\ARMCC\Bin\..\lib\armlib\c_w.l(libinit2.o)(.ARM.Collect$$libinit$$0000000A))

<P><STRONG><a name="[117]"></a>__rt_lib_init_lc_common</STRONG> (Thumb, 0 bytes, Stack size unknown bytes, C:\Keil_v5\ARM\ARMCC\Bin\..\lib\armlib\c_w.l(libinit2.o)(.ARM.Collect$$libinit$$0000000F))
<BR><BR>[Stack]<UL><LI>Max Depth = 8 + Unknown Stack Size
<LI>Call Chain = __rt_lib_init_lc_common &rArr; __rt_locale
</UL>
<BR>[Calls]<UL><LI><a href="#[118]">&gt;&gt;</a>&nbsp;&nbsp;&nbsp;__rt_locale
</UL>

<P><STRONG><a name="[358]"></a>__rt_lib_init_rand_1</STRONG> (Thumb, 0 bytes, Stack size unknown bytes, C:\Keil_v5\ARM\ARMCC\Bin\..\lib\armlib\c_w.l(libinit2.o)(.ARM.Collect$$libinit$$0000000E))

<P><STRONG><a name="[359]"></a>__rt_lib_init_user_alloc_1</STRONG> (Thumb, 0 bytes, Stack size unknown bytes, C:\Keil_v5\ARM\ARMCC\Bin\..\lib\armlib\c_w.l(libinit2.o)(.ARM.Collect$$libinit$$0000000C))

<P><STRONG><a name="[35a]"></a>__rt_lib_init_lc_collate_1</STRONG> (Thumb, 0 bytes, Stack size unknown bytes, C:\Keil_v5\ARM\ARMCC\Bin\..\lib\armlib\c_w.l(libinit2.o)(.ARM.Collect$$libinit$$00000011))

<P><STRONG><a name="[119]"></a>__rt_lib_init_lc_ctype_2</STRONG> (Thumb, 0 bytes, Stack size unknown bytes, C:\Keil_v5\ARM\ARMCC\Bin\..\lib\armlib\c_w.l(libinit2.o)(.ARM.Collect$$libinit$$00000012))
<BR><BR>[Stack]<UL><LI>Max Depth = 8 + Unknown Stack Size
<LI>Call Chain = __rt_lib_init_lc_ctype_2 &rArr; _get_lc_ctype
</UL>
<BR>[Calls]<UL><LI><a href="#[60]">&gt;&gt;</a>&nbsp;&nbsp;&nbsp;_get_lc_ctype
</UL>

<P><STRONG><a name="[35b]"></a>__rt_lib_init_lc_ctype_1</STRONG> (Thumb, 0 bytes, Stack size unknown bytes, C:\Keil_v5\ARM\ARMCC\Bin\..\lib\armlib\c_w.l(libinit2.o)(.ARM.Collect$$libinit$$00000013))

<P><STRONG><a name="[35c]"></a>__rt_lib_init_lc_monetary_1</STRONG> (Thumb, 0 bytes, Stack size unknown bytes, C:\Keil_v5\ARM\ARMCC\Bin\..\lib\armlib\c_w.l(libinit2.o)(.ARM.Collect$$libinit$$00000015))

<P><STRONG><a name="[11a]"></a>__rt_lib_init_lc_numeric_2</STRONG> (Thumb, 0 bytes, Stack size unknown bytes, C:\Keil_v5\ARM\ARMCC\Bin\..\lib\armlib\c_w.l(libinit2.o)(.ARM.Collect$$libinit$$00000016))
<BR><BR>[Stack]<UL><LI>Max Depth = 8 + Unknown Stack Size
<LI>Call Chain = __rt_lib_init_lc_numeric_2 &rArr; _get_lc_numeric
</UL>
<BR>[Calls]<UL><LI><a href="#[11b]">&gt;&gt;</a>&nbsp;&nbsp;&nbsp;_get_lc_numeric
</UL>

<P><STRONG><a name="[35d]"></a>__rt_lib_init_atexit_1</STRONG> (Thumb, 0 bytes, Stack size unknown bytes, C:\Keil_v5\ARM\ARMCC\Bin\..\lib\armlib\c_w.l(libinit2.o)(.ARM.Collect$$libinit$$0000001B))

<P><STRONG><a name="[35e]"></a>__rt_lib_init_clock_1</STRONG> (Thumb, 0 bytes, Stack size unknown bytes, C:\Keil_v5\ARM\ARMCC\Bin\..\lib\armlib\c_w.l(libinit2.o)(.ARM.Collect$$libinit$$00000021))

<P><STRONG><a name="[35f]"></a>__rt_lib_init_fp_trap_1</STRONG> (Thumb, 0 bytes, Stack size unknown bytes, C:\Keil_v5\ARM\ARMCC\Bin\..\lib\armlib\c_w.l(libinit2.o)(.ARM.Collect$$libinit$$0000001F))

<P><STRONG><a name="[360]"></a>__rt_lib_init_getenv_1</STRONG> (Thumb, 0 bytes, Stack size unknown bytes, C:\Keil_v5\ARM\ARMCC\Bin\..\lib\armlib\c_w.l(libinit2.o)(.ARM.Collect$$libinit$$00000023))

<P><STRONG><a name="[361]"></a>__rt_lib_init_lc_numeric_1</STRONG> (Thumb, 0 bytes, Stack size unknown bytes, C:\Keil_v5\ARM\ARMCC\Bin\..\lib\armlib\c_w.l(libinit2.o)(.ARM.Collect$$libinit$$00000017))

<P><STRONG><a name="[362]"></a>__rt_lib_init_lc_time_1</STRONG> (Thumb, 0 bytes, Stack size unknown bytes, C:\Keil_v5\ARM\ARMCC\Bin\..\lib\armlib\c_w.l(libinit2.o)(.ARM.Collect$$libinit$$00000019))

<P><STRONG><a name="[363]"></a>__rt_lib_init_signal_1</STRONG> (Thumb, 0 bytes, Stack size unknown bytes, C:\Keil_v5\ARM\ARMCC\Bin\..\lib\armlib\c_w.l(libinit2.o)(.ARM.Collect$$libinit$$0000001D))

<P><STRONG><a name="[11c]"></a>__rt_lib_init_stdio_2</STRONG> (Thumb, 0 bytes, Stack size unknown bytes, C:\Keil_v5\ARM\ARMCC\Bin\..\lib\armlib\c_w.l(libinit2.o)(.ARM.Collect$$libinit$$00000024))
<BR><BR>[Stack]<UL><LI>Max Depth = 744 + Unknown Stack Size
<LI>Call Chain = __rt_lib_init_stdio_2 &rArr; _initio &rArr; freopen &rArr; _freopen_locked &rArr; _sys_open &rArr; open &rArr; mbed::FilePath::FilePath(const char*) &rArr; mbed::FileBase::lookup(const char*, unsigned) &rArr; rtos::Mutex::unlock() &rArr; mbed_error &rArr; print_error_report &rArr; mbed_error_puts &rArr; write &rArr; get_fhc(int) &rArr; get_console(int) &rArr; default_console() &rArr; DirectSerial::DirectSerial(PinName, PinName, int) &rArr; serial_init &rArr; serial_preinit &rArr; pin_location &rArr; error &rArr;  print_error_report (Cycle)
</UL>
<BR>[Calls]<UL><LI><a href="#[11d]">&gt;&gt;</a>&nbsp;&nbsp;&nbsp;_initio
</UL>

<P><STRONG><a name="[364]"></a>__rt_lib_init_alloca_1</STRONG> (Thumb, 0 bytes, Stack size unknown bytes, C:\Keil_v5\ARM\ARMCC\Bin\..\lib\armlib\c_w.l(libinit2.o)(.ARM.Collect$$libinit$$0000002E))

<P><STRONG><a name="[365]"></a>__rt_lib_init_argv_1</STRONG> (Thumb, 0 bytes, Stack size unknown bytes, C:\Keil_v5\ARM\ARMCC\Bin\..\lib\armlib\c_w.l(libinit2.o)(.ARM.Collect$$libinit$$0000002C))

<P><STRONG><a name="[11e]"></a>__rt_lib_init_cpp_2</STRONG> (Thumb, 0 bytes, Stack size unknown bytes, C:\Keil_v5\ARM\ARMCC\Bin\..\lib\armlib\c_w.l(libinit2.o)(.ARM.Collect$$libinit$$00000031))
<BR><BR>[Stack]<UL><LI>Max Depth = 16 + Unknown Stack Size
<LI>Call Chain = __rt_lib_init_cpp_2 &rArr; __cpp_initialize__aeabi_
</UL>
<BR>[Calls]<UL><LI><a href="#[ed]">&gt;&gt;</a>&nbsp;&nbsp;&nbsp;__cpp_initialize__aeabi_
</UL>

<P><STRONG><a name="[366]"></a>__rt_lib_init_exceptions_1</STRONG> (Thumb, 0 bytes, Stack size unknown bytes, C:\Keil_v5\ARM\ARMCC\Bin\..\lib\armlib\c_w.l(libinit2.o)(.ARM.Collect$$libinit$$00000030))

<P><STRONG><a name="[367]"></a>__rt_lib_init_stdio_1</STRONG> (Thumb, 0 bytes, Stack size unknown bytes, C:\Keil_v5\ARM\ARMCC\Bin\..\lib\armlib\c_w.l(libinit2.o)(.ARM.Collect$$libinit$$00000025))

<P><STRONG><a name="[368]"></a>__rt_lib_init_cpp_1</STRONG> (Thumb, 0 bytes, Stack size unknown bytes, C:\Keil_v5\ARM\ARMCC\Bin\..\lib\armlib\c_w.l(libinit2.o)(.ARM.Collect$$libinit$$00000032))

<P><STRONG><a name="[369]"></a>__rt_lib_init_return</STRONG> (Thumb, 0 bytes, Stack size unknown bytes, C:\Keil_v5\ARM\ARMCC\Bin\..\lib\armlib\c_w.l(libinit2.o)(.ARM.Collect$$libinit$$00000033))

<P><STRONG><a name="[36a]"></a>__asm___13_rtx_mempool_c_7914b4c7__atomic_wr8</STRONG> (Thumb, 16 bytes, Stack size 0 bytes, .\build\rtx_mempool.o(.emb_text), UNUSED)

<P><STRONG><a name="[36b]"></a>__rt_lib_shutdown_heap_2</STRONG> (Thumb, 0 bytes, Stack size 0 bytes, C:\Keil_v5\ARM\ARMCC\Bin\..\lib\armlib\c_w.l(libshutdown2.o)(.ARM.Collect$$libshutdown$$0000000F))

<P><STRONG><a name="[36c]"></a>__rt_lib_shutdown_stdio_2</STRONG> (Thumb, 0 bytes, Stack size 0 bytes, C:\Keil_v5\ARM\ARMCC\Bin\..\lib\armlib\c_w.l(libshutdown2.o)(.ARM.Collect$$libshutdown$$00000004))

<P><STRONG><a name="[36d]"></a>__asm___13_rtx_mempool_c_7914b4c7__atomic_set32</STRONG> (Thumb, 20 bytes, Stack size 0 bytes, .\build\rtx_mempool.o(.emb_text), UNUSED)

<P><STRONG><a name="[36e]"></a>__asm___13_rtx_mempool_c_7914b4c7__atomic_clr32</STRONG> (Thumb, 22 bytes, Stack size 0 bytes, .\build\rtx_mempool.o(.emb_text), UNUSED)

<P><STRONG><a name="[36f]"></a>__asm___13_rtx_mempool_c_7914b4c7__atomic_chk32_all</STRONG> (Thumb, 38 bytes, Stack size 0 bytes, .\build\rtx_mempool.o(.emb_text), UNUSED)

<P><STRONG><a name="[370]"></a>__asm___13_rtx_mempool_c_7914b4c7__atomic_chk32_any</STRONG> (Thumb, 34 bytes, Stack size 0 bytes, .\build\rtx_mempool.o(.emb_text), UNUSED)

<P><STRONG><a name="[2f4]"></a>__asm___13_rtx_mempool_c_7914b4c7__atomic_inc32</STRONG> (Thumb, 18 bytes, Stack size 0 bytes, .\build\rtx_mempool.o(.emb_text))
<BR><BR>[Called By]<UL><LI><a href="#[2ba]">&gt;&gt;</a>&nbsp;&nbsp;&nbsp;osRtxMemoryPoolAlloc
</UL>

<P><STRONG><a name="[371]"></a>__asm___13_rtx_mempool_c_7914b4c7__atomic_inc16_lt</STRONG> (Thumb, 30 bytes, Stack size 0 bytes, .\build\rtx_mempool.o(.emb_text), UNUSED)

<P><STRONG><a name="[372]"></a>__asm___13_rtx_mempool_c_7914b4c7__atomic_inc16_lim</STRONG> (Thumb, 26 bytes, Stack size 0 bytes, .\build\rtx_mempool.o(.emb_text), UNUSED)

<P><STRONG><a name="[2f6]"></a>__asm___13_rtx_mempool_c_7914b4c7__atomic_dec32</STRONG> (Thumb, 18 bytes, Stack size 0 bytes, .\build\rtx_mempool.o(.emb_text))
<BR><BR>[Called By]<UL><LI><a href="#[2f5]">&gt;&gt;</a>&nbsp;&nbsp;&nbsp;osRtxMemoryPoolFree
</UL>

<P><STRONG><a name="[373]"></a>__asm___13_rtx_mempool_c_7914b4c7__atomic_dec32_nz</STRONG> (Thumb, 26 bytes, Stack size 0 bytes, .\build\rtx_mempool.o(.emb_text), UNUSED)

<P><STRONG><a name="[374]"></a>__asm___13_rtx_mempool_c_7914b4c7__atomic_dec16_nz</STRONG> (Thumb, 26 bytes, Stack size 0 bytes, .\build\rtx_mempool.o(.emb_text), UNUSED)

<P><STRONG><a name="[2f3]"></a>__asm___13_rtx_mempool_c_7914b4c7__atomic_link_get</STRONG> (Thumb, 26 bytes, Stack size 0 bytes, .\build\rtx_mempool.o(.emb_text))
<BR><BR>[Called By]<UL><LI><a href="#[2ba]">&gt;&gt;</a>&nbsp;&nbsp;&nbsp;osRtxMemoryPoolAlloc
</UL>

<P><STRONG><a name="[11f]"></a>__asm___13_rtx_mempool_c_7914b4c7__atomic_link_put</STRONG> (Thumb, 28 bytes, Stack size 0 bytes, .\build\rtx_mempool.o(.emb_text))
<BR><BR>[Calls]<UL><LI><a href="#[11f]">&gt;&gt;</a>&nbsp;&nbsp;&nbsp;__asm___13_rtx_mempool_c_7914b4c7__atomic_link_put
</UL>
<BR>[Called By]<UL><LI><a href="#[2f5]">&gt;&gt;</a>&nbsp;&nbsp;&nbsp;osRtxMemoryPoolFree
<LI><a href="#[11f]">&gt;&gt;</a>&nbsp;&nbsp;&nbsp;__asm___13_rtx_mempool_c_7914b4c7__atomic_link_put
</UL>

<P><STRONG><a name="[1e7]"></a>__asm___14_rtx_msgqueue_c_ba128ae8__atomic_wr8</STRONG> (Thumb, 16 bytes, Stack size 0 bytes, .\build\rtx_msgqueue.o(.emb_text))
<BR><BR>[Called By]<UL><LI><a href="#[1e5]">&gt;&gt;</a>&nbsp;&nbsp;&nbsp;MessageQueueGet
</UL>

<P><STRONG><a name="[375]"></a>__asm___14_rtx_msgqueue_c_ba128ae8__atomic_set32</STRONG> (Thumb, 20 bytes, Stack size 0 bytes, .\build\rtx_msgqueue.o(.emb_text), UNUSED)

<P><STRONG><a name="[376]"></a>__asm___14_rtx_msgqueue_c_ba128ae8__atomic_clr32</STRONG> (Thumb, 22 bytes, Stack size 0 bytes, .\build\rtx_msgqueue.o(.emb_text), UNUSED)

<P><STRONG><a name="[377]"></a>__asm___14_rtx_msgqueue_c_ba128ae8__atomic_chk32_all</STRONG> (Thumb, 38 bytes, Stack size 0 bytes, .\build\rtx_msgqueue.o(.emb_text), UNUSED)

<P><STRONG><a name="[378]"></a>__asm___14_rtx_msgqueue_c_ba128ae8__atomic_chk32_any</STRONG> (Thumb, 34 bytes, Stack size 0 bytes, .\build\rtx_msgqueue.o(.emb_text), UNUSED)

<P><STRONG><a name="[1e9]"></a>__asm___14_rtx_msgqueue_c_ba128ae8__atomic_inc32</STRONG> (Thumb, 18 bytes, Stack size 0 bytes, .\build\rtx_msgqueue.o(.emb_text))
<BR><BR>[Called By]<UL><LI><a href="#[1e8]">&gt;&gt;</a>&nbsp;&nbsp;&nbsp;MessageQueuePut
</UL>

<P><STRONG><a name="[379]"></a>__asm___14_rtx_msgqueue_c_ba128ae8__atomic_inc16_lt</STRONG> (Thumb, 30 bytes, Stack size 0 bytes, .\build\rtx_msgqueue.o(.emb_text), UNUSED)

<P><STRONG><a name="[37a]"></a>__asm___14_rtx_msgqueue_c_ba128ae8__atomic_inc16_lim</STRONG> (Thumb, 26 bytes, Stack size 0 bytes, .\build\rtx_msgqueue.o(.emb_text), UNUSED)

<P><STRONG><a name="[37b]"></a>__asm___14_rtx_msgqueue_c_ba128ae8__atomic_dec32</STRONG> (Thumb, 18 bytes, Stack size 0 bytes, .\build\rtx_msgqueue.o(.emb_text), UNUSED)

<P><STRONG><a name="[1e6]"></a>__asm___14_rtx_msgqueue_c_ba128ae8__atomic_dec32_nz</STRONG> (Thumb, 26 bytes, Stack size 0 bytes, .\build\rtx_msgqueue.o(.emb_text))
<BR><BR>[Called By]<UL><LI><a href="#[1e5]">&gt;&gt;</a>&nbsp;&nbsp;&nbsp;MessageQueueGet
</UL>

<P><STRONG><a name="[37c]"></a>__asm___14_rtx_msgqueue_c_ba128ae8__atomic_dec16_nz</STRONG> (Thumb, 26 bytes, Stack size 0 bytes, .\build\rtx_msgqueue.o(.emb_text), UNUSED)

<P><STRONG><a name="[37d]"></a>__asm___14_rtx_msgqueue_c_ba128ae8__atomic_link_get</STRONG> (Thumb, 26 bytes, Stack size 0 bytes, .\build\rtx_msgqueue.o(.emb_text), UNUSED)

<P><STRONG><a name="[120]"></a>__asm___14_rtx_msgqueue_c_ba128ae8__atomic_link_put</STRONG> (Thumb, 28 bytes, Stack size 0 bytes, .\build\rtx_msgqueue.o(.emb_text), UNUSED)
<BR><BR>[Calls]<UL><LI><a href="#[120]">&gt;&gt;</a>&nbsp;&nbsp;&nbsp;__asm___14_rtx_msgqueue_c_ba128ae8__atomic_link_put
</UL>
<BR>[Called By]<UL><LI><a href="#[120]">&gt;&gt;</a>&nbsp;&nbsp;&nbsp;__asm___14_rtx_msgqueue_c_ba128ae8__atomic_link_put
</UL>

<P><STRONG><a name="[37e]"></a>__asm___15_rtx_semaphore_c_c705bb47__atomic_wr8</STRONG> (Thumb, 16 bytes, Stack size 0 bytes, .\build\rtx_semaphore.o(.emb_text), UNUSED)

<P><STRONG><a name="[37f]"></a>__asm___15_rtx_semaphore_c_c705bb47__atomic_set32</STRONG> (Thumb, 20 bytes, Stack size 0 bytes, .\build\rtx_semaphore.o(.emb_text), UNUSED)

<P><STRONG><a name="[380]"></a>__asm___15_rtx_semaphore_c_c705bb47__atomic_clr32</STRONG> (Thumb, 22 bytes, Stack size 0 bytes, .\build\rtx_semaphore.o(.emb_text), UNUSED)

<P><STRONG><a name="[381]"></a>__asm___15_rtx_semaphore_c_c705bb47__atomic_chk32_all</STRONG> (Thumb, 38 bytes, Stack size 0 bytes, .\build\rtx_semaphore.o(.emb_text), UNUSED)

<P><STRONG><a name="[382]"></a>__asm___15_rtx_semaphore_c_c705bb47__atomic_chk32_any</STRONG> (Thumb, 34 bytes, Stack size 0 bytes, .\build\rtx_semaphore.o(.emb_text), UNUSED)

<P><STRONG><a name="[383]"></a>__asm___15_rtx_semaphore_c_c705bb47__atomic_inc32</STRONG> (Thumb, 18 bytes, Stack size 0 bytes, .\build\rtx_semaphore.o(.emb_text), UNUSED)

<P><STRONG><a name="[384]"></a>__asm___15_rtx_semaphore_c_c705bb47__atomic_inc16_lt</STRONG> (Thumb, 30 bytes, Stack size 0 bytes, .\build\rtx_semaphore.o(.emb_text), UNUSED)

<P><STRONG><a name="[385]"></a>__asm___15_rtx_semaphore_c_c705bb47__atomic_inc16_lim</STRONG> (Thumb, 26 bytes, Stack size 0 bytes, .\build\rtx_semaphore.o(.emb_text), UNUSED)

<P><STRONG><a name="[386]"></a>__asm___15_rtx_semaphore_c_c705bb47__atomic_dec32</STRONG> (Thumb, 18 bytes, Stack size 0 bytes, .\build\rtx_semaphore.o(.emb_text), UNUSED)

<P><STRONG><a name="[387]"></a>__asm___15_rtx_semaphore_c_c705bb47__atomic_dec32_nz</STRONG> (Thumb, 26 bytes, Stack size 0 bytes, .\build\rtx_semaphore.o(.emb_text), UNUSED)

<P><STRONG><a name="[1f2]"></a>__asm___15_rtx_semaphore_c_c705bb47__atomic_dec16_nz</STRONG> (Thumb, 26 bytes, Stack size 0 bytes, .\build\rtx_semaphore.o(.emb_text))
<BR><BR>[Called By]<UL><LI><a href="#[1f1]">&gt;&gt;</a>&nbsp;&nbsp;&nbsp;SemaphoreTokenDecrement
</UL>

<P><STRONG><a name="[388]"></a>__asm___15_rtx_semaphore_c_c705bb47__atomic_link_get</STRONG> (Thumb, 26 bytes, Stack size 0 bytes, .\build\rtx_semaphore.o(.emb_text), UNUSED)

<P><STRONG><a name="[121]"></a>__asm___15_rtx_semaphore_c_c705bb47__atomic_link_put</STRONG> (Thumb, 28 bytes, Stack size 0 bytes, .\build\rtx_semaphore.o(.emb_text), UNUSED)
<BR><BR>[Calls]<UL><LI><a href="#[121]">&gt;&gt;</a>&nbsp;&nbsp;&nbsp;__asm___15_rtx_semaphore_c_c705bb47__atomic_link_put
</UL>
<BR>[Called By]<UL><LI><a href="#[121]">&gt;&gt;</a>&nbsp;&nbsp;&nbsp;__asm___15_rtx_semaphore_c_c705bb47__atomic_link_put
</UL>

<P><STRONG><a name="[389]"></a>__asm___12_rtx_system_c_024f2f18__atomic_wr8</STRONG> (Thumb, 16 bytes, Stack size 0 bytes, .\build\rtx_system.o(.emb_text), UNUSED)

<P><STRONG><a name="[38a]"></a>__asm___12_rtx_system_c_024f2f18__atomic_set32</STRONG> (Thumb, 20 bytes, Stack size 0 bytes, .\build\rtx_system.o(.emb_text), UNUSED)

<P><STRONG><a name="[38b]"></a>__asm___12_rtx_system_c_024f2f18__atomic_clr32</STRONG> (Thumb, 22 bytes, Stack size 0 bytes, .\build\rtx_system.o(.emb_text), UNUSED)

<P><STRONG><a name="[38c]"></a>__asm___12_rtx_system_c_024f2f18__atomic_chk32_all</STRONG> (Thumb, 38 bytes, Stack size 0 bytes, .\build\rtx_system.o(.emb_text), UNUSED)

<P><STRONG><a name="[38d]"></a>__asm___12_rtx_system_c_024f2f18__atomic_chk32_any</STRONG> (Thumb, 34 bytes, Stack size 0 bytes, .\build\rtx_system.o(.emb_text), UNUSED)

<P><STRONG><a name="[38e]"></a>__asm___12_rtx_system_c_024f2f18__atomic_inc32</STRONG> (Thumb, 18 bytes, Stack size 0 bytes, .\build\rtx_system.o(.emb_text), UNUSED)

<P><STRONG><a name="[2c0]"></a>__asm___12_rtx_system_c_024f2f18__atomic_inc16_lt</STRONG> (Thumb, 30 bytes, Stack size 0 bytes, .\build\rtx_system.o(.emb_text))
<BR><BR>[Called By]<UL><LI><a href="#[2bf]">&gt;&gt;</a>&nbsp;&nbsp;&nbsp;isr_queue_put
</UL>

<P><STRONG><a name="[2be]"></a>__asm___12_rtx_system_c_024f2f18__atomic_inc16_lim</STRONG> (Thumb, 26 bytes, Stack size 0 bytes, .\build\rtx_system.o(.emb_text))
<BR><BR>[Called By]<UL><LI><a href="#[2bf]">&gt;&gt;</a>&nbsp;&nbsp;&nbsp;isr_queue_put
<LI><a href="#[2bc]">&gt;&gt;</a>&nbsp;&nbsp;&nbsp;isr_queue_get
</UL>

<P><STRONG><a name="[38f]"></a>__asm___12_rtx_system_c_024f2f18__atomic_dec32</STRONG> (Thumb, 18 bytes, Stack size 0 bytes, .\build\rtx_system.o(.emb_text), UNUSED)

<P><STRONG><a name="[390]"></a>__asm___12_rtx_system_c_024f2f18__atomic_dec32_nz</STRONG> (Thumb, 26 bytes, Stack size 0 bytes, .\build\rtx_system.o(.emb_text), UNUSED)

<P><STRONG><a name="[2bd]"></a>__asm___12_rtx_system_c_024f2f18__atomic_dec16_nz</STRONG> (Thumb, 26 bytes, Stack size 0 bytes, .\build\rtx_system.o(.emb_text))
<BR><BR>[Called By]<UL><LI><a href="#[2bc]">&gt;&gt;</a>&nbsp;&nbsp;&nbsp;isr_queue_get
</UL>

<P><STRONG><a name="[391]"></a>__asm___12_rtx_system_c_024f2f18__atomic_link_get</STRONG> (Thumb, 26 bytes, Stack size 0 bytes, .\build\rtx_system.o(.emb_text), UNUSED)

<P><STRONG><a name="[122]"></a>__asm___12_rtx_system_c_024f2f18__atomic_link_put</STRONG> (Thumb, 28 bytes, Stack size 0 bytes, .\build\rtx_system.o(.emb_text), UNUSED)
<BR><BR>[Calls]<UL><LI><a href="#[122]">&gt;&gt;</a>&nbsp;&nbsp;&nbsp;__asm___12_rtx_system_c_024f2f18__atomic_link_put
</UL>
<BR>[Called By]<UL><LI><a href="#[122]">&gt;&gt;</a>&nbsp;&nbsp;&nbsp;__asm___12_rtx_system_c_024f2f18__atomic_link_put
</UL>

<P><STRONG><a name="[392]"></a>__asm___12_rtx_thread_c_add96be5__atomic_wr8</STRONG> (Thumb, 16 bytes, Stack size 0 bytes, .\build\rtx_thread.o(.emb_text), UNUSED)

<P><STRONG><a name="[1fb]"></a>__asm___12_rtx_thread_c_add96be5__atomic_set32</STRONG> (Thumb, 20 bytes, Stack size 0 bytes, .\build\rtx_thread.o(.emb_text))
<BR><BR>[Called By]<UL><LI><a href="#[1fa]">&gt;&gt;</a>&nbsp;&nbsp;&nbsp;ThreadFlagsSet
</UL>

<P><STRONG><a name="[393]"></a>__asm___12_rtx_thread_c_add96be5__atomic_clr32</STRONG> (Thumb, 22 bytes, Stack size 0 bytes, .\build\rtx_thread.o(.emb_text), UNUSED)

<P><STRONG><a name="[1f8]"></a>__asm___12_rtx_thread_c_add96be5__atomic_chk32_all</STRONG> (Thumb, 38 bytes, Stack size 0 bytes, .\build\rtx_thread.o(.emb_text))
<BR><BR>[Called By]<UL><LI><a href="#[1f7]">&gt;&gt;</a>&nbsp;&nbsp;&nbsp;ThreadFlagsCheck
</UL>

<P><STRONG><a name="[1f9]"></a>__asm___12_rtx_thread_c_add96be5__atomic_chk32_any</STRONG> (Thumb, 34 bytes, Stack size 0 bytes, .\build\rtx_thread.o(.emb_text))
<BR><BR>[Called By]<UL><LI><a href="#[1f7]">&gt;&gt;</a>&nbsp;&nbsp;&nbsp;ThreadFlagsCheck
</UL>

<P><STRONG><a name="[394]"></a>__asm___12_rtx_thread_c_add96be5__atomic_inc32</STRONG> (Thumb, 18 bytes, Stack size 0 bytes, .\build\rtx_thread.o(.emb_text), UNUSED)

<P><STRONG><a name="[395]"></a>__asm___12_rtx_thread_c_add96be5__atomic_inc16_lt</STRONG> (Thumb, 30 bytes, Stack size 0 bytes, .\build\rtx_thread.o(.emb_text), UNUSED)

<P><STRONG><a name="[396]"></a>__asm___12_rtx_thread_c_add96be5__atomic_inc16_lim</STRONG> (Thumb, 26 bytes, Stack size 0 bytes, .\build\rtx_thread.o(.emb_text), UNUSED)

<P><STRONG><a name="[397]"></a>__asm___12_rtx_thread_c_add96be5__atomic_dec32</STRONG> (Thumb, 18 bytes, Stack size 0 bytes, .\build\rtx_thread.o(.emb_text), UNUSED)

<P><STRONG><a name="[398]"></a>__asm___12_rtx_thread_c_add96be5__atomic_dec32_nz</STRONG> (Thumb, 26 bytes, Stack size 0 bytes, .\build\rtx_thread.o(.emb_text), UNUSED)

<P><STRONG><a name="[399]"></a>__asm___12_rtx_thread_c_add96be5__atomic_dec16_nz</STRONG> (Thumb, 26 bytes, Stack size 0 bytes, .\build\rtx_thread.o(.emb_text), UNUSED)

<P><STRONG><a name="[39a]"></a>__asm___12_rtx_thread_c_add96be5__atomic_link_get</STRONG> (Thumb, 26 bytes, Stack size 0 bytes, .\build\rtx_thread.o(.emb_text), UNUSED)

<P><STRONG><a name="[123]"></a>__asm___12_rtx_thread_c_add96be5__atomic_link_put</STRONG> (Thumb, 28 bytes, Stack size 0 bytes, .\build\rtx_thread.o(.emb_text), UNUSED)
<BR><BR>[Calls]<UL><LI><a href="#[123]">&gt;&gt;</a>&nbsp;&nbsp;&nbsp;__asm___12_rtx_thread_c_add96be5__atomic_link_put
</UL>
<BR>[Called By]<UL><LI><a href="#[123]">&gt;&gt;</a>&nbsp;&nbsp;&nbsp;__asm___12_rtx_thread_c_add96be5__atomic_link_put
</UL>

<P><STRONG><a name="[12]"></a>HardFault_Handler</STRONG> (Thumb, 6 bytes, Stack size 0 bytes, .\build\except.o(.text))
<BR><BR>[Stack]<UL><LI>Max Depth = 560 + Unknown Stack Size
<LI>Call Chain = HardFault_Handler &rArr; Fault_Handler &rArr; mbed_fault_handler &rArr; mbed_error &rArr; print_error_report &rArr; mbed_error_puts &rArr; write &rArr; get_fhc(int) &rArr; get_console(int) &rArr; default_console() &rArr; DirectSerial::DirectSerial(PinName, PinName, int) &rArr; serial_init &rArr; serial_preinit &rArr; pin_location &rArr; error &rArr;  print_error_report (Cycle)
</UL>
<BR>[Calls]<UL><LI><a href="#[124]">&gt;&gt;</a>&nbsp;&nbsp;&nbsp;Fault_Handler
</UL>
<BR>[Address Reference Count : 1]<UL><LI> startup_efm32gg11.o(RESET)
</UL>
<P><STRONG><a name="[39b]"></a>_maybe_terminate_alloc</STRONG> (Thumb, 0 bytes, Stack size 0 bytes, C:\Keil_v5\ARM\ARMCC\Bin\..\lib\armlib\c_w.l(maybetermalloc2.o)(.emb_text), UNUSED)

<P><STRONG><a name="[13]"></a>MemManage_Handler</STRONG> (Thumb, 6 bytes, Stack size 0 bytes, .\build\except.o(.text))
<BR><BR>[Stack]<UL><LI>Max Depth = 560 + Unknown Stack Size
<LI>Call Chain = MemManage_Handler &rArr; Fault_Handler &rArr; mbed_fault_handler &rArr; mbed_error &rArr; print_error_report &rArr; mbed_error_puts &rArr; write &rArr; get_fhc(int) &rArr; get_console(int) &rArr; default_console() &rArr; DirectSerial::DirectSerial(PinName, PinName, int) &rArr; serial_init &rArr; serial_preinit &rArr; pin_location &rArr; error &rArr;  print_error_report (Cycle)
</UL>
<BR>[Calls]<UL><LI><a href="#[124]">&gt;&gt;</a>&nbsp;&nbsp;&nbsp;Fault_Handler
</UL>
<BR>[Address Reference Count : 1]<UL><LI> startup_efm32gg11.o(RESET)
</UL>
<P><STRONG><a name="[14]"></a>BusFault_Handler</STRONG> (Thumb, 6 bytes, Stack size 0 bytes, .\build\except.o(.text))
<BR><BR>[Stack]<UL><LI>Max Depth = 560 + Unknown Stack Size
<LI>Call Chain = BusFault_Handler &rArr; Fault_Handler &rArr; mbed_fault_handler &rArr; mbed_error &rArr; print_error_report &rArr; mbed_error_puts &rArr; write &rArr; get_fhc(int) &rArr; get_console(int) &rArr; default_console() &rArr; DirectSerial::DirectSerial(PinName, PinName, int) &rArr; serial_init &rArr; serial_preinit &rArr; pin_location &rArr; error &rArr;  print_error_report (Cycle)
</UL>
<BR>[Calls]<UL><LI><a href="#[124]">&gt;&gt;</a>&nbsp;&nbsp;&nbsp;Fault_Handler
</UL>
<BR>[Address Reference Count : 1]<UL><LI> startup_efm32gg11.o(RESET)
</UL>
<P><STRONG><a name="[15]"></a>UsageFault_Handler</STRONG> (Thumb, 6 bytes, Stack size 0 bytes, .\build\except.o(.text))
<BR>[Address Reference Count : 1]<UL><LI> startup_efm32gg11.o(RESET)
</UL>
<P><STRONG><a name="[124]"></a>Fault_Handler</STRONG> (Thumb, 168 bytes, Stack size 0 bytes, .\build\except.o(.text))
<BR><BR>[Stack]<UL><LI>Max Depth = 560 + Unknown Stack Size
<LI>Call Chain = Fault_Handler &rArr; mbed_fault_handler &rArr; mbed_error &rArr; print_error_report &rArr; mbed_error_puts &rArr; write &rArr; get_fhc(int) &rArr; get_console(int) &rArr; default_console() &rArr; DirectSerial::DirectSerial(PinName, PinName, int) &rArr; serial_init &rArr; serial_preinit &rArr; pin_location &rArr; error &rArr;  print_error_report (Cycle)
</UL>
<BR>[Calls]<UL><LI><a href="#[125]">&gt;&gt;</a>&nbsp;&nbsp;&nbsp;mbed_fault_handler
</UL>
<BR>[Called By]<UL><LI><a href="#[14]">&gt;&gt;</a>&nbsp;&nbsp;&nbsp;BusFault_Handler
<LI><a href="#[13]">&gt;&gt;</a>&nbsp;&nbsp;&nbsp;MemManage_Handler
<LI><a href="#[12]">&gt;&gt;</a>&nbsp;&nbsp;&nbsp;HardFault_Handler
</UL>

[...]
</UL>

<P><STRONG><a name="[31b]"></a>serial_leuart_baud</STRONG> (Thumb, 180 bytes, Stack size 24 bytes, .\build\serial_api.o(i.serial_leuart_baud))
<BR><BR>[Stack]<UL><LI>Max Depth = 160<LI>Call Chain = serial_leuart_baud &rArr; CMU_ClockSelectSet &rArr; EMU_VScaleEM01ByClock &rArr; EMU_VScaleEM01 &rArr; CMU_UpdateWaitStates &rArr; setRamWaitState
</UL>
<BR>[Calls]<UL><LI><a href="#[228]">&gt;&gt;</a>&nbsp;&nbsp;&nbsp;mbed_assert_internal
<LI><a href="#[19a]">&gt;&gt;</a>&nbsp;&nbsp;&nbsp;CMU_ClockSelectSet
<LI><a href="#[185]">&gt;&gt;</a>&nbsp;&nbsp;&nbsp;CMU_ClockDivSet
<LI><a href="#[1df]">&gt;&gt;</a>&nbsp;&nbsp;&nbsp;LEUART_BaudrateSet
<LI><a href="#[324]">&gt;&gt;</a>&nbsp;&nbsp;&nbsp;serial_get_clock
</UL>
<BR>[Called By]<UL><LI><a href="#[221]">&gt;&gt;</a>&nbsp;&nbsp;&nbsp;serial_baud
</UL>

<P><STRONG><a name="[320]"></a>serial_pointer_get_index</STRONG> (Thumb, 148 bytes, Stack size 0 bytes, .\build\serial_api.o(i.serial_pointer_get_index))
<BR><BR>[Called By]<UL><LI><a href="#[2c2]">&gt;&gt;</a>&nbsp;&nbsp;&nbsp;uart_irq
<LI><a href="#[31e]">&gt;&gt;</a>&nbsp;&nbsp;&nbsp;serial_get_index
</UL>

<P><STRONG><a name="[328]"></a>serial_rx_abort_asynch_intern</STRONG> (Thumb, 182 bytes, Stack size 16 bytes, .\build\serial_api.o(i.serial_rx_abort_asynch_intern))
<BR><BR>[Stack]<UL><LI>Max Depth = 584 + Unknown Stack Size
<LI>Call Chain = serial_rx_abort_asynch_intern &rArr; serial_unblock_sleep &rArr; sleep_manager_unlock_deep_sleep_internal &rArr; mbed_error &rArr; print_error_report &rArr; mbed_error_puts &rArr; write &rArr; get_fhc(int) &rArr; get_console(int) &rArr; default_console() &rArr; DirectSerial::DirectSerial(PinName, PinName, int) &rArr; serial_init &rArr; serial_preinit &rArr; pin_location &rArr; error &rArr;  print_error_report (Cycle)
</UL>
<BR>[Calls]<UL><LI><a href="#[334]">&gt;&gt;</a>&nbsp;&nbsp;&nbsp;dma_channel_free
<LI><a href="#[1da]">&gt;&gt;</a>&nbsp;&nbsp;&nbsp;LDMA_StopTransfer
<LI><a href="#[336]">&gt;&gt;</a>&nbsp;&nbsp;&nbsp;USART_IntDisable
<LI><a href="#[337]">&gt;&gt;</a>&nbsp;&nbsp;&nbsp;USART_IntClear
<LI><a href="#[335]">&gt;&gt;</a>&nbsp;&nbsp;&nbsp;LEUART_IntDisable
<LI><a href="#[2c3]">&gt;&gt;</a>&nbsp;&nbsp;&nbsp;LEUART_IntClear
<LI><a href="#[338]">&gt;&gt;</a>&nbsp;&nbsp;&nbsp;serial_unblock_sleep
</UL>
<BR>[Called By]<UL><LI><a href="#[32a]">&gt;&gt;</a>&nbsp;&nbsp;&nbsp;serial_rx_irq_handler_asynch
<LI><a href="#[229]">&gt;&gt;</a>&nbsp;&nbsp;&nbsp;serial_irq_handler_asynch
</UL>

<P><STRONG><a name="[326]"></a>serial_set_route</STRONG> (Thumb, 236 bytes, Stack size 0 bytes, .\build\serial_api.o(i.serial_set_route))
<BR><BR>[Called By]<UL><LI><a href="#[220]">&gt;&gt;</a>&nbsp;&nbsp;&nbsp;serial_init
</UL>

<P><STRONG><a name="[329]"></a>serial_tx_abort_asynch_intern</STRONG> (Thumb, 128 bytes, Stack size 16 bytes, .\build\serial_api.o(i.serial_tx_abort_asynch_intern))
<BR><BR>[Stack]<UL><LI>Max Depth = 584 + Unknown Stack Size
<LI>Call Chain = serial_tx_abort_asynch_intern &rArr; serial_unblock_sleep &rArr; sleep_manager_unlock_deep_sleep_internal &rArr; mbed_error &rArr; print_error_report &rArr; mbed_error_puts &rArr; write &rArr; get_fhc(int) &rArr; get_console(int) &rArr; default_console() &rArr; DirectSerial::DirectSerial(PinName, PinName, int) &rArr; serial_init &rArr; serial_preinit &rArr; pin_location &rArr; error &rArr;  print_error_report (Cycle)
</UL>
<BR>[Calls]<UL><LI><a href="#[334]">&gt;&gt;</a>&nbsp;&nbsp;&nbsp;dma_channel_free
<LI><a href="#[1da]">&gt;&gt;</a>&nbsp;&nbsp;&nbsp;LDMA_StopTransfer
<LI><a href="#[336]">&gt;&gt;</a>&nbsp;&nbsp;&nbsp;USART_IntDisable
<LI><a href="#[337]">&gt;&gt;</a>&nbsp;&nbsp;&nbsp;USART_IntClear
<LI><a href="#[335]">&gt;&gt;</a>&nbsp;&nbsp;&nbsp;LEUART_IntDisable
<LI><a href="#[2c3]">&gt;&gt;</a>&nbsp;&nbsp;&nbsp;LEUART_IntClear
<LI><a href="#[338]">&gt;&gt;</a>&nbsp;&nbsp;&nbsp;serial_unblock_sleep
</UL>
<BR>[Called By]<UL><LI><a href="#[32c]">&gt;&gt;</a>&nbsp;&nbsp;&nbsp;serial_tx_irq_handler_asynch
<LI><a href="#[229]">&gt;&gt;</a>&nbsp;&nbsp;&nbsp;serial_irq_handler_asynch
</UL>

<P><STRONG><a name="[338]"></a>serial_unblock_sleep</STRONG> (Thumb, 48 bytes, Stack size 8 bytes, .\build\serial_api.o(i.serial_unblock_sleep))
<BR><BR>[Stack]<UL><LI>Max Depth = 568 + Unknown Stack Size
<LI>Call Chain = serial_unblock_sleep &rArr; sleep_manager_unlock_deep_sleep_internal &rArr; mbed_error &rArr; print_error_report &rArr; mbed_error_puts &rArr; write &rArr; get_fhc(int) &rArr; get_console(int) &rArr; default_console() &rArr; DirectSerial::DirectSerial(PinName, PinName, int) &rArr; serial_init &rArr; serial_preinit &rArr; pin_location &rArr; error &rArr;  print_error_report (Cycle)
</UL>
<BR>[Calls]<UL><LI><a href="#[1dd]">&gt;&gt;</a>&nbsp;&nbsp;&nbsp;LEUART_BaudrateGet
<LI><a href="#[216]">&gt;&gt;</a>&nbsp;&nbsp;&nbsp;sleep_manager_unlock_deep_sleep_internal
</UL>
<BR>[Called By]<UL><LI><a href="#[329]">&gt;&gt;</a>&nbsp;&nbsp;&nbsp;serial_tx_abort_asynch_intern
<LI><a href="#[328]">&gt;&gt;</a>&nbsp;&nbsp;&nbsp;serial_rx_abort_asynch_intern
</UL>

<P><STRONG><a name="[8b]"></a>uart0_rx_irq</STRONG> (Thumb, 12 bytes, Stack size 8 bytes, .\build\serial_api.o(i.uart0_rx_irq))
<BR><BR>[Stack]<UL><LI>Max Depth = 24<LI>Call Chain = uart0_rx_irq &rArr; uart_irq
</UL>
<BR>[Calls]<UL><LI><a href="#[2c2]">&gt;&gt;</a>&nbsp;&nbsp;&nbsp;uart_irq
</UL>
<BR>[Address Reference Count : 1]<UL><LI> serial_api.o(i.serial_preinit)
</UL>
<P><STRONG><a name="[8c]"></a>uart0_tx_irq</STRONG> (Thumb, 20 bytes, Stack size 8 bytes, .\build\serial_api.o(i.uart0_tx_irq))
<BR><BR>[Stack]<UL><LI>Max Depth = 24<LI>Call Chain = uart0_tx_irq &rArr; uart_irq
</UL>
<BR>[Calls]<UL><LI><a href="#[337]">&gt;&gt;</a>&nbsp;&nbsp;&nbsp;USART_IntClear
<LI><a href="#[2c2]">&gt;&gt;</a>&nbsp;&nbsp;&nbsp;uart_irq
</UL>
<BR>[Address Reference Count : 1]<UL><LI> serial_api.o(i.serial_preinit)
</UL>
<P><STRONG><a name="[8d]"></a>uart1_rx_irq</STRONG> (Thumb, 12 bytes, Stack size 8 bytes, .\build\serial_api.o(i.uart1_rx_irq))
<BR><BR>[Stack]<UL><LI>Max Depth = 24<LI>Call Chain = uart1_rx_irq &rArr; uart_irq
</UL>
<BR>[Calls]<UL><LI><a href="#[2c2]">&gt;&gt;</a>&nbsp;&nbsp;&nbsp;uart_irq
</UL>
<BR>[Address Reference Count : 1]<UL><LI> serial_api.o(i.serial_preinit)
</UL>
<P><STRONG><a name="[8e]"></a>uart1_tx_irq</STRONG> (Thumb, 20 bytes, Stack size 8 bytes, .\build\serial_api.o(i.uart1_tx_irq))
<BR><BR>[Stack]<UL><LI>Max Depth = 24<LI>Call Chain = uart1_tx_irq &rArr; uart_irq
</UL>
<BR>[Calls]<UL><LI><a href="#[337]">&gt;&gt;</a>&nbsp;&nbsp;&nbsp;USART_IntClear
<LI><a href="#[2c2]">&gt;&gt;</a>&nbsp;&nbsp;&nbsp;uart_irq
</UL>
<BR>[Address Reference Count : 1]<UL><LI> serial_api.o(i.serial_preinit)
</UL>
<P><STRONG><a name="[325]"></a>uart_init</STRONG> (Thumb, 276 bytes, Stack size 48 bytes, .\build\serial_api.o(i.uart_init))
<BR><BR>[Stack]<UL><LI>Max Depth = 224<LI>Call Chain = uart_init &rArr; serial_baud &rArr; serial_leuart_baud &rArr; CMU_ClockSelectSet &rArr; EMU_VScaleEM01ByClock &rArr; EMU_VScaleEM01 &rArr; CMU_UpdateWaitStates &rArr; setRamWaitState
</UL>
<BR>[Calls]<UL><LI><a href="#[1e2]">&gt;&gt;</a>&nbsp;&nbsp;&nbsp;LEUART_Init
<LI><a href="#[1fd]">&gt;&gt;</a>&nbsp;&nbsp;&nbsp;USART_InitAsync
<LI><a href="#[221]">&gt;&gt;</a>&nbsp;&nbsp;&nbsp;serial_baud
<LI><a href="#[156]">&gt;&gt;</a>&nbsp;&nbsp;&nbsp;__aeabi_memcpy4
</UL>
<BR>[Called By]<UL><LI><a href="#[220]">&gt;&gt;</a>&nbsp;&nbsp;&nbsp;serial_init
</UL>

<P><STRONG><a name="[2c2]"></a>uart_irq</STRONG> (Thumb, 38 bytes, Stack size 16 bytes, .\build\serial_api.o(i.uart_irq))
<BR><BR>[Stack]<UL><LI>Max Depth = 16<LI>Call Chain = uart_irq
</UL>
<BR>[Calls]<UL><LI><a href="#[320]">&gt;&gt;</a>&nbsp;&nbsp;&nbsp;serial_pointer_get_index
</UL>
<BR>[Called By]<UL><LI><a href="#[9a]">&gt;&gt;</a>&nbsp;&nbsp;&nbsp;usart5_tx_irq
<LI><a href="#[99]">&gt;&gt;</a>&nbsp;&nbsp;&nbsp;usart5_rx_irq
<LI><a href="#[98]">&gt;&gt;</a>&nbsp;&nbsp;&nbsp;usart4_tx_irq
<LI><a href="#[97]">&gt;&gt;</a>&nbsp;&nbsp;&nbsp;usart4_rx_irq
<LI><a href="#[96]">&gt;&gt;</a>&nbsp;&nbsp;&nbsp;usart3_tx_irq
<LI><a href="#[95]">&gt;&gt;</a>&nbsp;&nbsp;&nbsp;usart3_rx_irq
<LI><a href="#[94]">&gt;&gt;</a>&nbsp;&nbsp;&nbsp;usart2_tx_irq
<LI><a href="#[93]">&gt;&gt;</a>&nbsp;&nbsp;&nbsp;usart2_rx_irq
<LI><a href="#[92]">&gt;&gt;</a>&nbsp;&nbsp;&nbsp;usart1_tx_irq
<LI><a href="#[91]">&gt;&gt;</a>&nbsp;&nbsp;&nbsp;usart1_rx_irq
<LI><a href="#[90]">&gt;&gt;</a>&nbsp;&nbsp;&nbsp;usart0_tx_irq
<LI><a href="#[8f]">&gt;&gt;</a>&nbsp;&nbsp;&nbsp;usart0_rx_irq
<LI><a href="#[8e]">&gt;&gt;</a>&nbsp;&nbsp;&nbsp;uart1_tx_irq
<LI><a href="#[8d]">&gt;&gt;</a>&nbsp;&nbsp;&nbsp;uart1_rx_irq
<LI><a href="#[8c]">&gt;&gt;</a>&nbsp;&nbsp;&nbsp;uart0_tx_irq
<LI><a href="#[8b]">&gt;&gt;</a>&nbsp;&nbsp;&nbsp;uart0_rx_irq
<LI><a href="#[9c]">&gt;&gt;</a>&nbsp;&nbsp;&nbsp;leuart1_irq
<LI><a href="#[9b]">&gt;&gt;</a>&nbsp;&nbsp;&nbsp;leuart0_irq
</UL>

<P><STRONG><a name="[8f]"></a>usart0_rx_irq</STRONG> (Thumb, 12 bytes, Stack size 8 bytes, .\build\serial_api.o(i.usart0_rx_irq))
<BR><BR>[Stack]<UL><LI>Max Depth = 24<LI>Call Chain = usart0_rx_irq &rArr; uart_irq
</UL>
<BR>[Calls]<UL><LI><a href="#[2c2]">&gt;&gt;</a>&nbsp;&nbsp;&nbsp;uart_irq
</UL>
<BR>[Address Reference Count : 1]<UL><LI> serial_api.o(i.serial_preinit)
</UL>
<P><STRONG><a name="[90]"></a>usart0_tx_irq</STRONG> (Thumb, 20 bytes, Stack size 8 bytes, .\build\serial_api.o(i.usart0_tx_irq))
<BR><BR>[Stack]<UL><LI>Max Depth = 24<LI>Call Chain = usart0_tx_irq &rArr; uart_irq
</UL>
<BR>[Calls]<UL><LI><a href="#[337]">&gt;&gt;</a>&nbsp;&nbsp;&nbsp;USART_IntClear
<LI><a href="#[2c2]">&gt;&gt;</a>&nbsp;&nbsp;&nbsp;uart_irq
</UL>
<BR>[Address Reference Count : 1]<UL><LI> serial_api.o(i.serial_preinit)
</UL>
<P><STRONG><a name="[91]"></a>usart1_rx_irq</STRONG> (Thumb, 12 bytes, Stack size 8 bytes, .\build\serial_api.o(i.usart1_rx_irq))
<BR><BR>[Stack]<UL><LI>Max Depth = 24<LI>Call Chain = usart1_rx_irq &rArr; uart_irq
</UL>
<BR>[Calls]<UL><LI><a href="#[2c2]">&gt;&gt;</a>&nbsp;&nbsp;&nbsp;uart_irq
</UL>
<BR>[Address Reference Count : 1]<UL><LI> serial_api.o(i.serial_preinit)
</UL>
<P><STRONG><a name="[92]"></a>usart1_tx_irq</STRONG> (Thumb, 20 bytes, Stack size 8 bytes, .\build\serial_api.o(i.usart1_tx_irq))
<BR><BR>[Stack]<UL><LI>Max Depth = 24<LI>Call Chain = usart1_tx_irq &rArr; uart_irq
</UL>
<BR>[Calls]<UL><LI><a href="#[337]">&gt;&gt;</a>&nbsp;&nbsp;&nbsp;USART_IntClear
<LI><a href="#[2c2]">&gt;&gt;</a>&nbsp;&nbsp;&nbsp;uart_irq
</UL>
<BR>[Address Reference Count : 1]<UL><LI> serial_api.o(i.serial_preinit)
</UL>
<P><STRONG><a name="[93]"></a>usart2_rx_irq</STRONG> (Thumb, 12 bytes, Stack size 8 bytes, .\build\serial_api.o(i.usart2_rx_irq))
<BR><BR>[Stack]<UL><LI>Max Depth = 24<LI>Call Chain = usart2_rx_irq &rArr; uart_irq
</UL>
<BR>[Calls]<UL><LI><a href="#[2c2]">&gt;&gt;</a>&nbsp;&nbsp;&nbsp;uart_irq
</UL>
<BR>[Address Reference Count : 1]<UL><LI> serial_api.o(i.serial_preinit)
</UL>
<P><STRONG><a name="[94]"></a>usart2_tx_irq</STRONG> (Thumb, 20 bytes, Stack size 8 bytes, .\build\serial_api.o(i.usart2_tx_irq))
<BR><BR>[Stack]<UL><LI>Max Depth = 24<LI>Call Chain = usart2_tx_irq &rArr; uart_irq
</UL>
<BR>[Calls]<UL><LI><a href="#[337]">&gt;&gt;</a>&nbsp;&nbsp;&nbsp;USART_IntClear
<LI><a href="#[2c2]">&gt;&gt;</a>&nbsp;&nbsp;&nbsp;uart_irq
</UL>
<BR>[Address Reference Count : 1]<UL><LI> serial_api.o(i.serial_preinit)
</UL>
<P><STRONG><a name="[95]"></a>usart3_rx_irq</STRONG> (Thumb, 12 bytes, Stack size 8 bytes, .\build\serial_api.o(i.usart3_rx_irq))
<BR><BR>[Stack]<UL><LI>Max Depth = 24<LI>Call Chain = usart3_rx_irq &rArr; uart_irq
</UL>
<BR>[Calls]<UL><LI><a href="#[2c2]">&gt;&gt;</a>&nbsp;&nbsp;&nbsp;uart_irq
</UL>
<BR>[Address Reference Count : 1]<UL><LI> serial_api.o(i.serial_preinit)
</UL>
<P><STRONG><a name="[96]"></a>usart3_tx_irq</STRONG> (Thumb, 20 bytes, Stack size 8 bytes, .\build\serial_api.o(i.usart3_tx_irq))
<BR><BR>[Stack]<UL><LI>Max Depth = 24<LI>Call Chain = usart3_tx_irq &rArr; uart_irq
</UL>
<BR>[Calls]<UL><LI><a href="#[337]">&gt;&gt;</a>&nbsp;&nbsp;&nbsp;USART_IntClear
<LI><a href="#[2c2]">&gt;&gt;</a>&nbsp;&nbsp;&nbsp;uart_irq
</UL>
<BR>[Address Reference Count : 1]<UL><LI> serial_api.o(i.serial_preinit)
</UL>
<P><STRONG><a name="[97]"></a>usart4_rx_irq</STRONG> (Thumb, 12 bytes, Stack size 8 bytes, .\build\serial_api.o(i.usart4_rx_irq))
<BR><BR>[Stack]<UL><LI>Max Depth = 24<LI>Call Chain = usart4_rx_irq &rArr; uart_irq
</UL>
<BR>[Calls]<UL><LI><a href="#[2c2]">&gt;&gt;</a>&nbsp;&nbsp;&nbsp;uart_irq
</UL>
<BR>[Address Reference Count : 1]<UL><LI> serial_api.o(i.serial_preinit)
</UL>
<P><STRONG><a name="[98]"></a>usart4_tx_irq</STRONG> (Thumb, 20 bytes, Stack size 8 bytes, .\build\serial_api.o(i.usart4_tx_irq))
<BR><BR>[Stack]<UL><LI>Max Depth = 24<LI>Call Chain = usart4_tx_irq &rArr; uart_irq
</UL>
<BR>[Calls]<UL><LI><a href="#[337]">&gt;&gt;</a>&nbsp;&nbsp;&nbsp;USART_IntClear
<LI><a href="#[2c2]">&gt;&gt;</a>&nbsp;&nbsp;&nbsp;uart_irq
</UL>
<BR>[Address Reference Count : 1]<UL><LI> serial_api.o(i.serial_preinit)
</UL>
<P><STRONG><a name="[99]"></a>usart5_rx_irq</STRONG> (Thumb, 12 bytes, Stack size 8 bytes, .\build\serial_api.o(i.usart5_rx_irq))
<BR><BR>[Stack]<UL><LI>Max Depth = 24<LI>Call Chain = usart5_rx_irq &rArr; uart_irq
</UL>
<BR>[Calls]<UL><LI><a href="#[2c2]">&gt;&gt;</a>&nbsp;&nbsp;&nbsp;uart_irq
</UL>
<BR>[Address Reference Count : 1]<UL><LI> serial_api.o(i.serial_preinit)
</UL>
<P><STRONG><a name="[9a]"></a>usart5_tx_irq</STRONG> (Thumb, 20 bytes, Stack size 8 bytes, .\build\serial_api.o(i.usart5_tx_irq))
<BR><BR>[Stack]<UL><LI>Max Depth = 24<LI>Call Chain = usart5_tx_irq &rArr; uart_irq
</UL>
<BR>[Calls]<UL><LI><a href="#[337]">&gt;&gt;</a>&nbsp;&nbsp;&nbsp;USART_IntClear
<LI><a href="#[2c2]">&gt;&gt;</a>&nbsp;&nbsp;&nbsp;uart_irq
</UL>
<BR>[Address Reference Count : 1]<UL><LI> serial_api.o(i.serial_preinit)
</UL>
<P><STRONG><a name="[67]"></a>&lang;Func4&rang;</STRONG> (Thumb, 14 bytes, Stack size 8 bytes, .\build\serialbase.o(i.<Func4>))
<BR><BR>[Stack]<UL><LI>Max Depth = 16<LI>Call Chain = &lang;Func4&rang; &rArr; mbed::Callback&lang;void()&rang;::Callback(void(*)())
</UL>
<BR>[Calls]<UL><LI><a href="#[183]">&gt;&gt;</a>&nbsp;&nbsp;&nbsp;mbed::Callback&lang;void()&rang;::Callback(void(*)())
</UL>
<BR>[Address Reference Count : 1]<UL><LI> serialbase.o(i._ZN4mbed10SerialBaseC1E7PinNameS1_i)
</UL>
<P><STRONG><a name="[e6]"></a>__sti___7_SPI_cpp_ab1f1164</STRONG> (Thumb, 46 bytes, Stack size 16 bytes, .\build\spi.o(i.__sti___7_SPI_cpp_ab1f1164))
<BR><BR>[Stack]<UL><LI>Max Depth = 40<LI>Call Chain = __sti___7_SPI_cpp_ab1f1164 &rArr; __aeabi_vec_ctor_nocookie_nodtor
</UL>
<BR>[Calls]<UL><LI><a href="#[20b]">&gt;&gt;</a>&nbsp;&nbsp;&nbsp;__aeabi_atexit
<LI><a href="#[232]">&gt;&gt;</a>&nbsp;&nbsp;&nbsp;__aeabi_vec_ctor_nocookie_nodtor
</UL>
<BR>[Address Reference Count : 1]<UL><LI> spi.o(.init_array)
</UL>
<P><STRONG><a name="[34a]"></a>TIMER_Enable</STRONG> (Thumb, 80 bytes, Stack size 0 bytes, .\build\us_ticker.o(i.TIMER_Enable))
<BR><BR>[Called By]<UL><LI><a href="#[ac]">&gt;&gt;</a>&nbsp;&nbsp;&nbsp;us_ticker_init
<LI><a href="#[b2]">&gt;&gt;</a>&nbsp;&nbsp;&nbsp;us_ticker_free
</UL>

<P><STRONG><a name="[348]"></a>TIMER_IntClear</STRONG> (Thumb, 4 bytes, Stack size 0 bytes, .\build\us_ticker.o(i.TIMER_IntClear))
<BR><BR>[Called By]<UL><LI><a href="#[b0]">&gt;&gt;</a>&nbsp;&nbsp;&nbsp;us_ticker_set_interrupt
<LI><a href="#[ac]">&gt;&gt;</a>&nbsp;&nbsp;&nbsp;us_ticker_init
<LI><a href="#[af]">&gt;&gt;</a>&nbsp;&nbsp;&nbsp;us_ticker_clear_interrupt
</UL>

<P><STRONG><a name="[349]"></a>TIMER_IntDisable</STRONG> (Thumb, 8 bytes, Stack size 0 bytes, .\build\us_ticker.o(i.TIMER_IntDisable))
<BR><BR>[Called By]<UL><LI><a href="#[b0]">&gt;&gt;</a>&nbsp;&nbsp;&nbsp;us_ticker_set_interrupt
<LI><a href="#[ae]">&gt;&gt;</a>&nbsp;&nbsp;&nbsp;us_ticker_disable_interrupt
</UL>

<P><STRONG><a name="[34b]"></a>TIMER_MaxCount</STRONG> (Thumb, 38 bytes, Stack size 0 bytes, .\build\us_ticker.o(i.TIMER_MaxCount))
<BR><BR>[Called By]<UL><LI><a href="#[b0]">&gt;&gt;</a>&nbsp;&nbsp;&nbsp;us_ticker_set_interrupt
<LI><a href="#[ac]">&gt;&gt;</a>&nbsp;&nbsp;&nbsp;us_ticker_init
</UL>

<P><STRONG><a name="[e7]"></a>__sti___8_main_cpp_pc</STRONG> (Thumb, 76 bytes, Stack size 16 bytes, .\build\main.o(i.__sti___8_main_cpp_pc))
<BR><BR>[Stack]<UL><LI>Max Depth = 848 + Unknown Stack Size
<LI>Call Chain = __sti___8_main_cpp_pc &rArr; mbed::Serial::Serial(PinName, PinName, const char*, int) &rArr; mbed::Stream::Stream__sub_object(const char*) &rArr; mbed::fdopen(mbed::FileHandle*, const char*) &rArr; fdopen &rArr; fopen &rArr; _freopen_locked &rArr; _sys_open &rArr; open &rArr; mbed::FilePath::FilePath(const char*) &rArr; mbed::FileBase::lookup(const char*, unsigned) &rArr; rtos::Mutex::unlock() &rArr; mbed_error &rArr; print_error_report &rArr; mbed_error_puts &rArr; write &rArr; get_fhc(int) &rArr; get_console(int) &rArr; default_console() &rArr; DirectSerial::DirectSerial(PinName, PinName, int) &rArr; serial_init &rArr; serial_preinit &rArr; pin_location &rArr; error &rArr;  print_error_report (Cycle)
</UL>
<BR>[Calls]<UL><LI><a href="#[20b]">&gt;&gt;</a>&nbsp;&nbsp;&nbsp;__aeabi_atexit
<LI><a href="#[255]">&gt;&gt;</a>&nbsp;&nbsp;&nbsp;mbed::I2C::I2C(PinName, PinName)
<LI><a href="#[224]">&gt;&gt;</a>&nbsp;&nbsp;&nbsp;mbed::DigitalOut::DigitalOut(PinName)
<LI><a href="#[25a]">&gt;&gt;</a>&nbsp;&nbsp;&nbsp;mbed::Serial::Serial(PinName, PinName, const char*, int)
</UL>
<BR>[Address Reference Count : 1]<UL><LI> main.o(.init_array)
</UL>
<P><STRONG><a name="[12c]"></a>Heap1_SizeAdjust</STRONG> (Thumb, 8 bytes, Stack size 0 bytes, C:\Keil_v5\ARM\ARMCC\Bin\..\lib\armlib\c_w.l(h1_alloc_mt.o)(.text))
<BR><BR>[Called By]<UL><LI><a href="#[12b]">&gt;&gt;</a>&nbsp;&nbsp;&nbsp;_malloc_internal
</UL>

<P><STRONG><a name="[151]"></a>_freopen_locked</STRONG> (Thumb, 174 bytes, Stack size 32 bytes, C:\Keil_v5\ARM\ARMCC\Bin\..\lib\armlib\c_w.l(fopen_locked.o)(.text))
<BR><BR>[Stack]<UL><LI>Max Depth = 712 + Unknown Stack Size
<LI>Call Chain = _freopen_locked &rArr; _sys_open &rArr; open &rArr; mbed::FilePath::FilePath(const char*) &rArr; mbed::FileBase::lookup(const char*, unsigned) &rArr; rtos::Mutex::unlock() &rArr; mbed_error &rArr; print_error_report &rArr; mbed_error_puts &rArr; write &rArr; get_fhc(int) &rArr; get_console(int) &rArr; default_console() &rArr; DirectSerial::DirectSerial(PinName, PinName, int) &rArr; serial_init &rArr; serial_preinit &rArr; pin_location &rArr; error &rArr;  print_error_report (Cycle)
</UL>
<BR>[Calls]<UL><LI><a href="#[ec]">&gt;&gt;</a>&nbsp;&nbsp;&nbsp;_mutex_release
<LI><a href="#[e9]">&gt;&gt;</a>&nbsp;&nbsp;&nbsp;_mutex_acquire
<LI><a href="#[152]">&gt;&gt;</a>&nbsp;&nbsp;&nbsp;_sys_open
<LI><a href="#[149]">&gt;&gt;</a>&nbsp;&nbsp;&nbsp;_fclose_internal
<LI><a href="#[142]">&gt;&gt;</a>&nbsp;&nbsp;&nbsp;_fseek
</UL>
<BR>[Called By]<UL><LI><a href="#[154]">&gt;&gt;</a>&nbsp;&nbsp;&nbsp;fopen
<LI><a href="#[153]">&gt;&gt;</a>&nbsp;&nbsp;&nbsp;freopen
</UL>

<P><STRONG><a name="[15e]"></a>_fp_digits</STRONG> (Thumb, 432 bytes, Stack size 96 bytes, C:\Keil_v5\ARM\ARMCC\Bin\..\lib\armlib\c_w.l(_printf_fp_dec.o)(.text))
<BR><BR>[Stack]<UL><LI>Max Depth = 220<LI>Call Chain = _fp_digits &rArr; _btod_etento &rArr; _btod_emul &rArr; _e2e
</UL>
<BR>[Calls]<UL><LI><a href="#[162]">&gt;&gt;</a>&nbsp;&nbsp;&nbsp;_btod_emul
<LI><a href="#[161]">&gt;&gt;</a>&nbsp;&nbsp;&nbsp;_btod_ediv
<LI><a href="#[160]">&gt;&gt;</a>&nbsp;&nbsp;&nbsp;_btod_d2e
<LI><a href="#[15f]">&gt;&gt;</a>&nbsp;&nbsp;&nbsp;_btod_etento
<LI><a href="#[163]">&gt;&gt;</a>&nbsp;&nbsp;&nbsp;_ll_udiv10
</UL>
<BR>[Called By]<UL><LI><a href="#[164]">&gt;&gt;</a>&nbsp;&nbsp;&nbsp;_printf_fp_dec_real
</UL>

<P><STRONG><a name="[62]"></a>_printf_input_char</STRONG> (Thumb, 10 bytes, Stack size 0 bytes, C:\Keil_v5\ARM\ARMCC\Bin\..\lib\armlib\c_w.l(_printf_char_common.o)(.text))
<BR>[Address Reference Count : 1]<UL><LI> _printf_char_common.o(.text)
</UL><P>
<H3>
Undefined Global Symbols
</H3><HR></body></html>
