<html>
<body>
<pre>
<h1>µVision Build Log</h1>
<h2>Tool Versions:</h2>
IDE-Version: µVision V5.25.2.0
Copyright (C) 2018 ARM Ltd and ARM Germany GmbH. All rights reserved.
License Information: Peter Foy, Arrow, LIC=V859V-8YEW8-38ALB-KSEL2-NJ0C2-Q06LT
 
Tool Versions:
Toolchain:       MDK-ARM Professional  Version: 5.25.2.0
Toolchain Path:  C:\Keil_v5\ARM\ARMCC\Bin
C Compiler:      Armcc.exe V5.06 update 6 (build 750)
Assembler:       Armasm.exe V5.06 update 6 (build 750)
Linker/Locator:  ArmLink.exe V5.06 update 6 (build 750)
Library Manager: ArmAr.exe V5.06 update 6 (build 750)
Hex Converter:   FromElf.exe V5.06 update 6 (build 750)
CPU DLL:         
Dialog DLL:      DCM.DLL V1.17.1.0
Target DLL:      Segger\JL2CM3.dll V2.99.29.0
Dialog DLL:      TCM.DLL V1.35.1.0
 
<h2>Project:</h2>
C:\mbed-cli\workspace\giant_gecko\mbed-os-example-blinky\mbed-os-example-blinky.uvprojx
Project File Date:  01/29/2019

<h2>Output:</h2>
*** Using Compiler 'V5.06 update 6 (build 750)', folder: 'C:\Keil_v5\ARM\ARMCC\Bin'
Build target 'mbed-os-example-blinky'
compiling main.cpp...
linking...
Program Size: Code=58420 RO-data=7684 RW-data=2616 ZI-data=89368  
".\BUILD\mbed-os-example-blinky.axf" - 0 Error(s), 0 Warning(s).

<h2>Software Packages used:</h2>

Package Vendor: SiliconLabs
                https://www.silabs.com/documents/public/cmsis-packs/SiliconLabs.EFM32GG11B_DFP.5.7.0.pack
                SiliconLabs.EFM32GG11B_DFP.5.7.0
                Silicon Labs EFM32GG11B Giant Gecko Series Device Support.

<h2>Collection of Component include folders:</h2>
  .\RTE\_mbed-os-example-blinky
  C:\Keil_v5\ARM\PACK\SiliconLabs\EFM32GG11B_DFP\5.7.0\Device\SiliconLabs\EFM32GG11B\Include

<h2>Collection of Component Files used:</h2>
Build Time Elapsed:  00:00:20
</pre>
</body>
</html>
